+ node node_modules/vitest/vitest.mjs run --config ./vitest.config.ts --reporter=default --reporter=junit --outputFile=/tmp/junit.EmSHT7qS tests/catalog/calibre.test.ts tests/catalog/effect.test.ts tests/catalog/envelope.test.ts tests/catalog/hazard.test.ts tests/catalog/inventory.test.ts tests/catalog/lift.test.ts tests/catalog/magazine.test.ts tests/catalog/palette.test.ts tests/catalog/parse.test.ts tests/catalog/registry.test.ts tests/catalog/substitute.test.ts tests/catalog/timing.test.ts tests/catalog/validate.test.ts tests/cli/args.test.ts tests/cli/commands.test.ts tests/cli/command.test.ts tests/cli/completion.test.ts tests/cli/diffHazard.test.ts tests/cli/distance.test.ts tests/cli/label.test.ts tests/cli/lint.test.ts tests/cli/permitContinuity.test.ts tests/cli/planLayout.test.ts tests/cli/preview.test.ts tests/cli/sheetInventory.test.ts tests/compile.test.ts tests/core/codes.test.ts tests/core/collect.test.ts tests/core/csv.test.ts tests/core/diagnostic.test.ts tests/core/graph.test.ts tests/core/ids.test.ts tests/core/interval.test.ts tests/core/numeric.test.ts tests/core/result.test.ts tests/core/rng.test.ts tests/core/span.test.ts tests/core/text.test.ts tests/core/timecode.test.ts tests/core/units.test.ts tests/coverage.test.ts tests/endToEnd.test.ts tests/examples.test.ts tests/export/explain.test.ts tests/export/firingTable.test.ts tests/export/json.test.ts tests/export/pack.test.ts tests/export/permit.test.ts tests/export/sheets.test.ts tests/export/siteplan.test.ts tests/large.test.ts tests/rig/allocate.test.ts tests/rig/circuit.test.ts tests/rig/continuity.test.ts tests/rig/layout.test.ts tests/rig/module.test.ts tests/rig/parse.test.ts tests/rig/pin.test.ts tests/rig/redundancy.test.ts tests/rig/rig.test.ts tests/rig/wiring.test.ts tests/robust.test.ts tests/safety/crowd.test.ts tests/safety/distance.test.ts tests/safety/noise.test.ts tests/safety/rules.test.ts tests/safety/site.test.ts tests/safety/wind.test.ts tests/script/annotate.test.ts tests/script/ast.test.ts tests/script/expand.test.ts tests/script/format.test.ts tests/script/include.test.ts tests/script/lint.test.ts tests/script/parser.test.ts tests/script/renumber.test.ts tests/script/resolve.test.ts tests/script/token.test.ts tests/sim/preview.test.ts tests/sim/trajectory.test.ts tests/surface.test.ts tests/timeline/balance.test.ts tests/timeline/chain.test.ts tests/timeline/density.test.ts tests/timeline/diff.test.ts tests/timeline/load.test.ts tests/timeline/misfire.test.ts tests/timeline/quantise.test.ts tests/timeline/rehearsal.test.ts tests/timeline/schedule.test.ts tests/timeline/sync.test.ts tests/version.test.ts

 RUN  v2.1.8 /app

 ✓ tests/rig/redundancy.test.ts (32 tests) 132ms
 ✓ tests/coverage.test.ts (38 tests) 173ms
 ✓ tests/cli/commands.test.ts (28 tests) 368ms
 ✓ tests/script/parser.test.ts (38 tests) 140ms
 ✓ tests/compile.test.ts (30 tests) 149ms
 ✓ tests/safety/noise.test.ts (28 tests) 65ms
 ✓ tests/safety/rules.test.ts (22 tests) 58ms
 ✓ tests/rig/wiring.test.ts (24 tests) 88ms
 ✓ tests/rig/continuity.test.ts (25 tests) 63ms
 ✓ tests/safety/crowd.test.ts (32 tests) 70ms
 ✓ tests/timeline/diff.test.ts (18 tests) 54ms
 ✓ tests/script/expand.test.ts (24 tests) 78ms
 ✓ tests/timeline/load.test.ts (19 tests) 42ms
 ✓ tests/cli/permitContinuity.test.ts (22 tests) 217ms
 ✓ tests/endToEnd.test.ts (31 tests) 566ms
 ✓ tests/robust.test.ts (137 tests) 848ms
 ✓ tests/timeline/chain.test.ts (18 tests) 157ms
 ✓ tests/catalog/substitute.test.ts (23 tests) 121ms
 ✓ tests/rig/layout.test.ts (19 tests) 50ms
 ✓ tests/export/permit.test.ts (22 tests) 37ms
 ✓ tests/cli/sheetInventory.test.ts (19 tests) 261ms
 ✓ tests/cli/planLayout.test.ts (24 tests) 350ms
 ✓ tests/timeline/sync.test.ts (25 tests) 84ms
 ✓ tests/catalog/parse.test.ts (20 tests) 60ms
 ✓ tests/timeline/misfire.test.ts (20 tests) 20ms
 ✓ tests/cli/command.test.ts (25 tests) 55ms
 ✓ tests/timeline/density.test.ts (18 tests) 50ms
 ✓ tests/catalog/palette.test.ts (25 tests) 65ms
 ✓ tests/cli/args.test.ts (30 tests) 16ms
 ✓ tests/rig/allocate.test.ts (16 tests) 27ms
 ✓ tests/timeline/schedule.test.ts (18 tests) 26ms
 ✓ tests/core/timecode.test.ts (32 tests) 28ms
 ✓ tests/timeline/balance.test.ts (22 tests) 24ms
 ✓ tests/timeline/rehearsal.test.ts (18 tests) 45ms
 ✓ tests/core/diagnostic.test.ts (19 tests) 35ms
 ✓ tests/script/resolve.test.ts (22 tests) 47ms
 ✓ tests/catalog/hazard.test.ts (23 tests) 21ms
 ✓ tests/export/json.test.ts (21 tests) 28ms
 ✓ tests/script/renumber.test.ts (22 tests) 33ms
 ✓ tests/core/text.test.ts (34 tests) 18ms
 ✓ tests/script/lint.test.ts (22 tests) 39ms
 ✓ tests/rig/parse.test.ts (26 tests) 12ms
 ✓ tests/core/rng.test.ts (29 tests) 128ms
 ✓ tests/catalog/validate.test.ts (23 tests) 30ms
 ✓ tests/rig/rig.test.ts (27 tests) 77ms
 ✓ tests/examples.test.ts (17 tests) 250ms
 ✓ tests/timeline/quantise.test.ts (17 tests) 18ms
 ✓ tests/cli/diffHazard.test.ts (16 tests) 64ms
 ✓ tests/export/explain.test.ts (19 tests) 28ms
 ✓ tests/catalog/inventory.test.ts (20 tests) 43ms
 ✓ tests/export/pack.test.ts (16 tests) 106ms
 ✓ tests/safety/wind.test.ts (26 tests) 19ms
 ✓ tests/version.test.ts (25 tests) 21ms
 ✓ tests/catalog/effect.test.ts (20 tests) 23ms
 ✓ tests/core/span.test.ts (26 tests) 31ms
 ✓ tests/export/siteplan.test.ts (14 tests) 32ms
 ✓ tests/export/firingTable.test.ts (19 tests) 24ms
 ✓ tests/script/token.test.ts (24 tests) 17ms
 ✓ tests/catalog/registry.test.ts (21 tests) 26ms
 ✓ tests/core/result.test.ts (26 tests) 25ms
 ✓ tests/script/include.test.ts (17 tests) 26ms
 ✓ tests/catalog/envelope.test.ts (21 tests) 28ms
 ✓ tests/script/format.test.ts (21 tests) 29ms
 ✓ tests/cli/lint.test.ts (19 tests) 22ms
 ✓ tests/core/interval.test.ts (29 tests) 18ms
 ✓ tests/safety/distance.test.ts (20 tests) 16ms
 ✓ tests/sim/preview.test.ts (19 tests) 41ms
 ✓ tests/export/sheets.test.ts (20 tests) 12ms
 ✓ tests/catalog/timing.test.ts (22 tests) 10ms
 ✓ tests/core/numeric.test.ts (27 tests) 23ms
 ✓ tests/script/annotate.test.ts (15 tests) 17ms
 ✓ tests/core/ids.test.ts (25 tests) 11ms
 ✓ tests/rig/pin.test.ts (23 tests) 13ms
 ✓ tests/rig/circuit.test.ts (24 tests) 13ms
 ✓ tests/core/codes.test.ts (17 tests) 63ms
 ✓ tests/core/csv.test.ts (28 tests) 37ms
 ✓ tests/script/ast.test.ts (19 tests) 12ms
 ✓ tests/core/graph.test.ts (22 tests) 20ms
 ✓ tests/catalog/calibre.test.ts (19 tests) 14ms
 ✓ tests/rig/module.test.ts (19 tests) 13ms
 ✓ tests/safety/site.test.ts (19 tests) 10ms
 ✓ tests/catalog/magazine.test.ts (14 tests) 9ms
 ✓ tests/cli/distance.test.ts (17 tests) 24ms
 ✓ tests/core/units.test.ts (21 tests) 23ms
 ✓ tests/catalog/lift.test.ts (18 tests) 10ms
 ✓ tests/sim/trajectory.test.ts (20 tests) 777ms
   ✓ trajectoryFor > agrees with the table across the range 347ms
 ✓ tests/cli/label.test.ts (13 tests) 43ms
 ✓ tests/cli/preview.test.ts (9 tests) 38ms
 ✓ tests/large.test.ts (11 tests) 541ms
 ✓ tests/core/collect.test.ts (12 tests) 14ms
 ✓ tests/cli/completion.test.ts (14 tests) 41ms
 ✓ tests/surface.test.ts (7 tests) 9ms

 Test Files  92 passed (92)
      Tests  2117 passed (2117)
   Start at  18:18:11
   Duration  28.11s (transform 5.43s, setup 0ms, collect 26.52s, tests 7.76s, environment 49ms, prepare 15.83s)

JUNIT report written to /tmp/junit.EmSHT7qS
+ node node_modules/vitest/vitest.mjs run --config ./vitest.config.ts --reporter=default --reporter=junit --outputFile=/tmp/junit.4gKMEzPL tests/timeline/panelClock.test.ts tests/cli/morningAfter.test.ts

 RUN  v2.1.8 /app

 ❯ tests/timeline/panelClock.test.ts (47 tests | 2 failed) 67ms
   × gradeLog on the panel's clock > takes the pre roll off a log time before comparing 15ms
     → expected 4070 to be 10 // Object.is equality
   × gradeLog on the panel's clock > reads a log written in show time as early by the whole pre roll 4ms
     → expected [] to have a length of 3 but got +0
 ❯ tests/cli/morningAfter.test.ts (26 tests | 4 failed) 58ms
   × rehearse --log > passes a log that matches the table on the panel's clock 23ms
     → expected 'warning PF3412: 01.01 shell.150 close…' to be '' // Object.is equality
   × rehearse --log > lets one frame pass without a word 1ms
     → expected 'warning PF3412: 01.01 shell.150 close…' to be '' // Object.is equality
   × rehearse --log > takes a tolerance in milliseconds 2ms
     → expected 'warning PF3412: 01.01 shell.150 close…' to be '' // Object.is equality
   × rehearse --log > skips a row that will not read and grades the rest 5ms
     → expected 'error PF1421: dryrun.csv line 4 has n…' not to contain 'warning'

⎯⎯⎯⎯⎯⎯⎯ Failed Tests 6 ⎯⎯⎯⎯⎯⎯⎯

 FAIL  tests/cli/morningAfter.test.ts > rehearse --log > passes a log that matches the table on the panel's clock
AssertionError: expected 'warning PF3412: 01.01 shell.150 close…' to be '' // Object.is equality

- Expected
+ Received

+ warning PF3412: 01.01 shell.150 closed +4070ms from its time
+ help: a late output on a busy module is usually the module past its simultaneous limit
+
+ warning PF3412: 01.02 mine.100 closed +4060ms from its time
+ help: a late output on a busy module is usually the module past its simultaneous limit
+
+ warning PF3412: 02.01 gerb.silver closed +4060ms from its time
+ help: a late output on a busy module is usually the module past its simultaneous limit

 ❯ tests/cli/morningAfter.test.ts:84:24
     82|     expect(rehearse(env)).toBe(EXIT_OK);
     83|     expect(env.stdout.length).toBeGreaterThan(0);
     84|     expect(env.stderr).toBe("");
       |                        ^
     85|   });
     86| 

⎯⎯⎯⎯⎯⎯⎯⎯⎯⎯⎯⎯⎯⎯⎯⎯⎯⎯⎯⎯⎯⎯⎯⎯[1/6]⎯

 FAIL  tests/cli/morningAfter.test.ts > rehearse --log > lets one frame pass without a word
AssertionError: expected 'warning PF3412: 01.01 shell.150 close…' to be '' // Object.is equality

- Expected
+ Received

+ warning PF3412: 01.01 shell.150 closed +4070ms from its time
+ help: a late output on a busy module is usually the module past its simultaneous limit
+
+ warning PF3412: 01.02 mine.100 closed +4020ms from its time
+ help: a late output on a busy module is usually the module past its simultaneous limit
+
+ warning PF3412: 02.01 gerb.silver closed +4100ms from its time
+ help: a late output on a busy module is usually the module past its simultaneous limit

 ❯ tests/cli/morningAfter.test.ts:164:24
    162|     });
    163|     expect(rehearse(env)).toBe(EXIT_OK);
    164|     expect(env.stderr).toBe("");
       |                        ^
    165|   });
    166| 

⎯⎯⎯⎯⎯⎯⎯⎯⎯⎯⎯⎯⎯⎯⎯⎯⎯⎯⎯⎯⎯⎯⎯⎯[2/6]⎯

 FAIL  tests/cli/morningAfter.test.ts > rehearse --log > takes a tolerance in milliseconds
AssertionError: expected 'warning PF3412: 01.01 shell.150 close…' to be '' // Object.is equality

- Expected
+ Received

+ warning PF3412: 01.01 shell.150 closed +4070ms from its time
+ help: a late output on a busy module is usually the module past its simultaneous limit
+
+ warning PF3412: 01.02 mine.100 closed +4260ms from its time
+ help: a late output on a busy module is usually the module past its simultaneous limit
+
+ warning PF3412: 02.01 gerb.silver closed +4060ms from its time
+ help: a late output on a busy module is usually the module past its simultaneous limit

 ❯ tests/cli/morningAfter.test.ts:174:26
    172|     const loose = envWith({ "dryrun.csv": late });
    173|     expect(rehearse(loose, "--tolerance", "250")).toBe(EXIT_OK);
    174|     expect(loose.stderr).toBe("");
       |                          ^
    175|     const strict = envWith({ "dryrun.csv": late });
    176|     expect(rehearse(strict, "--tolerance", "0")).toBe(EXIT_OK);

⎯⎯⎯⎯⎯⎯⎯⎯⎯⎯⎯⎯⎯⎯⎯⎯⎯⎯⎯⎯⎯⎯⎯⎯[3/6]⎯

 FAIL  tests/cli/morningAfter.test.ts > rehearse --log > skips a row that will not read and grades the rest
AssertionError: expected 'error PF1421: dryrun.csv line 4 has n…' not to contain 'warning'

- Expected
+ Received

- warning
+ error PF1421: dryrun.csv line 4 has no readable pin address
+
+ warning PF3412: 01.01 shell.150 closed +4070ms from its time
+ help: a late output on a busy module is usually the module past its simultaneous limit
+
+ warning PF3412: 01.02 mine.100 closed +4060ms from its time
+ help: a late output on a busy module is usually the module past its simultaneous limit
+
+ warning PF3412: 02.01 gerb.silver closed +4060ms from its time
+ help: a late output on a busy module is usually the module past its simultaneous limit

 ❯ tests/cli/morningAfter.test.ts:212:28
    210|     expect(rehearse(env)).toBe(EXIT_SHOW_PROBLEM);
    211|     expect(env.stderr).toContain("error");
    212|     expect(env.stderr).not.toContain("warning");
       |                            ^
    213|     expect(env.stdout.length).toBeGreaterThan(0);
    214|   });

⎯⎯⎯⎯⎯⎯⎯⎯⎯⎯⎯⎯⎯⎯⎯⎯⎯⎯⎯⎯⎯⎯⎯⎯[4/6]⎯

 FAIL  tests/timeline/panelClock.test.ts > gradeLog on the panel's clock > takes the pre roll off a log time before comparing
AssertionError: expected 4070 to be 10 // Object.is equality

- Expected
+ Received

- 10
+ 4070

 ❯ tests/timeline/panelClock.test.ts:189:41
    187|     expect(grade.extra).toEqual([]);
    188|     expect(grade.fired).toHaveLength(3);
    189|     expect(raw(grade.fired[0]!.offset)).toBe(10);
       |                                         ^
    190|     expect(grade.late).toEqual([]);
    191|     expect(grade.early).toEqual([]);

⎯⎯⎯⎯⎯⎯⎯⎯⎯⎯⎯⎯⎯⎯⎯⎯⎯⎯⎯⎯⎯⎯⎯⎯[5/6]⎯

 FAIL  tests/timeline/panelClock.test.ts > gradeLog on the panel's clock > reads a log written in show time as early by the whole pre roll
AssertionError: expected [] to have a length of 3 but got +0

- Expected
+ Received

- 3
+ 0

 ❯ tests/timeline/panelClock.test.ts:201:25
    199|       rowFor(schedule, "02.01", -2030),
    200|     ]);
    201|     expect(grade.early).toHaveLength(3);
       |                         ^
    202|     expect(grade.early.map((match) => raw(match.offset))).toEqual([
    203|       -2030, -2030, -2030,

⎯⎯⎯⎯⎯⎯⎯⎯⎯⎯⎯⎯⎯⎯⎯⎯⎯⎯⎯⎯⎯⎯⎯⎯[6/6]⎯

 Test Files  2 failed (2)
      Tests  6 failed | 67 passed (73)
   Start at  18:18:40
   Duration  1.16s (transform 762ms, setup 0ms, collect 1.30s, tests 125ms, environment 0ms, prepare 186ms)

JUNIT report written to /tmp/junit.4gKMEzPL
