[verifier] no model.patch submitted — grading pristine base state
[verifier] Resetting files touched by test.patch
[verifier] Applying test.patch
===== raw suite output: run.log =====
+ suite -> /verify/reports/base.xml (5 file(s))
[publish] child runs as nobody (uid 65534)
[runner] unittest from /usr/local/lib/python3.12/unittest/__init__.py
[runner] django 5.1.5 from /usr/local/lib/python3.12/site-packages/django/__init__.py
[runner] framework guard: 1086 decision points
refresh token is expired: -86400.000868
INITIAL ORDER SENDING...
{'orderLegCollection': [{'instrument': {'symbol': 'XSP   260326C00600000'}, 'quantity': 1}, {'instrument': {'symbol': 'XSP   260326P00600000'}, 'quantity': 1}], 'price': 5.78}
https://api.schwabapi.com/trader/v1/accounts/offline-account/orders/OFFLINE-1005
Cancelled the order OFFLINE-1005 on the account trader
INITIAL ORDER SENDING...
{'orderLegCollection': [{'instrument': {'symbol': 'XSP   260326C00600000'}, 'quantity': 1}, {'instrument': {'symbol': 'XSP   260326P00600000'}, 'quantity': 1}], 'price': 5.78}
INITIAL ORDER SENDING...
{'orderLegCollection': [{'instrument': {'symbol': 'XSP   260326C00600000'}, 'quantity': 1}, {'instrument': {'symbol': 'XSP   260326P00600000'}, 'quantity': 1}], 'price': 5.78}
getting order status: OFFLINE-1007
INITIAL ORDER SENDING...
{'orderLegCollection': [{'instrument': {'symbol': 'XSP   260326C00600000'}, 'quantity': 1}, {'instrument': {'symbol': 'XSP   260326P00600000'}, 'quantity': 1}], 'price': 5.78}
getting order status: OFFLINE-1008
INITIAL ORDER SENDING...
{'orderLegCollection': [{'instrument': {'symbol': 'XSP   260326C00600000'}, 'quantity': 1}, {'instrument': {'symbol': 'XSP   260326P00600000'}, 'quantity': 1}], 'price': 5.78}
Invalid user: missing-user
auth expired or not performed
auth expired or not performed
auth expired or not performed
auth expired or not performed
[runner] emitted 62 verdict(s)
[publish] wrote /verify/reports/base.xml: 62 case(s), 0 declared id(s) added as failed, child rc 0
+ suite exit 0
+ suite -> /verify/reports/new.xml (2 file(s))
[publish] child runs as nobody (uid 65534)
[runner] unittest from /usr/local/lib/python3.12/unittest/__init__.py
[runner] django 5.1.5 from /usr/local/lib/python3.12/site-packages/django/__init__.py
[runner] framework guard: 1086 decision points
/usr/local/lib/python3.12/site-packages/authlib/integrations/httpx_client/assertion_client.py:5: AuthlibDeprecationWarning: The httpx module is deprecated; please use httpx2 instead.
  from ._compat import httpx2
[runner] test_wind_down (unittest.loader._FailedTest.test_wind_down)
ImportError: Failed to import test module: test_wind_down
Traceback (most recent call last):
  File "/usr/local/lib/python3.12/unittest/loader.py", line 137, in loadTestsFromName
    module = __import__(module_name)
             ^^^^^^^^^^^^^^^^^^^^^^^
  File "/app/tests/test_wind_down.py", line 12, in <module>
    from Engine.straddle import buyback_order, closing_legs, exit_plan
ModuleNotFoundError: No module named 'Engine.straddle'


[runner] test_a_plain_order_books_nothing_underneath (tests.test_paper_targets.PaperTargetBookingTests.test_a_plain_order_books_nothing_underneath)
Traceback (most recent call last):
  File "/app/tests/test_paper_targets.py", line 107, in test_a_plain_order_books_nothing_underneath
    self.assertEqual(offline.paper_child_orders(order_id), [])
                     ^^^^^^^^^^^^^^^^^^^^^^^^^^
AttributeError: module 'Engine.offline' has no attribute 'paper_child_orders'

[runner] test_a_third_target_is_booked_like_the_others (tests.test_paper_targets.PaperTargetBookingTests.test_a_third_target_is_booked_like_the_others)
Traceback (most recent call last):
  File "/app/tests/test_paper_targets.py", line 123, in test_a_third_target_is_booked_like_the_others
    self.assertEqual(len(offline.paper_child_orders(order_id)), 3)
                         ^^^^^^^^^^^^^^^^^^^^^^^^^^
AttributeError: module 'Engine.offline' has no attribute 'paper_child_orders'

[runner] test_an_entry_with_no_target_books_nothing_underneath (tests.test_paper_targets.PaperTargetBookingTests.test_an_entry_with_no_target_books_nothing_underneath)
Traceback (most recent call last):
  File "/app/tests/test_paper_targets.py", line 103, in test_an_entry_with_no_target_books_nothing_underneath
    self.assertEqual(offline.paper_child_orders(order_id), [])
                     ^^^^^^^^^^^^^^^^^^^^^^^^^^
AttributeError: module 'Engine.offline' has no attribute 'paper_child_orders'

[runner] test_an_id_nobody_booked_holds_nothing (tests.test_paper_targets.PaperTargetBookingTests.test_an_id_nobody_booked_holds_nothing)
Traceback (most recent call last):
  File "/app/tests/test_paper_targets.py", line 119, in test_an_id_nobody_booked_holds_nothing
    self.assertEqual(offline.paper_child_orders('OFFLINE-9999'), [])
                     ^^^^^^^^^^^^^^^^^^^^^^^^^^
AttributeError: module 'Engine.offline' has no attribute 'paper_child_orders'

[runner] test_entry_and_target_are_both_reachable_by_id (tests.test_paper_targets.PaperTargetBookingTests.test_entry_and_target_are_both_reachable_by_id)
Traceback (most recent call last):
  File "/app/tests/test_paper_targets.py", line 127, in test_entry_and_target_are_both_reachable_by_id
    child = offline.paper_child_orders(order_id)[0]
            ^^^^^^^^^^^^^^^^^^^^^^^^^^
AttributeError: module 'Engine.offline' has no attribute 'paper_child_orders'

[runner] test_every_target_on_an_entry_is_booked (tests.test_paper_targets.PaperTargetBookingTests.test_every_target_on_an_entry_is_booked)
Traceback (most recent call last):
  File "/app/tests/test_paper_targets.py", line 94, in test_every_target_on_an_entry_is_booked
    self.assertEqual(len(offline.paper_child_orders(order_id)), 2)
                         ^^^^^^^^^^^^^^^^^^^^^^^^^^
AttributeError: module 'Engine.offline' has no attribute 'paper_child_orders'

[runner] test_targets_do_not_share_an_id (tests.test_paper_targets.PaperTargetBookingTests.test_targets_do_not_share_an_id)
Traceback (most recent call last):
  File "/app/tests/test_paper_targets.py", line 98, in test_targets_do_not_share_an_id
    ids = {child['order_id'] for child in offline.paper_child_orders(order_id)}
                                          ^^^^^^^^^^^^^^^^^^^^^^^^^^
AttributeError: module 'Engine.offline' has no attribute 'paper_child_orders'

[runner] test_the_caller_hears_only_about_the_entry (tests.test_paper_targets.PaperTargetBookingTests.test_the_caller_hears_only_about_the_entry)
Traceback (most recent call last):
  File "/app/tests/test_paper_targets.py", line 68, in test_the_caller_hears_only_about_the_entry
    child = offline.paper_child_orders(order_id)[0]
            ^^^^^^^^^^^^^^^^^^^^^^^^^^
AttributeError: module 'Engine.offline' has no attribute 'paper_child_orders'

[runner] test_the_target_belongs_to_whoever_sent_the_entry (tests.test_paper_targets.PaperTargetBookingTests.test_the_target_belongs_to_whoever_sent_the_entry)
Traceback (most recent call last):
  File "/app/tests/test_paper_targets.py", line 134, in test_the_target_belongs_to_whoever_sent_the_entry
    child = offline.paper_child_orders(order_id)[0]
            ^^^^^^^^^^^^^^^^^^^^^^^^^^
AttributeError: module 'Engine.offline' has no attribute 'paper_child_orders'

[runner] test_the_target_has_an_id_of_its_own (tests.test_paper_targets.PaperTargetBookingTests.test_the_target_has_an_id_of_its_own)
Traceback (most recent call last):
  File "/app/tests/test_paper_targets.py", line 88, in test_the_target_has_an_id_of_its_own
    child = offline.paper_child_orders(order_id)[0]
            ^^^^^^^^^^^^^^^^^^^^^^^^^^
AttributeError: module 'Engine.offline' has no attribute 'paper_child_orders'

[runner] test_the_target_is_booked_under_the_entry (tests.test_paper_targets.PaperTargetBookingTests.test_the_target_is_booked_under_the_entry)
Traceback (most recent call last):
  File "/app/tests/test_paper_targets.py", line 76, in test_the_target_is_booked_under_the_entry
    children = offline.paper_child_orders(order_id)
               ^^^^^^^^^^^^^^^^^^^^^^^^^^
AttributeError: module 'Engine.offline' has no attribute 'paper_child_orders'

[runner] test_the_target_is_working_rather_than_filled (tests.test_paper_targets.PaperTargetBookingTests.test_the_target_is_working_rather_than_filled)
Traceback (most recent call last):
  File "/app/tests/test_paper_targets.py", line 81, in test_the_target_is_working_rather_than_filled
    child = offline.paper_child_orders(order_id)[0]
            ^^^^^^^^^^^^^^^^^^^^^^^^^^
AttributeError: module 'Engine.offline' has no attribute 'paper_child_orders'

[runner] test_two_users_targets_do_not_mix (tests.test_paper_targets.PaperTargetBookingTests.test_two_users_targets_do_not_mix)
Traceback (most recent call last):
  File "/app/tests/test_paper_targets.py", line 112, in test_two_users_targets_do_not_mix
    my_children = [c['order_id'] for c in offline.paper_child_orders(mine)]
                                          ^^^^^^^^^^^^^^^^^^^^^^^^^^
AttributeError: module 'Engine.offline' has no attribute 'paper_child_orders'

[runner] test_one_entry_does_not_pull_another_entry_target (tests.test_paper_targets.PaperTargetCancelTests.test_one_entry_does_not_pull_another_entry_target)
Traceback (most recent call last):
  File "/app/tests/test_paper_targets.py", line 142, in setUp
    self.child_id = offline.paper_child_orders(self.order_id)[0]['order_id']
                    ^^^^^^^^^^^^^^^^^^^^^^^^^^
AttributeError: module 'Engine.offline' has no attribute 'paper_child_orders'

[runner] test_pulling_an_entry_pulls_every_target_on_it (tests.test_paper_targets.PaperTargetCancelTests.test_pulling_an_entry_pulls_every_target_on_it)
Traceback (most recent call last):
  File "/app/tests/test_paper_targets.py", line 142, in setUp
    self.child_id = offline.paper_child_orders(self.order_id)[0]['order_id']
                    ^^^^^^^^^^^^^^^^^^^^^^^^^^
AttributeError: module 'Engine.offline' has no attribute 'paper_child_orders'

[runner] test_pulling_an_entry_twice_is_still_cancelled (tests.test_paper_targets.PaperTargetCancelTests.test_pulling_an_entry_twice_is_still_cancelled)
Traceback (most recent call last):
  File "/app/tests/test_paper_targets.py", line 142, in setUp
    self.child_id = offline.paper_child_orders(self.order_id)[0]['order_id']
                    ^^^^^^^^^^^^^^^^^^^^^^^^^^
AttributeError: module 'Engine.offline' has no attribute 'paper_child_orders'

[runner] test_pulling_the_entry_pulls_the_target (tests.test_paper_targets.PaperTargetCancelTests.test_pulling_the_entry_pulls_the_target)
Traceback (most recent call last):
  File "/app/tests/test_paper_targets.py", line 142, in setUp
    self.child_id = offline.paper_child_orders(self.order_id)[0]['order_id']
                    ^^^^^^^^^^^^^^^^^^^^^^^^^^
AttributeError: module 'Engine.offline' has no attribute 'paper_child_orders'

[runner] test_pulling_the_entry_still_reports_the_entry_cancelled (tests.test_paper_targets.PaperTargetCancelTests.test_pulling_the_entry_still_reports_the_entry_cancelled)
Traceback (most recent call last):
  File "/app/tests/test_paper_targets.py", line 142, in setUp
    self.child_id = offline.paper_child_orders(self.order_id)[0]['order_id']
                    ^^^^^^^^^^^^^^^^^^^^^^^^^^
AttributeError: module 'Engine.offline' has no attribute 'paper_child_orders'

[runner] test_pulling_the_target_leaves_the_entry_alone (tests.test_paper_targets.PaperTargetCancelTests.test_pulling_the_target_leaves_the_entry_alone)
Traceback (most recent call last):
  File "/app/tests/test_paper_targets.py", line 142, in setUp
    self.child_id = offline.paper_child_orders(self.order_id)[0]['order_id']
                    ^^^^^^^^^^^^^^^^^^^^^^^^^^
AttributeError: module 'Engine.offline' has no attribute 'paper_child_orders'

[runner] test_pulling_the_target_reports_the_target_cancelled (tests.test_paper_targets.PaperTargetCancelTests.test_pulling_the_target_reports_the_target_cancelled)
Traceback (most recent call last):
  File "/app/tests/test_paper_targets.py", line 142, in setUp
    self.child_id = offline.paper_child_orders(self.order_id)[0]['order_id']
                    ^^^^^^^^^^^^^^^^^^^^^^^^^^
AttributeError: module 'Engine.offline' has no attribute 'paper_child_orders'

[runner] test_a_pulled_target_is_reported_pulled (tests.test_paper_targets.PaperTargetSummaryTests.test_a_pulled_target_is_reported_pulled)
Traceback (most recent call last):
  File "/app/tests/test_paper_targets.py", line 193, in setUp
    self.child_id = offline.paper_child_orders(self.order_id)[0]['order_id']
                    ^^^^^^^^^^^^^^^^^^^^^^^^^^
AttributeError: module 'Engine.offline' has no attribute 'paper_child_orders'

[runner] test_a_target_holds_nothing_underneath_itself (tests.test_paper_targets.PaperTargetSummaryTests.test_a_target_holds_nothing_underneath_itself)
Traceback (most recent call last):
  File "/app/tests/test_paper_targets.py", line 193, in setUp
    self.child_id = offline.paper_child_orders(self.order_id)[0]['order_id']
                    ^^^^^^^^^^^^^^^^^^^^^^^^^^
AttributeError: module 'Engine.offline' has no attribute 'paper_child_orders'

[runner] test_a_target_is_not_an_order_of_its_own (tests.test_paper_targets.PaperTargetSummaryTests.test_a_target_is_not_an_order_of_its_own)
Traceback (most recent call last):
  File "/app/tests/test_paper_targets.py", line 193, in setUp
    self.child_id = offline.paper_child_orders(self.order_id)[0]['order_id']
                    ^^^^^^^^^^^^^^^^^^^^^^^^^^
AttributeError: module 'Engine.offline' has no attribute 'paper_child_orders'

[runner] test_a_target_reads_like_any_other_row (tests.test_paper_targets.PaperTargetSummaryTests.test_a_target_reads_like_any_other_row)
Traceback (most recent call last):
  File "/app/tests/test_paper_targets.py", line 193, in setUp
    self.child_id = offline.paper_child_orders(self.order_id)[0]['order_id']
                    ^^^^^^^^^^^^^^^^^^^^^^^^^^
AttributeError: module 'Engine.offline' has no attribute 'paper_child_orders'

[runner] test_an_entry_with_no_target_reports_none (tests.test_paper_targets.PaperTargetSummaryTests.test_an_entry_with_no_target_reports_none)
Traceback (most recent call last):
  File "/app/tests/test_paper_targets.py", line 193, in setUp
    self.child_id = offline.paper_child_orders(self.order_id)[0]['order_id']
                    ^^^^^^^^^^^^^^^^^^^^^^^^^^
AttributeError: module 'Engine.offline' has no attribute 'paper_child_orders'

[runner] test_an_entry_with_two_targets_reports_both (tests.test_paper_targets.PaperTargetSummaryTests.test_an_entry_with_two_targets_reports_both)
Traceback (most recent call last):
  File "/app/tests/test_paper_targets.py", line 193, in setUp
    self.child_id = offline.paper_child_orders(self.order_id)[0]['order_id']
                    ^^^^^^^^^^^^^^^^^^^^^^^^^^
AttributeError: module 'Engine.offline' has no attribute 'paper_child_orders'

[runner] test_another_users_entry_is_not_reported (tests.test_paper_targets.PaperTargetSummaryTests.test_another_users_entry_is_not_reported)
Traceback (most recent call last):
  File "/app/tests/test_paper_targets.py", line 193, in setUp
    self.child_id = offline.paper_child_orders(self.order_id)[0]['order_id']
                    ^^^^^^^^^^^^^^^^^^^^^^^^^^
AttributeError: module 'Engine.offline' has no attribute 'paper_child_orders'

[runner] test_each_entry_reports_its_own_target (tests.test_paper_targets.PaperTargetSummaryTests.test_each_entry_reports_its_own_target)
Traceback (most recent call last):
  File "/app/tests/test_paper_targets.py", line 193, in setUp
    self.child_id = offline.paper_child_orders(self.order_id)[0]['order_id']
                    ^^^^^^^^^^^^^^^^^^^^^^^^^^
AttributeError: module 'Engine.offline' has no attribute 'paper_child_orders'

[runner] test_the_other_user_gets_their_own_row_and_target (tests.test_paper_targets.PaperTargetSummaryTests.test_the_other_user_gets_their_own_row_and_target)
Traceback (most recent call last):
  File "/app/tests/test_paper_targets.py", line 193, in setUp
    self.child_id = offline.paper_child_orders(self.order_id)[0]['order_id']
                    ^^^^^^^^^^^^^^^^^^^^^^^^^^
AttributeError: module 'Engine.offline' has no attribute 'paper_child_orders'

[runner] test_the_reported_target_carries_its_own_id (tests.test_paper_targets.PaperTargetSummaryTests.test_the_reported_target_carries_its_own_id)
Traceback (most recent call last):
  File "/app/tests/test_paper_targets.py", line 193, in setUp
    self.child_id = offline.paper_child_orders(self.order_id)[0]['order_id']
                    ^^^^^^^^^^^^^^^^^^^^^^^^^^
AttributeError: module 'Engine.offline' has no attribute 'paper_child_orders'

[runner] test_the_reported_target_carries_its_own_state (tests.test_paper_targets.PaperTargetSummaryTests.test_the_reported_target_carries_its_own_state)
Traceback (most recent call last):
  File "/app/tests/test_paper_targets.py", line 193, in setUp
    self.child_id = offline.paper_child_orders(self.order_id)[0]['order_id']
                    ^^^^^^^^^^^^^^^^^^^^^^^^^^
AttributeError: module 'Engine.offline' has no attribute 'paper_child_orders'

[runner] test_the_row_reported_is_the_entry (tests.test_paper_targets.PaperTargetSummaryTests.test_the_row_reported_is_the_entry)
Traceback (most recent call last):
  File "/app/tests/test_paper_targets.py", line 193, in setUp
    self.child_id = offline.paper_child_orders(self.order_id)[0]['order_id']
                    ^^^^^^^^^^^^^^^^^^^^^^^^^^
AttributeError: module 'Engine.offline' has no attribute 'paper_child_orders'

[runner] test_the_target_is_reported_inside_the_entry (tests.test_paper_targets.PaperTargetSummaryTests.test_the_target_is_reported_inside_the_entry)
Traceback (most recent call last):
  File "/app/tests/test_paper_targets.py", line 193, in setUp
    self.child_id = offline.paper_child_orders(self.order_id)[0]['order_id']
                    ^^^^^^^^^^^^^^^^^^^^^^^^^^
AttributeError: module 'Engine.offline' has no attribute 'paper_child_orders'

[runner] test_two_entries_report_two_rows (tests.test_paper_targets.PaperTargetSummaryTests.test_two_entries_report_two_rows)
Traceback (most recent call last):
  File "/app/tests/test_paper_targets.py", line 193, in setUp
    self.child_id = offline.paper_child_orders(self.order_id)[0]['order_id']
                    ^^^^^^^^^^^^^^^^^^^^^^^^^^
AttributeError: module 'Engine.offline' has no attribute 'paper_child_orders'

[runner] emitted 35 verdict(s)
[publish] wrote /verify/reports/new.xml: 111 case(s), 76 declared id(s) added as failed, child rc 0
+ suite exit 0
===== grade =====
[verifier] ===== FAILURES (110) =====
[verifier] ✗ [f2p] tests.test_paper_targets.PaperTargetBookingTests.test_a_plain_order_books_nothing_underneath
    failed; see the raw suite output in run.log
[verifier] ✗ [f2p] tests.test_paper_targets.PaperTargetBookingTests.test_a_third_target_is_booked_like_the_others
    failed; see the raw suite output in run.log
[verifier] ✗ [f2p] tests.test_paper_targets.PaperTargetBookingTests.test_an_entry_with_no_target_books_nothing_underneath
    failed; see the raw suite output in run.log
[verifier] ✗ [f2p] tests.test_paper_targets.PaperTargetBookingTests.test_an_id_nobody_booked_holds_nothing
    failed; see the raw suite output in run.log
[verifier] ✗ [f2p] tests.test_paper_targets.PaperTargetBookingTests.test_entry_and_target_are_both_reachable_by_id
    failed; see the raw suite output in run.log
[verifier] ✗ [f2p] tests.test_paper_targets.PaperTargetBookingTests.test_every_target_on_an_entry_is_booked
    failed; see the raw suite output in run.log
[verifier] ✗ [f2p] tests.test_paper_targets.PaperTargetBookingTests.test_targets_do_not_share_an_id
    failed; see the raw suite output in run.log
[verifier] ✗ [f2p] tests.test_paper_targets.PaperTargetBookingTests.test_the_caller_hears_only_about_the_entry
    failed; see the raw suite output in run.log
[verifier] ✗ [f2p] tests.test_paper_targets.PaperTargetBookingTests.test_the_target_belongs_to_whoever_sent_the_entry
    failed; see the raw suite output in run.log
[verifier] ✗ [f2p] tests.test_paper_targets.PaperTargetBookingTests.test_the_target_has_an_id_of_its_own
    failed; see the raw suite output in run.log
[verifier] ✗ [f2p] tests.test_paper_targets.PaperTargetBookingTests.test_the_target_is_booked_under_the_entry
    failed; see the raw suite output in run.log
[verifier] ✗ [f2p] tests.test_paper_targets.PaperTargetBookingTests.test_the_target_is_working_rather_than_filled
    failed; see the raw suite output in run.log
[verifier] ✗ [f2p] tests.test_paper_targets.PaperTargetBookingTests.test_two_users_targets_do_not_mix
    failed; see the raw suite output in run.log
[verifier] ✗ [f2p] tests.test_paper_targets.PaperTargetCancelTests.test_one_entry_does_not_pull_another_entry_target
    failed; see the raw suite output in run.log
[verifier] ✗ [f2p] tests.test_paper_targets.PaperTargetCancelTests.test_pulling_an_entry_pulls_every_target_on_it
    failed; see the raw suite output in run.log
[verifier] ✗ [f2p] tests.test_paper_targets.PaperTargetCancelTests.test_pulling_an_entry_twice_is_still_cancelled
    failed; see the raw suite output in run.log
[verifier] ✗ [f2p] tests.test_paper_targets.PaperTargetCancelTests.test_pulling_the_entry_pulls_the_target
    failed; see the raw suite output in run.log
[verifier] ✗ [f2p] tests.test_paper_targets.PaperTargetCancelTests.test_pulling_the_entry_still_reports_the_entry_cancelled
    failed; see the raw suite output in run.log
[verifier] ✗ [f2p] tests.test_paper_targets.PaperTargetCancelTests.test_pulling_the_target_leaves_the_entry_alone
    failed; see the raw suite output in run.log
[verifier] ✗ [f2p] tests.test_paper_targets.PaperTargetCancelTests.test_pulling_the_target_reports_the_target_cancelled
    failed; see the raw suite output in run.log
[verifier] ✗ [f2p] tests.test_paper_targets.PaperTargetSummaryTests.test_a_pulled_target_is_reported_pulled
    failed; see the raw suite output in run.log
[verifier] ✗ [f2p] tests.test_paper_targets.PaperTargetSummaryTests.test_a_target_holds_nothing_underneath_itself
    failed; see the raw suite output in run.log
[verifier] ✗ [f2p] tests.test_paper_targets.PaperTargetSummaryTests.test_a_target_is_not_an_order_of_its_own
    failed; see the raw suite output in run.log
[verifier] ✗ [f2p] tests.test_paper_targets.PaperTargetSummaryTests.test_a_target_reads_like_any_other_row
    failed; see the raw suite output in run.log
[verifier] ✗ [f2p] tests.test_paper_targets.PaperTargetSummaryTests.test_an_entry_with_no_target_reports_none
    failed; see the raw suite output in run.log
[verifier] ✗ [f2p] tests.test_paper_targets.PaperTargetSummaryTests.test_an_entry_with_two_targets_reports_both
    failed; see the raw suite output in run.log
[verifier] ✗ [f2p] tests.test_paper_targets.PaperTargetSummaryTests.test_another_users_entry_is_not_reported
    failed; see the raw suite output in run.log
[verifier] ✗ [f2p] tests.test_paper_targets.PaperTargetSummaryTests.test_each_entry_reports_its_own_target
    failed; see the raw suite output in run.log
[verifier] ✗ [f2p] tests.test_paper_targets.PaperTargetSummaryTests.test_the_other_user_gets_their_own_row_and_target
    failed; see the raw suite output in run.log
[verifier] ✗ [f2p] tests.test_paper_targets.PaperTargetSummaryTests.test_the_reported_target_carries_its_own_id
    failed; see the raw suite output in run.log
[verifier] ✗ [f2p] tests.test_paper_targets.PaperTargetSummaryTests.test_the_reported_target_carries_its_own_state
    failed; see the raw suite output in run.log
[verifier] ✗ [f2p] tests.test_paper_targets.PaperTargetSummaryTests.test_the_row_reported_is_the_entry
    failed; see the raw suite output in run.log
[verifier] ✗ [f2p] tests.test_paper_targets.PaperTargetSummaryTests.test_the_target_is_reported_inside_the_entry
    failed; see the raw suite output in run.log
[verifier] ✗ [f2p] tests.test_paper_targets.PaperTargetSummaryTests.test_two_entries_report_two_rows
    failed; see the raw suite output in run.log
[verifier] ✗ [f2p] tests.test_wind_down.BuybackPriceTests.test_a_credit_rounds_up_to_the_tick
    failed; see the raw suite output in run.log
[verifier] ✗ [f2p] tests.test_wind_down.BuybackPriceTests.test_a_debit_rounds_down_to_the_tick
    failed; see the raw suite output in run.log
[verifier] ✗ [f2p] tests.test_wind_down.BuybackPriceTests.test_a_limit_order_carries_the_house_terms
    failed; see the raw suite output in run.log
[verifier] ✗ [f2p] tests.test_wind_down.BuybackPriceTests.test_a_market_order_carries_no_price
    failed; see the raw suite output in run.log
[verifier] ✗ [f2p] tests.test_wind_down.BuybackPriceTests.test_a_market_order_still_closes_every_leg
    failed; see the raw suite output in run.log
[verifier] ✗ [f2p] tests.test_wind_down.BuybackPriceTests.test_a_missing_side_of_the_market_is_not_half_a_price
    failed; see the raw suite output in run.log
[verifier] ✗ [f2p] tests.test_wind_down.BuybackPriceTests.test_a_price_already_on_the_grid_does_not_move
    failed; see the raw suite output in run.log
[verifier] ✗ [f2p] tests.test_wind_down.BuybackPriceTests.test_a_wide_grid_price_already_on_the_grid_does_not_move
    failed; see the raw suite output in run.log
[verifier] ✗ [f2p] tests.test_wind_down.BuybackPriceTests.test_an_entry_that_cannot_be_undone_has_no_order
    failed; see the raw suite output in run.log
[verifier] ✗ [f2p] tests.test_wind_down.BuybackPriceTests.test_an_unquotable_leg_goes_to_market
    failed; see the raw suite output in run.log
[verifier] ✗ [f2p] tests.test_wind_down.BuybackPriceTests.test_long_legs_are_sold_back_at_the_bid
    failed; see the raw suite output in run.log
[verifier] ✗ [f2p] tests.test_wind_down.BuybackPriceTests.test_short_legs_are_bought_back_at_the_ask
    failed; see the raw suite output in run.log
[verifier] ✗ [f2p] tests.test_wind_down.ClosingLegTests.test_a_leg_without_a_quantity_is_refused
    failed; see the raw suite output in run.log
[verifier] ✗ [f2p] tests.test_wind_down.ClosingLegTests.test_an_already_closing_leg_is_refused
    failed; see the raw suite output in run.log
[verifier] ✗ [f2p] tests.test_wind_down.ClosingLegTests.test_an_entry_without_legs_is_refused
    failed; see the raw suite output in run.log
[verifier] ✗ [f2p] tests.test_wind_down.ClosingLegTests.test_instrument_travels_unchanged
    failed; see the raw suite output in run.log
[verifier] ✗ [f2p] tests.test_wind_down.ClosingLegTests.test_leg_quantity_comes_from_the_entry
    failed; see the raw suite output in run.log
[verifier] ✗ [f2p] tests.test_wind_down.ClosingLegTests.test_legs_keep_the_order_the_entry_made_them
    failed; see the raw suite output in run.log
[verifier] ✗ [f2p] tests.test_wind_down.ClosingLegTests.test_long_legs_are_sold_back
    failed; see the raw suite output in run.log
[verifier] ✗ [f2p] tests.test_wind_down.ClosingLegTests.test_short_legs_are_bought_back
    failed; see the raw suite output in run.log
[verifier] ✗ [f2p] tests.test_wind_down.ClosingLegTests.test_something_that_is_not_an_order_is_refused
    failed; see the raw suite output in run.log
[verifier] ✗ [f2p] tests.test_wind_down.ClosingLegTests.test_the_target_is_not_part_of_the_position
    failed; see the raw suite output in run.log
[verifier] ✗ [f2p] tests.test_wind_down.CrowdedCheckExitTests.test_an_early_check_leaves_every_one_of_them_alone
    failed; see the raw suite output in run.log
[verifier] ✗ [f2p] tests.test_wind_down.CrowdedCheckExitTests.test_every_target_is_pulled_not_just_the_first
    failed; see the raw suite output in run.log
[verifier] ✗ [f2p] tests.test_wind_down.CrowdedCheckExitTests.test_every_user_gets_a_closing_order_of_their_own
    failed; see the raw suite output in run.log
[verifier] ✗ [f2p] tests.test_wind_down.CrowdedCheckExitTests.test_every_user_gets_the_same_verdict_from_the_same_clock
    failed; see the raw suite output in run.log
[verifier] ✗ [f2p] tests.test_wind_down.CrowdedCheckExitTests.test_every_user_who_is_held_gets_a_plan
    failed; see the raw suite output in run.log
[verifier] ✗ [f2p] tests.test_wind_down.CrowdedCheckExitTests.test_one_user_who_cannot_be_unwound_does_not_strand_the_rest
    failed; see the raw suite output in run.log
[verifier] ✗ [f2p] tests.test_wind_down.CrowdedCheckExitTests.test_the_bot_is_left_holding_none_of_them
    failed; see the raw suite output in run.log
[verifier] ✗ [f2p] tests.test_wind_down.CrowdedCheckExitTests.test_the_users_who_could_be_unwound_still_were
    failed; see the raw suite output in run.log
[verifier] ✗ [f2p] tests.test_wind_down.EngineCheckExitTests.test_a_bot_holding_nothing_plans_nothing
    failed; see the raw suite output in run.log
[verifier] ✗ [f2p] tests.test_wind_down.EngineCheckExitTests.test_a_closed_entry_is_no_longer_held
    failed; see the raw suite output in run.log
[verifier] ✗ [f2p] tests.test_wind_down.EngineCheckExitTests.test_a_session_with_room_left_holds
    failed; see the raw suite output in run.log
[verifier] ✗ [f2p] tests.test_wind_down.EngineCheckExitTests.test_closing_pulls_the_target
    failed; see the raw suite output in run.log
[verifier] ✗ [f2p] tests.test_wind_down.EngineCheckExitTests.test_closing_sends_an_order_for_the_structure
    failed; see the raw suite output in run.log
[verifier] ✗ [f2p] tests.test_wind_down.EngineCheckExitTests.test_holding_keeps_the_entry
    failed; see the raw suite output in run.log
[verifier] ✗ [f2p] tests.test_wind_down.EngineCheckExitTests.test_holding_leaves_the_target_working
    failed; see the raw suite output in run.log
[verifier] ✗ [f2p] tests.test_wind_down.EngineCheckExitTests.test_holding_sends_nothing
    failed; see the raw suite output in run.log
[verifier] ✗ [f2p] tests.test_wind_down.EngineCheckExitTests.test_the_bell_closes_what_is_held
    failed; see the raw suite output in run.log
[verifier] ✗ [f2p] tests.test_wind_down.EngineMemoryTests.test_a_negative_size_is_not_held_either
    failed; see the raw suite output in run.log
[verifier] ✗ [f2p] tests.test_wind_down.EngineMemoryTests.test_a_second_group_keeps_its_own_symbol
    failed; see the raw suite output in run.log
[verifier] ✗ [f2p] tests.test_wind_down.EngineMemoryTests.test_a_user_who_was_sized_out_is_not_held
    failed; see the raw suite output in run.log
[verifier] ✗ [f2p] tests.test_wind_down.EngineMemoryTests.test_an_order_that_never_got_an_id_is_still_held
    failed; see the raw suite output in run.log
[verifier] ✗ [f2p] tests.test_wind_down.EngineMemoryTests.test_each_user_keeps_their_own_size
    failed; see the raw suite output in run.log
[verifier] ✗ [f2p] tests.test_wind_down.EngineMemoryTests.test_every_user_who_traded_is_remembered
    failed; see the raw suite output in run.log
[verifier] ✗ [f2p] tests.test_wind_down.EngineMemoryTests.test_nothing_traded_is_nothing_held
    failed; see the raw suite output in run.log
[verifier] ✗ [f2p] tests.test_wind_down.EngineMemoryTests.test_one_user_size_does_not_reach_another
    failed; see the raw suite output in run.log
[verifier] ✗ [f2p] tests.test_wind_down.EngineMemoryTests.test_the_broker_id_travels_with_the_entry
    failed; see the raw suite output in run.log
[verifier] ✗ [f2p] tests.test_wind_down.EngineMemoryTests.test_the_traded_symbol_comes_off_the_group
    failed; see the raw suite output in run.log
[verifier] ✗ [f2p] tests.test_wind_down.EngineRunTests.test_a_day_without_a_gap_up_holds_nothing
    failed; see the raw suite output in run.log
[verifier] ✗ [f2p] tests.test_wind_down.EngineRunTests.test_a_run_holds_every_user_it_traded_for
    failed; see the raw suite output in run.log
[verifier] ✗ [f2p] tests.test_wind_down.EngineRunTests.test_a_run_that_traded_is_still_holding_it
    failed; see the raw suite output in run.log
[verifier] ✗ [f2p] tests.test_wind_down.EngineRunTests.test_each_of_them_holds_their_own_order
    failed; see the raw suite output in run.log
[verifier] ✗ [f2p] tests.test_wind_down.EngineRunTests.test_each_of_them_holds_their_own_size
    failed; see the raw suite output in run.log
[verifier] ✗ [f2p] tests.test_wind_down.EngineRunTests.test_the_run_holds_the_order_it_sent
    failed; see the raw suite output in run.log
[verifier] ✗ [f2p] tests.test_wind_down.EngineRunTests.test_the_run_holds_the_size_it_traded
    failed; see the raw suite output in run.log
[verifier] ✗ [f2p] tests.test_wind_down.EngineRunTests.test_the_run_holds_the_symbol_it_traded
    failed; see the raw suite output in run.log
[verifier] ✗ [f2p] tests.test_wind_down.EngineRunTests.test_what_the_run_left_is_taken_off_at_the_bell
    failed; see the raw suite output in run.log
[verifier] ✗ [f2p] tests.test_wind_down.ExitPlanTests.test_a_plan_says_only_these_three_things
    failed; see the raw suite output in run.log
[verifier] ✗ [f2p] tests.test_wind_down.ExitPlanTests.test_a_session_that_has_run_out_goes_to_market
    failed; see the raw suite output in run.log
[verifier] ✗ [f2p] tests.test_wind_down.ExitPlanTests.test_a_session_with_room_left_holds
    failed; see the raw suite output in run.log
[verifier] ✗ [f2p] tests.test_wind_down.ExitPlanTests.test_a_working_target_is_pulled_first
    failed; see the raw suite output in run.log
[verifier] ✗ [f2p] tests.test_wind_down.ExitPlanTests.test_an_entry_that_cannot_be_undone_has_no_plan
    failed; see the raw suite output in run.log
[verifier] ✗ [f2p] tests.test_wind_down.ExitPlanTests.test_an_entry_that_carried_no_target_pulls_nothing
    failed; see the raw suite output in run.log
[verifier] ✗ [f2p] tests.test_wind_down.ExitPlanTests.test_an_unreadable_clock_holds
    failed; see the raw suite output in run.log
[verifier] ✗ [f2p] tests.test_wind_down.ExitPlanTests.test_closing_a_defined_risk_structure_can_pay
    failed; see the raw suite output in run.log
[verifier] ✗ [f2p] tests.test_wind_down.ExitPlanTests.test_closing_inside_the_cushion_names_a_price
    failed; see the raw suite output in run.log
[verifier] ✗ [f2p] tests.test_wind_down.ExitPlanTests.test_holding_pulls_nothing_and_sends_nothing
    failed; see the raw suite output in run.log
[verifier] ✗ [f2p] tests.test_wind_down.ExitPlanTests.test_past_the_bell_still_goes_to_market
    failed; see the raw suite output in run.log
[verifier] ✗ [f2p] tests.test_wind_down.ExitPlanTests.test_the_cushion_itself_already_closes
    failed; see the raw suite output in run.log
[verifier] ✗ [f2p] tests.test_wind_down.ManagerSweepTests.test_a_second_run_does_not_stack_another_sweep
    failed; see the raw suite output in run.log
[verifier] ✗ [f2p] tests.test_wind_down.ManagerSweepTests.test_a_sweep_still_holding_something_keeps_coming_back
    failed; see the raw suite output in run.log
[verifier] ✗ [f2p] tests.test_wind_down.ManagerSweepTests.test_a_sweep_with_nothing_to_do_stops_coming_back
    failed; see the raw suite output in run.log
[verifier] ✗ [f2p] tests.test_wind_down.ManagerSweepTests.test_every_pass_of_the_sweep_reaches_it_again
    failed; see the raw suite output in run.log
[verifier] ✗ [f2p] tests.test_wind_down.ManagerSweepTests.test_the_run_leaves_a_sweep_behind
    failed; see the raw suite output in run.log
[verifier] ✗ [f2p] tests.test_wind_down.ManagerSweepTests.test_the_sweep_reaches_the_engine
    failed; see the raw suite output in run.log
P2P 62/62 pass 0 fail; F2P 0/110 pass 110 fail; PARTIAL 0.36046511627906974; BINARY 0
[verifier] reward.json={"reward": 0, "f2p_total": 110, "f2p_passed": 0, "p2p_total": 62, "p2p_passed": 62, "f2p": 0.0, "p2p": 1.0, "partial": 0.36046511627906974}
