### verify_task.sh (round 3)
== base tree (model.patch empty) ==
  base: f2p 0/59 pass, p2p 113/113 pass, 172/172 ids present, grader reward 0
[verifier] integrity: restored 46 frozen files from d0fb6637073d
[verifier] integrity: 46 frozen files verified by git against d0fb6637073d; 3 held-out files verified by digest
[verifier] runner: pytest 8.4.1 from /usr/local/lib/python3.12/site-packages/pytest
[verifier] runner: base.xml -- 113 cases run, 113 in the report
[verifier] runner: pytest 8.4.1 from /usr/local/lib/python3.12/site-packages/pytest
[verifier] runner: new.xml -- 59 cases run, 59 in the report
[verifier] reports: base.xml signed by this run, published
[verifier] reports: new.xml signed by this run, published
== solved tree (model.patch = solution.patch) ==
  solution: f2p 59/59 pass, p2p 113/113 pass, 172/172 ids present, grader reward 1
[verifier] integrity: restored 46 frozen files from d0fb6637073d
[verifier] integrity: 46 frozen files verified by git against d0fb6637073d; 3 held-out files verified by digest
[verifier] runner: pytest 8.4.1 from /usr/local/lib/python3.12/site-packages/pytest
[verifier] runner: base.xml -- 113 cases run, 113 in the report
[verifier] runner: pytest 8.4.1 from /usr/local/lib/python3.12/site-packages/pytest
[verifier] runner: new.xml -- 59 cases run, 59 in the report
[verifier] reports: base.xml signed by this run, published
[verifier] reports: new.xml signed by this run, published
== solved tree, not root ==
  uid1000: f2p 59/59 pass, p2p 113/113 pass, 172/172 ids present, grader reward 1

VERIFY: PASS
exit=0
