+ node node_modules/vitest/vitest.mjs run --config ./vitest.config.ts --reporter=default --reporter=junit --outputFile=/tmp/junit.XQszdFWB tests/catalog/calibre.test.ts tests/catalog/effect.test.ts tests/catalog/envelope.test.ts tests/catalog/hazard.test.ts tests/catalog/inventory.test.ts tests/catalog/lift.test.ts tests/catalog/magazine.test.ts tests/catalog/palette.test.ts tests/catalog/parse.test.ts tests/catalog/registry.test.ts tests/catalog/substitute.test.ts tests/catalog/timing.test.ts tests/catalog/validate.test.ts tests/cli/args.test.ts tests/cli/commands.test.ts tests/cli/command.test.ts tests/cli/completion.test.ts tests/cli/diffHazard.test.ts tests/cli/distance.test.ts tests/cli/label.test.ts tests/cli/lint.test.ts tests/cli/permitContinuity.test.ts tests/cli/planLayout.test.ts tests/cli/preview.test.ts tests/cli/sheetInventory.test.ts tests/compile.test.ts tests/core/codes.test.ts tests/core/collect.test.ts tests/core/csv.test.ts tests/core/diagnostic.test.ts tests/core/graph.test.ts tests/core/ids.test.ts tests/core/interval.test.ts tests/core/numeric.test.ts tests/core/result.test.ts tests/core/rng.test.ts tests/core/span.test.ts tests/core/text.test.ts tests/core/timecode.test.ts tests/core/units.test.ts tests/coverage.test.ts tests/endToEnd.test.ts tests/examples.test.ts tests/export/explain.test.ts tests/export/firingTable.test.ts tests/export/json.test.ts tests/export/pack.test.ts tests/export/permit.test.ts tests/export/sheets.test.ts tests/export/siteplan.test.ts tests/large.test.ts tests/rig/allocate.test.ts tests/rig/circuit.test.ts tests/rig/continuity.test.ts tests/rig/layout.test.ts tests/rig/module.test.ts tests/rig/parse.test.ts tests/rig/pin.test.ts tests/rig/redundancy.test.ts tests/rig/rig.test.ts tests/rig/wiring.test.ts tests/robust.test.ts tests/safety/crowd.test.ts tests/safety/distance.test.ts tests/safety/noise.test.ts tests/safety/rules.test.ts tests/safety/site.test.ts tests/safety/wind.test.ts tests/script/annotate.test.ts tests/script/ast.test.ts tests/script/expand.test.ts tests/script/format.test.ts tests/script/include.test.ts tests/script/lint.test.ts tests/script/parser.test.ts tests/script/renumber.test.ts tests/script/resolve.test.ts tests/script/token.test.ts tests/sim/preview.test.ts tests/sim/trajectory.test.ts tests/surface.test.ts tests/timeline/balance.test.ts tests/timeline/chain.test.ts tests/timeline/density.test.ts tests/timeline/diff.test.ts tests/timeline/load.test.ts tests/timeline/misfire.test.ts tests/timeline/quantise.test.ts tests/timeline/rehearsal.test.ts tests/timeline/schedule.test.ts tests/timeline/sync.test.ts tests/version.test.ts

 RUN  v2.1.8 /app

 ✓ tests/coverage.test.ts (38 tests) 169ms
 ✓ tests/rig/redundancy.test.ts (32 tests) 170ms
 ✓ tests/cli/commands.test.ts (28 tests) 274ms
 ✓ tests/script/parser.test.ts (38 tests) 101ms
 ✓ tests/safety/noise.test.ts (28 tests) 80ms
 ✓ tests/compile.test.ts (30 tests) 167ms
 ✓ tests/safety/rules.test.ts (22 tests) 152ms
 ✓ tests/rig/wiring.test.ts (24 tests) 126ms
 ✓ tests/safety/crowd.test.ts (32 tests) 81ms
 ✓ tests/rig/continuity.test.ts (25 tests) 40ms
 ✓ tests/timeline/diff.test.ts (18 tests) 74ms
 ✓ tests/timeline/load.test.ts (19 tests) 85ms
 ✓ tests/script/expand.test.ts (24 tests) 67ms
 ✓ tests/cli/permitContinuity.test.ts (22 tests) 248ms
 ✓ tests/endToEnd.test.ts (31 tests) 1132ms
 ✓ tests/robust.test.ts (137 tests) 1311ms
   ✓ random scripts > survives a thousand random word salads 434ms
   ✓ random scripts > never produces a schedule with a duplicate pin 369ms
 ✓ tests/timeline/chain.test.ts (18 tests) 60ms
 ✓ tests/catalog/substitute.test.ts (23 tests) 68ms
 ✓ tests/rig/layout.test.ts (19 tests) 93ms
 ✓ tests/cli/sheetInventory.test.ts (19 tests) 130ms
 ✓ tests/export/permit.test.ts (22 tests) 57ms
 ✓ tests/cli/planLayout.test.ts (24 tests) 300ms
 ✓ tests/timeline/sync.test.ts (25 tests) 111ms
 ✓ tests/catalog/parse.test.ts (20 tests) 89ms
 ✓ tests/timeline/misfire.test.ts (20 tests) 112ms
 ✓ tests/cli/command.test.ts (25 tests) 69ms
 ✓ tests/timeline/density.test.ts (18 tests) 88ms
 ✓ tests/catalog/palette.test.ts (25 tests) 82ms
 ✓ tests/cli/args.test.ts (30 tests) 31ms
 ✓ tests/rig/allocate.test.ts (16 tests) 91ms
 ✓ tests/core/timecode.test.ts (32 tests) 55ms
 ✓ tests/timeline/schedule.test.ts (18 tests) 62ms
 ✓ tests/timeline/balance.test.ts (22 tests) 28ms
 ✓ tests/core/diagnostic.test.ts (19 tests) 63ms
 ✓ tests/timeline/rehearsal.test.ts (18 tests) 111ms
 ✓ tests/script/resolve.test.ts (22 tests) 40ms
 ✓ tests/catalog/hazard.test.ts (23 tests) 81ms
 ✓ tests/export/json.test.ts (21 tests) 75ms
 ✓ tests/script/renumber.test.ts (22 tests) 76ms
 ✓ tests/core/text.test.ts (34 tests) 84ms
 ✓ tests/script/lint.test.ts (22 tests) 65ms
 ✓ tests/core/rng.test.ts (29 tests) 139ms
 ✓ tests/rig/parse.test.ts (26 tests) 55ms
 ✓ tests/catalog/validate.test.ts (23 tests) 17ms
 ✓ tests/rig/rig.test.ts (27 tests) 95ms
 ✓ tests/examples.test.ts (17 tests) 252ms
 ✓ tests/timeline/quantise.test.ts (17 tests) 67ms
 ✓ tests/export/explain.test.ts (19 tests) 43ms
 ✓ tests/cli/diffHazard.test.ts (16 tests) 223ms
 ✓ tests/catalog/inventory.test.ts (20 tests) 39ms
 ✓ tests/export/pack.test.ts (16 tests) 128ms
 ✓ tests/safety/wind.test.ts (26 tests) 23ms
 ✓ tests/version.test.ts (25 tests) 54ms
 ✓ tests/catalog/effect.test.ts (20 tests) 43ms
 ✓ tests/core/span.test.ts (26 tests) 13ms
 ✓ tests/export/siteplan.test.ts (14 tests) 33ms
 ✓ tests/catalog/registry.test.ts (21 tests) 87ms
 ✓ tests/export/firingTable.test.ts (19 tests) 118ms
 ✓ tests/script/token.test.ts (24 tests) 87ms
 ✓ tests/core/result.test.ts (26 tests) 58ms
 ✓ tests/script/include.test.ts (17 tests) 16ms
 ✓ tests/catalog/envelope.test.ts (21 tests) 12ms
 ✓ tests/cli/lint.test.ts (19 tests) 37ms
 ✓ tests/script/format.test.ts (21 tests) 24ms
 ✓ tests/core/interval.test.ts (29 tests) 73ms
 ✓ tests/sim/preview.test.ts (19 tests) 17ms
 ✓ tests/safety/distance.test.ts (20 tests) 17ms
 ✓ tests/export/sheets.test.ts (20 tests) 27ms
 ✓ tests/catalog/timing.test.ts (22 tests) 14ms
 ✓ tests/script/annotate.test.ts (15 tests) 20ms
 ✓ tests/core/numeric.test.ts (27 tests) 26ms
 ✓ tests/core/ids.test.ts (25 tests) 29ms
 ✓ tests/rig/pin.test.ts (23 tests) 38ms
 ✓ tests/rig/circuit.test.ts (24 tests) 39ms
 ✓ tests/core/codes.test.ts (17 tests) 46ms
 ✓ tests/core/csv.test.ts (28 tests) 24ms
 ✓ tests/script/ast.test.ts (19 tests) 35ms
 ✓ tests/core/graph.test.ts (22 tests) 24ms
 ✓ tests/catalog/calibre.test.ts (19 tests) 43ms
 ✓ tests/rig/module.test.ts (19 tests) 64ms
 ✓ tests/safety/site.test.ts (19 tests) 33ms
 ✓ tests/catalog/magazine.test.ts (14 tests) 67ms
 ✓ tests/cli/distance.test.ts (17 tests) 63ms
 ✓ tests/core/units.test.ts (21 tests) 53ms
 ✓ tests/catalog/lift.test.ts (18 tests) 36ms
 ✓ tests/sim/trajectory.test.ts (20 tests) 2793ms
   ✓ trajectoryFor > agrees with the table across the range 1409ms
   ✓ trajectoryFor > gets a bigger shell higher 303ms
 ✓ tests/cli/label.test.ts (13 tests) 84ms
 ✓ tests/cli/preview.test.ts (9 tests) 129ms
 ✓ tests/large.test.ts (11 tests) 1091ms
   ✓ a very large show > compiles the same show twice to the same table 354ms
 ✓ tests/core/collect.test.ts (12 tests) 75ms
 ✓ tests/cli/completion.test.ts (14 tests) 34ms
 ✓ tests/surface.test.ts (7 tests) 5ms

 Test Files  92 passed (92)
      Tests  2117 passed (2117)
   Start at  18:16:30
   Duration  42.48s (transform 6.60s, setup 0ms, collect 36.60s, tests 13.06s, environment 66ms, prepare 24.66s)

JUNIT report written to /tmp/junit.XQszdFWB
+ node node_modules/vitest/vitest.mjs run --config ./vitest.config.ts --reporter=default --reporter=junit --outputFile=/tmp/junit.3HQbL8AH tests/timeline/panelClock.test.ts tests/cli/morningAfter.test.ts

 RUN  v2.1.8 /app

 ❯ tests/timeline/panelClock.test.ts (0 test)
 ❯ tests/cli/morningAfter.test.ts (26 tests | 26 failed) 86ms
   × rehearse --log > passes a log that matches the table on the panel's clock 26ms
     → expected 2 to be +0 // Object.is equality
   × rehearse --log > fails a log written in show time, since the pre roll was never taken off 9ms
     → expected 2 to be 1 // Object.is equality
   × rehearse --log > fails on an output the panel never closed 2ms
     → expected 2 to be 1 // Object.is equality
   × rehearse --log > fails on an output the table has nothing on 3ms
     → expected 2 to be 1 // Object.is equality
   × rehearse --log > fails on a second row for a pin that already fired 2ms
     → expected 2 to be 1 // Object.is equality
   × rehearse --log > only warns about a late output and still passes 1ms
     → expected 2 to be +0 // Object.is equality
   × rehearse --log > lets one frame pass without a word 2ms
     → expected 2 to be +0 // Object.is equality
   × rehearse --log > takes a tolerance in milliseconds 4ms
     → expected 2 to be +0 // Object.is equality
   × rehearse --log > refuses a tolerance that is not a number 4ms
     → expected 'unknown flag --log\nunknown flag --to…' not to contain 'unknown flag'
   × rehearse --log > reports a log it cannot read 2ms
     → expected 'unknown flag --log\nportfire rehearse…' not to contain 'unknown flag'
   × rehearse --log > stops on a log with no usable columns 1ms
     → expected 2 to be 1 // Object.is equality
   × rehearse --log > skips a row that will not read and grades the rest 1ms
     → expected 2 to be 1 // Object.is equality
   × rehearse --log > writes the grade to a file on request 2ms
     → expected 2 to be +0 // Object.is equality
   × rehearse --log > refuses to grade a show that does not compile 1ms
     → expected 2 to be 1 // Object.is equality
   × continuity --after > passes a walk on which every match burnt 2ms
     → expected 2 to be +0 // Object.is equality
   × continuity --after > works without the first walk 1ms
     → expected 2 to be +0 // Object.is equality
   × continuity --after > fails when a show pin still reads connected 1ms
     → expected 2 to be 1 // Object.is equality
   × continuity --after > fails when a show pin was never walked 1ms
     → expected 2 to be 1 // Object.is equality
   × continuity --after > fails on a dead cue found with both walks, as an error 2ms
     → expected 2 to be 1 // Object.is equality
   × continuity --after > fails on a burnt stray found with both walks 1ms
     → expected 2 to be 1 // Object.is equality
   × continuity --after > does not call that stray burnt without the first walk 8ms
     → expected 2 to be +0 // Object.is equality
   × continuity --after > plans a refire only onto a pin the after walk read open 1ms
     → expected 2 to be 1 // Object.is equality
   × continuity --after > plans no refire onto a pin nobody walked 1ms
     → expected 2 to be 1 // Object.is equality
   × continuity --after > reports an after walk it cannot read 1ms
     → expected 'unknown flag --after\nportfire contin…' not to contain 'unknown flag'
   × continuity --after > stops on an after walk that will not parse 1ms
     → expected 2 to be 1 // Object.is equality
   × continuity --after > refuses to read a walk against a show that does not compile 1ms
     → expected 2 to be 1 // Object.is equality

⎯⎯⎯⎯⎯⎯ Failed Suites 1 ⎯⎯⎯⎯⎯⎯⎯

 FAIL  tests/timeline/panelClock.test.ts [ tests/timeline/panelClock.test.ts ]
Error: Failed to load url ../../src/timeline/panelLog.js (resolved id: ../../src/timeline/panelLog.js) in /app/tests/timeline/panelClock.test.ts. Does the file exist?
 ❯ loadAndTransform node_modules/vite/dist/node/chunks/dep-BK3b2jBa.js:51969:17

⎯⎯⎯⎯⎯⎯⎯⎯⎯⎯⎯⎯⎯⎯⎯⎯⎯⎯⎯⎯⎯⎯⎯[1/27]⎯

⎯⎯⎯⎯⎯⎯ Failed Tests 26 ⎯⎯⎯⎯⎯⎯⎯

 FAIL  tests/cli/morningAfter.test.ts > rehearse --log > passes a log that matches the table on the panel's clock
AssertionError: expected 2 to be +0 // Object.is equality

- Expected
+ Received

- 0
+ 2

 ❯ tests/cli/morningAfter.test.ts:82:27
     80|     verifyExpect();
     81|     const env = envWith();
     82|     expect(rehearse(env)).toBe(EXIT_OK);
       |                           ^
     83|     expect(env.stdout.length).toBeGreaterThan(0);
     84|     expect(env.stderr).toBe("");

⎯⎯⎯⎯⎯⎯⎯⎯⎯⎯⎯⎯⎯⎯⎯⎯⎯⎯⎯⎯⎯⎯⎯[2/27]⎯

 FAIL  tests/cli/morningAfter.test.ts > rehearse --log > fails a log written in show time, since the pre roll was never taken off
AssertionError: expected 2 to be 1 // Object.is equality

- Expected
+ Received

- 1
+ 2

 ❯ tests/cli/morningAfter.test.ts:98:27
     96|     // Negative times do not read, so the opener is missed, and the re…
     97|     // early by the whole pre roll.
     98|     expect(rehearse(env)).toBe(EXIT_SHOW_PROBLEM);
       |                           ^
     99|     expect(env.stderr).toContain("error");
    100|     expect(env.stderr).toContain("warning");

⎯⎯⎯⎯⎯⎯⎯⎯⎯⎯⎯⎯⎯⎯⎯⎯⎯⎯⎯⎯⎯⎯⎯[3/27]⎯

 FAIL  tests/cli/morningAfter.test.ts > rehearse --log > fails on an output the panel never closed
AssertionError: expected 2 to be 1 // Object.is equality

- Expected
+ Received

- 1
+ 2

 ❯ tests/cli/morningAfter.test.ts:107:27
    105|       "dryrun.csv": ["pin,fired", "01.01,0", "02.01,21.990"].join("\n"…
    106|     });
    107|     expect(rehearse(env)).toBe(EXIT_SHOW_PROBLEM);
       |                           ^
    108|     expect(env.stderr).toContain("error");
    109|   });

⎯⎯⎯⎯⎯⎯⎯⎯⎯⎯⎯⎯⎯⎯⎯⎯⎯⎯⎯⎯⎯⎯⎯[4/27]⎯

 FAIL  tests/cli/morningAfter.test.ts > rehearse --log > fails on an output the table has nothing on
AssertionError: expected 2 to be 1 // Object.is equality

- Expected
+ Received

- 1
+ 2

 ❯ tests/cli/morningAfter.test.ts:122:27
    120|       ].join("\n"),
    121|     });
    122|     expect(rehearse(env)).toBe(EXIT_SHOW_PROBLEM);
       |                           ^
    123|     expect(env.stderr).toContain("error");
    124|   });

⎯⎯⎯⎯⎯⎯⎯⎯⎯⎯⎯⎯⎯⎯⎯⎯⎯⎯⎯⎯⎯⎯⎯[5/27]⎯

 FAIL  tests/cli/morningAfter.test.ts > rehearse --log > fails on a second row for a pin that already fired
AssertionError: expected 2 to be 1 // Object.is equality

- Expected
+ Received

- 1
+ 2

 ❯ tests/cli/morningAfter.test.ts:136:27
    134|       ].join("\n"),
    135|     });
    136|     expect(rehearse(env)).toBe(EXIT_SHOW_PROBLEM);
       |                           ^
    137|     expect(env.stderr).toContain("error");
    138|   });

⎯⎯⎯⎯⎯⎯⎯⎯⎯⎯⎯⎯⎯⎯⎯⎯⎯⎯⎯⎯⎯⎯⎯[6/27]⎯

 FAIL  tests/cli/morningAfter.test.ts > rehearse --log > only warns about a late output and still passes
AssertionError: expected 2 to be +0 // Object.is equality

- Expected
+ Received

- 0
+ 2

 ❯ tests/cli/morningAfter.test.ts:149:27
    147|       ].join("\n"),
    148|     });
    149|     expect(rehearse(env)).toBe(EXIT_OK);
       |                           ^
    150|     expect(env.stderr).toContain("warning");
    151|     expect(env.stderr).not.toContain("error");

⎯⎯⎯⎯⎯⎯⎯⎯⎯⎯⎯⎯⎯⎯⎯⎯⎯⎯⎯⎯⎯⎯⎯[7/27]⎯

 FAIL  tests/cli/morningAfter.test.ts > rehearse --log > lets one frame pass without a word
AssertionError: expected 2 to be +0 // Object.is equality

- Expected
+ Received

- 0
+ 2

 ❯ tests/cli/morningAfter.test.ts:163:27
    161|       ].join("\n"),
    162|     });
    163|     expect(rehearse(env)).toBe(EXIT_OK);
       |                           ^
    164|     expect(env.stderr).toBe("");
    165|   });

⎯⎯⎯⎯⎯⎯⎯⎯⎯⎯⎯⎯⎯⎯⎯⎯⎯⎯⎯⎯⎯⎯⎯[8/27]⎯

 FAIL  tests/cli/morningAfter.test.ts > rehearse --log > takes a tolerance in milliseconds
AssertionError: expected 2 to be +0 // Object.is equality

- Expected
+ Received

- 0
+ 2

 ❯ tests/cli/morningAfter.test.ts:173:51
    171|     );
    172|     const loose = envWith({ "dryrun.csv": late });
    173|     expect(rehearse(loose, "--tolerance", "250")).toBe(EXIT_OK);
       |                                                   ^
    174|     expect(loose.stderr).toBe("");
    175|     const strict = envWith({ "dryrun.csv": late });

⎯⎯⎯⎯⎯⎯⎯⎯⎯⎯⎯⎯⎯⎯⎯⎯⎯⎯⎯⎯⎯⎯⎯[9/27]⎯

 FAIL  tests/cli/morningAfter.test.ts > rehearse --log > refuses a tolerance that is not a number
AssertionError: expected 'unknown flag --log\nunknown flag --to…' not to contain 'unknown flag'

- Expected
+ Received

- unknown flag
+ unknown flag --log
+ unknown flag --tolerance
+ portfire rehearse, write the plan for a dry run with nothing on the wires
+
+ usage: portfire rehearse <script> [options]
+
+ options:
+   --catalog         the effect catalog csv
+   --rig             the rig sheet
+   --frame           frame rate the panel runs at [24|25|30|30drop]
+   --seed            override the script's jitter seed
+   --pack            fill each module before moving to the next
+   --absorb-preroll  move the show so nothing fires before zero
+   --advice          also run the checks that are matters of judgement
+   --max-lit         warn past this many effects lit at once
+   --lull            warn past a gap this long, in seconds
+   --ceiling         airspace ceiling in metres
+   --audience        metres from the origin to the line
+   --wind            wind speed in metres per second
+   --wind-from       wind bearing in degrees
+   --rule            separation rule [nfpa-1123|cen-category-4|reduced]
+   --window          milliseconds within which lights read as one event (default 250)
+   --out             write here instead of standard output

 ❯ tests/cli/morningAfter.test.ts:183:28
    181|     const env = envWith();
    182|     expect(rehearse(env, "--tolerance", "soon")).toBe(EXIT_BAD_USAGE);
    183|     expect(env.stderr).not.toContain("unknown flag");
       |                            ^
    184|   });
    185| 

⎯⎯⎯⎯⎯⎯⎯⎯⎯⎯⎯⎯⎯⎯⎯⎯⎯⎯⎯⎯⎯⎯[10/27]⎯

 FAIL  tests/cli/morningAfter.test.ts > rehearse --log > reports a log it cannot read
AssertionError: expected 'unknown flag --log\nportfire rehearse…' not to contain 'unknown flag'

- Expected
+ Received

- unknown flag
+ unknown flag --log
+ portfire rehearse, write the plan for a dry run with nothing on the wires
+
+ usage: portfire rehearse <script> [options]
+
+ options:
+   --catalog         the effect catalog csv
+   --rig             the rig sheet
+   --frame           frame rate the panel runs at [24|25|30|30drop]
+   --seed            override the script's jitter seed
+   --pack            fill each module before moving to the next
+   --absorb-preroll  move the show so nothing fires before zero
+   --advice          also run the checks that are matters of judgement
+   --max-lit         warn past this many effects lit at once
+   --lull            warn past a gap this long, in seconds
+   --ceiling         airspace ceiling in metres
+   --audience        metres from the origin to the line
+   --wind            wind speed in metres per second
+   --wind-from       wind bearing in degrees
+   --rule            separation rule [nfpa-1123|cen-category-4|reduced]
+   --window          milliseconds within which lights read as one event (default 250)
+   --out             write here instead of standard output

 ❯ tests/cli/morningAfter.test.ts:191:28
    189|       main(["rehearse", "autumn.pf", "--log", "gone.csv", ...base], en…
    190|     ).toBe(EXIT_BAD_USAGE);
    191|     expect(env.stderr).not.toContain("unknown flag");
       |                            ^
    192|   });
    193| 

⎯⎯⎯⎯⎯⎯⎯⎯⎯⎯⎯⎯⎯⎯⎯⎯⎯⎯⎯⎯⎯⎯[11/27]⎯

 FAIL  tests/cli/morningAfter.test.ts > rehearse --log > stops on a log with no usable columns
AssertionError: expected 2 to be 1 // Object.is equality

- Expected
+ Received

- 1
+ 2

 ❯ tests/cli/morningAfter.test.ts:196:27
    194|   it("stops on a log with no usable columns", () => {
    195|     const env = envWith({ "dryrun.csv": "a,b\n1,2" });
    196|     expect(rehearse(env)).toBe(EXIT_SHOW_PROBLEM);
       |                           ^
    197|     expect(env.stderr).toContain("error");
    198|   });

⎯⎯⎯⎯⎯⎯⎯⎯⎯⎯⎯⎯⎯⎯⎯⎯⎯⎯⎯⎯⎯⎯[12/27]⎯

 FAIL  tests/cli/morningAfter.test.ts > rehearse --log > skips a row that will not read and grades the rest
AssertionError: expected 2 to be 1 // Object.is equality

- Expected
+ Received

- 1
+ 2

 ❯ tests/cli/morningAfter.test.ts:210:27
    208|       ].join("\n"),
    209|     });
    210|     expect(rehearse(env)).toBe(EXIT_SHOW_PROBLEM);
       |                           ^
    211|     expect(env.stderr).toContain("error");
    212|     expect(env.stderr).not.toContain("warning");

⎯⎯⎯⎯⎯⎯⎯⎯⎯⎯⎯⎯⎯⎯⎯⎯⎯⎯⎯⎯⎯⎯[13/27]⎯

 FAIL  tests/cli/morningAfter.test.ts > rehearse --log > writes the grade to a file on request
AssertionError: expected 2 to be +0 // Object.is equality

- Expected
+ Received

- 0
+ 2

 ❯ tests/cli/morningAfter.test.ts:218:49
    216|   it("writes the grade to a file on request", () => {
    217|     const env = envWith();
    218|     expect(rehearse(env, "--out", "grade.txt")).toBe(EXIT_OK);
       |                                                 ^
    219|     expect(env.written.has("grade.txt")).toBe(true);
    220|     expect(env.written.get("grade.txt")?.length).toBeGreaterThan(0);

⎯⎯⎯⎯⎯⎯⎯⎯⎯⎯⎯⎯⎯⎯⎯⎯⎯⎯⎯⎯⎯⎯[14/27]⎯

 FAIL  tests/cli/morningAfter.test.ts > rehearse --log > refuses to grade a show that does not compile
AssertionError: expected 2 to be 1 // Object.is equality

- Expected
+ Received

- 1
+ 2

 ❯ tests/cli/morningAfter.test.ts:225:27
    223|   it("refuses to grade a show that does not compile", () => {
    224|     const env = envWith({ "autumn.pf": "at 20 fire shell.999 from pad.…
    225|     expect(rehearse(env)).toBe(EXIT_SHOW_PROBLEM);
       |                           ^
    226|   });
    227| });

⎯⎯⎯⎯⎯⎯⎯⎯⎯⎯⎯⎯⎯⎯⎯⎯⎯⎯⎯⎯⎯⎯[15/27]⎯

 FAIL  tests/cli/morningAfter.test.ts > continuity --after > passes a walk on which every match burnt
AssertionError: expected 2 to be +0 // Object.is equality

- Expected
+ Received

- 0
+ 2

 ❯ tests/cli/morningAfter.test.ts:233:28
    231|     verifyExpect();
    232|     const env = envWith();
    233|     expect(afterWalk(env)).toBe(EXIT_OK);
       |                            ^
    234|     expect(env.stdout.length).toBeGreaterThan(0);
    235|   });

⎯⎯⎯⎯⎯⎯⎯⎯⎯⎯⎯⎯⎯⎯⎯⎯⎯⎯⎯⎯⎯⎯[16/27]⎯

 FAIL  tests/cli/morningAfter.test.ts > continuity --after > works without the first walk
AssertionError: expected 2 to be +0 // Object.is equality

- Expected
+ Received

- 0
+ 2

 ❯ tests/cli/morningAfter.test.ts:239:28
    237|   it("works without the first walk", () => {
    238|     const env = envWith();
    239|     expect(afterWalk(env)).toBe(EXIT_OK);
       |                            ^
    240|     expect(env.stderr).not.toContain("needs --walk");
    241|   });

⎯⎯⎯⎯⎯⎯⎯⎯⎯⎯⎯⎯⎯⎯⎯⎯⎯⎯⎯⎯⎯⎯[17/27]⎯

 FAIL  tests/cli/morningAfter.test.ts > continuity --after > fails when a show pin still reads connected
AssertionError: expected 2 to be 1 // Object.is equality

- Expected
+ Received

- 1
+ 2

 ❯ tests/cli/morningAfter.test.ts:249:28
    247|       ),
    248|     });
    249|     expect(afterWalk(env)).toBe(EXIT_SHOW_PROBLEM);
       |                            ^
    250|   });
    251| 

⎯⎯⎯⎯⎯⎯⎯⎯⎯⎯⎯⎯⎯⎯⎯⎯⎯⎯⎯⎯⎯⎯[18/27]⎯

 FAIL  tests/cli/morningAfter.test.ts > continuity --after > fails when a show pin was never walked
AssertionError: expected 2 to be 1 // Object.is equality

- Expected
+ Received

- 1
+ 2

 ❯ tests/cli/morningAfter.test.ts:256:28
    254|       "after.csv": ["pin,state", "01.01,open", "02.01,open"].join("\n"…
    255|     });
    256|     expect(afterWalk(env)).toBe(EXIT_SHOW_PROBLEM);
       |                            ^
    257|     expect(env.stderr).toContain("warning");
    258|   });

⎯⎯⎯⎯⎯⎯⎯⎯⎯⎯⎯⎯⎯⎯⎯⎯⎯⎯⎯⎯⎯⎯[19/27]⎯

 FAIL  tests/cli/morningAfter.test.ts > continuity --after > fails on a dead cue found with both walks, as an error
AssertionError: expected 2 to be 1 // Object.is equality

- Expected
+ Received

- 1
+ 2

 ❯ tests/cli/morningAfter.test.ts:270:50
    268|       ),
    269|     });
    270|     expect(afterWalk(env, "--walk", "walk.csv")).toBe(EXIT_SHOW_PROBLE…
       |                                                  ^
    271|     expect(env.stderr).toContain("error");
    272|   });

⎯⎯⎯⎯⎯⎯⎯⎯⎯⎯⎯⎯⎯⎯⎯⎯⎯⎯⎯⎯⎯⎯[20/27]⎯

 FAIL  tests/cli/morningAfter.test.ts > continuity --after > fails on a burnt stray found with both walks
AssertionError: expected 2 to be 1 // Object.is equality

- Expected
+ Received

- 1
+ 2

 ❯ tests/cli/morningAfter.test.ts:291:50
    289|       ].join("\n"),
    290|     });
    291|     expect(afterWalk(env, "--walk", "walk.csv")).toBe(EXIT_SHOW_PROBLE…
       |                                                  ^
    292|     expect(env.stderr).toContain("error");
    293|   });

⎯⎯⎯⎯⎯⎯⎯⎯⎯⎯⎯⎯⎯⎯⎯⎯⎯⎯⎯⎯⎯⎯[21/27]⎯

 FAIL  tests/cli/morningAfter.test.ts > continuity --after > does not call that stray burnt without the first walk
AssertionError: expected 2 to be +0 // Object.is equality

- Expected
+ Received

- 0
+ 2

 ❯ tests/cli/morningAfter.test.ts:305:28
    303|       ].join("\n"),
    304|     });
    305|     expect(afterWalk(env)).toBe(EXIT_OK);
       |                            ^
    306|   });
    307| 

⎯⎯⎯⎯⎯⎯⎯⎯⎯⎯⎯⎯⎯⎯⎯⎯⎯⎯⎯⎯⎯⎯[22/27]⎯

 FAIL  tests/cli/morningAfter.test.ts > continuity --after > plans a refire only onto a pin the after walk read open
AssertionError: expected 2 to be 1 // Object.is equality

- Expected
+ Received

- 1
+ 2

 ❯ tests/cli/morningAfter.test.ts:321:28
    319|       ].join("\n"),
    320|     });
    321|     expect(afterWalk(env)).toBe(EXIT_SHOW_PROBLEM);
       |                            ^
    322|     expect(env.stdout).toContain("02.04");
    323|     expect(env.stdout).not.toContain("02.02");

⎯⎯⎯⎯⎯⎯⎯⎯⎯⎯⎯⎯⎯⎯⎯⎯⎯⎯⎯⎯⎯⎯[23/27]⎯

 FAIL  tests/cli/morningAfter.test.ts > continuity --after > plans no refire onto a pin nobody walked
AssertionError: expected 2 to be 1 // Object.is equality

- Expected
+ Received

- 1
+ 2

 ❯ tests/cli/morningAfter.test.ts:333:28
    331|       ),
    332|     });
    333|     expect(afterWalk(env)).toBe(EXIT_SHOW_PROBLEM);
       |                            ^
    334|     expect(env.stdout).not.toContain("02.02");
    335|   });

⎯⎯⎯⎯⎯⎯⎯⎯⎯⎯⎯⎯⎯⎯⎯⎯⎯⎯⎯⎯⎯⎯[24/27]⎯

 FAIL  tests/cli/morningAfter.test.ts > continuity --after > reports an after walk it cannot read
AssertionError: expected 'unknown flag --after\nportfire contin…' not to contain 'unknown flag'

- Expected
+ Received

- unknown flag
+ unknown flag --after
+ portfire continuity, check a panel's continuity walk against the show
+
+ usage: portfire continuity <script> --walk <dump.csv> [options]
+
+ options:
+   --catalog         the effect catalog csv
+   --rig             the rig sheet
+   --frame           frame rate the panel runs at [24|25|30|30drop]
+   --seed            override the script's jitter seed
+   --pack            fill each module before moving to the next
+   --absorb-preroll  move the show so nothing fires before zero
+   --advice          also run the checks that are matters of judgement
+   --max-lit         warn past this many effects lit at once
+   --lull            warn past a gap this long, in seconds
+   --ceiling         airspace ceiling in metres
+   --audience        metres from the origin to the line
+   --wind            wind speed in metres per second
+   --wind-from       wind bearing in degrees
+   --rule            separation rule [nfpa-1123|cen-category-4|reduced]
+   --walk            the panel's continuity dump
+   --resistance      also check measured resistances against the circuit
+   --unwalked        list rig pins the walk never reported

 ❯ tests/cli/morningAfter.test.ts:342:28
    340|       main(["continuity", "autumn.pf", "--after", "gone.csv", ...base]…
    341|     ).toBe(EXIT_BAD_USAGE);
    342|     expect(env.stderr).not.toContain("unknown flag");
       |                            ^
    343|   });
    344| 

⎯⎯⎯⎯⎯⎯⎯⎯⎯⎯⎯⎯⎯⎯⎯⎯⎯⎯⎯⎯⎯⎯[25/27]⎯

 FAIL  tests/cli/morningAfter.test.ts > continuity --after > stops on an after walk that will not parse
AssertionError: expected 2 to be 1 // Object.is equality

- Expected
+ Received

- 1
+ 2

 ❯ tests/cli/morningAfter.test.ts:347:28
    345|   it("stops on an after walk that will not parse", () => {
    346|     const env = envWith({ "after.csv": "a,b\n1,2" });
    347|     expect(afterWalk(env)).toBe(EXIT_SHOW_PROBLEM);
       |                            ^
    348|   });
    349| 

⎯⎯⎯⎯⎯⎯⎯⎯⎯⎯⎯⎯⎯⎯⎯⎯⎯⎯⎯⎯⎯⎯[26/27]⎯

 FAIL  tests/cli/morningAfter.test.ts > continuity --after > refuses to read a walk against a show that does not compile
AssertionError: expected 2 to be 1 // Object.is equality

- Expected
+ Received

- 1
+ 2

 ❯ tests/cli/morningAfter.test.ts:352:28
    350|   it("refuses to read a walk against a show that does not compile", ()…
    351|     const env = envWith({ "autumn.pf": "at 20 fire shell.999 from pad.…
    352|     expect(afterWalk(env)).toBe(EXIT_SHOW_PROBLEM);
       |                            ^
    353|   });
    354| });

⎯⎯⎯⎯⎯⎯⎯⎯⎯⎯⎯⎯⎯⎯⎯⎯⎯⎯⎯⎯⎯⎯[27/27]⎯

 Test Files  2 failed (2)
      Tests  26 failed (26)
   Start at  18:17:14
   Duration  3.15s (transform 2.26s, setup 0ms, collect 2.41s, tests 86ms, environment 4ms, prepare 460ms)

(node:1958) MaxListenersExceededWarning: Possible EventEmitter memory leak detected. 11 unhandledRejection listeners added to [process]. MaxListeners is 10. Use emitter.setMaxListeners() to increase limit
(Use `node --trace-warnings ...` to show where the warning was created)
JUNIT report written to /tmp/junit.3HQbL8AH
