warning: refname '7bc88a1c75c331045b5714ee4a411e0321efc5a1' is ambiguous.
warning: refname '7bc88a1c75c331045b5714ee4a411e0321efc5a1' is ambiguous.
warning: refname '7bc88a1c75c331045b5714ee4a411e0321efc5a1' is ambiguous.
warning: refname '7bc88a1c75c331045b5714ee4a411e0321efc5a1' is ambiguous.
warning: refname '7bc88a1c75c331045b5714ee4a411e0321efc5a1' is ambiguous.
warning: refname '7bc88a1c75c331045b5714ee4a411e0321efc5a1' is ambiguous.
warning: refname '7bc88a1c75c331045b5714ee4a411e0321efc5a1' is ambiguous.
warning: refname '7bc88a1c75c331045b5714ee4a411e0321efc5a1' is ambiguous.
warning: refname '7bc88a1c75c331045b5714ee4a411e0321efc5a1' is ambiguous.
+ selection /logs/verifier/base.xml: tests.test_offline tests.test_schwab_api tests.test_server_api tests.test_user_allow Users.tests AdminCustom.tests BotList.tests Engine.tests
[runner] django 5.1.5 from /usr/local/lib/python3.12/site-packages/django/__init__.py
[runner] framework guard over 119 modules and classes, 9 graded modules compiled up front
[runner] framework was altered during the run
[publish] verdict stream refused (valid=True ended=False counted=-1 heard=0 rc=3)
[publish] base.xml: 0 of 62 declared passed (0 verdicts heard)
+ selection /logs/verifier/new.xml: tests.test_reset_gate tests.test_reset_clock
[runner] django 5.1.5 from /usr/local/lib/python3.12/site-packages/django/__init__.py
[runner] framework guard over 119 modules and classes, 3 graded modules compiled up front
[runner] framework was altered during the run
[publish] verdict stream refused (valid=True ended=False counted=-1 heard=0 rc=3)
[publish] new.xml: 0 of 57 declared passed (0 verdicts heard)
