+ env HOME=/tmp/runner-home setpriv --reuid=nobody --regid=nogroup --clear-groups npx vitest run --config /tmp/arenaflow-graded.config.ts --reporter=basic --reporter=junit --outputFile.junit=/verify-pipes/new.fifo

 RUN  v3.2.7 /app

 DEPRECATED  'basic' reporter is deprecated and will be removed in Vitest v3.
Remove 'basic' from 'reporters' option. To match 'basic' reporter 100%, use configuration:
{
  "test": {
    "reporters": [
      [
        "default",
        {
          "summary": false
        }
      ]
    ]
  }
}
 ❯ .verifier-canary/canary.test.ts (1 test | 1 failed) 24ms
   × verifier canary > never passes 23ms
     → expected 1 to be 2 // Object.is equality
 ✓ tests/engine/prize-desk.test.ts (35 tests) 41ms
 ✓ tests/engine/payout-surfaces.test.ts (15 tests) 25ms


⎯⎯⎯⎯⎯⎯⎯ Failed Tests 1 ⎯⎯⎯⎯⎯⎯⎯

 FAIL  .verifier-canary/canary.test.ts > verifier canary > never passes
AssertionError: expected 1 to be 2 // Object.is equality

[32m- Expected[39m
[31m+ Received[39m

[32m- 2[39m
[31m+ 1[39m

 ❯ .verifier-canary/canary.test.ts:5:15
      3| describe("verifier canary", () => {
      4|   it("never passes", () => {
      5|     expect(1).toBe(2);
       |               ^
      6|   });
      7| });

⎯⎯⎯⎯⎯⎯⎯⎯⎯⎯⎯⎯⎯⎯⎯⎯⎯⎯⎯⎯⎯⎯⎯⎯[1/1]⎯


 Test Files  1 failed | 2 passed (3)
      Tests  1 failed | 50 passed (51)
   Start at  04:23:15
   Duration  777ms (transform 545ms, setup 0ms, collect 968ms, tests 90ms, environment 1ms, prepare 238ms)

JUNIT report written to /verify-pipes/new.fifo
+ env HOME=/tmp/runner-home setpriv --reuid=nobody --regid=nogroup --clear-groups npx vitest run --config /tmp/arenaflow-shipped.config.ts --reporter=basic --reporter=junit --outputFile.junit=/verify-pipes/base.fifo

 RUN  v3.2.7 /app

 DEPRECATED  'basic' reporter is deprecated and will be removed in Vitest v3.
Remove 'basic' from 'reporters' option. To match 'basic' reporter 100%, use configuration:
{
  "test": {
    "reporters": [
      [
        "default",
        {
          "summary": false
        }
      ]
    ]
  }
}
 ✓ tests/domain/players.test.ts (9 tests) 8ms
 ✓ tests/events/replay.test.ts (3 tests) 7ms
 ✓ tests/domain/tournaments.test.ts (6 tests) 8ms
 ✓ tests/engine/tournament.test.ts (2 tests) 20ms
 ✓ tests/engine/scenarios.test.ts (13 tests) 22ms
 ✓ tests/engine/catalog.test.ts (10 tests) 6ms
 ✓ tests/engine/scoring.test.ts (3 tests) 6ms
 ✓ tests/events/journal.test.ts (3 tests) 5ms
 ✓ tests/domain/matches.test.ts (4 tests) 7ms
 ✓ tests/engine/ranking.test.ts (3 tests) 6ms
 ✓ tests/engine/anti-cheat.test.ts (3 tests) 4ms
 ✓ tests/examples/recipes.test.ts (12 tests) 13ms
 ✓ tests/engine/matrix.test.ts (25 tests) 9ms
 ✓ tests/integration/api.test.ts (1 test) 10ms
 ✓ tests/integration/replay-seasons.test.ts (2 tests) 7ms
 ✓ tests/core/shared.test.ts (4 tests) 7ms
 ✓ tests/persistence/memory.test.ts (2 tests) 8ms
 ✓ tests/domain/scores.test.ts (4 tests) 5ms
 ✓ tests/engine/rules.test.ts (2 tests) 5ms
 ✓ tests/engine/rewards.test.ts (1 test) 7ms
 ✓ tests/domain/rankings.test.ts (2 tests) 5ms
 ✓ tests/engine/matchmaking.test.ts (2 tests) 5ms
 ✓ tests/sdk/client.test.ts (1 test) 11ms
 ✓ tests/domain/seasons.test.ts (2 tests) 6ms
 ✓ tests/engine/seasons.test.ts (1 test) 5ms
 ✓ tests/persistence/sqlite.test.ts (1 test) 10ms
 ✓ tests/cli/cli.test.ts (2 tests) 8ms
 ✓ tests/examples/walkthrough.test.ts (1 test) 10ms


⎯⎯⎯⎯⎯⎯ Failed Suites 1 ⎯⎯⎯⎯⎯⎯⎯

 FAIL  tests/domain/rewards.test.ts [ tests/domain/rewards.test.ts ]
Error: Transform failed with 1 error:
/app/tests/domain/rewards.test.ts:27:0: ERROR: Unexpected end of file
  Plugin: vite:esbuild
  File: /app/tests/domain/rewards.test.ts:27:0
  
  Unexpected end of file
  25 |  
  26 |  });
  27 |  
     |  ^
  
 ❯ failureErrorWithLog node_modules/esbuild/lib/main.js:1752:15
 ❯ node_modules/esbuild/lib/main.js:1019:50
 ❯ responseCallbacks.<computed> node_modules/esbuild/lib/main.js:886:9
 ❯ handleIncomingPacket node_modules/esbuild/lib/main.js:941:12
 ❯ Socket.readFromStdout node_modules/esbuild/lib/main.js:864:7

⎯⎯⎯⎯⎯⎯⎯⎯⎯⎯⎯⎯⎯⎯⎯⎯⎯⎯⎯⎯⎯⎯⎯⎯[1/1]⎯


 Test Files  1 failed | 28 passed (29)
      Tests  124 passed (124)
   Start at  04:23:17
   Duration  3.53s (transform 1.12s, setup 0ms, collect 3.12s, tests 230ms, environment 7ms, prepare 2.27s)

JUNIT report written to /verify-pipes/base.fifo
