warning: refname '7bc88a1c75c331045b5714ee4a411e0321efc5a1' is ambiguous.
warning: refname '7bc88a1c75c331045b5714ee4a411e0321efc5a1' is ambiguous.
warning: refname '7bc88a1c75c331045b5714ee4a411e0321efc5a1' is ambiguous.
warning: refname '7bc88a1c75c331045b5714ee4a411e0321efc5a1' is ambiguous.
warning: refname '7bc88a1c75c331045b5714ee4a411e0321efc5a1' is ambiguous.
warning: refname '7bc88a1c75c331045b5714ee4a411e0321efc5a1' is ambiguous.
warning: refname '7bc88a1c75c331045b5714ee4a411e0321efc5a1' is ambiguous.
warning: refname '7bc88a1c75c331045b5714ee4a411e0321efc5a1' is ambiguous.
warning: refname '7bc88a1c75c331045b5714ee4a411e0321efc5a1' is ambiguous.
+ selection /logs/verifier/base.xml: tests.test_offline tests.test_schwab_api tests.test_server_api tests.test_user_allow Users.tests AdminCustom.tests BotList.tests Engine.tests
[runner] django 5.1.5 from /usr/local/lib/python3.12/site-packages/django/__init__.py
[runner] framework guard over 119 modules and classes, 9 graded modules compiled up front
refresh token is expired: -86400.000721
INITIAL ORDER SENDING...
{'orderLegCollection': [{'instrument': {'symbol': 'XSP   260326C00600000'}, 'quantity': 1}, {'instrument': {'symbol': 'XSP   260326P00600000'}, 'quantity': 1}], 'price': 5.78}
https://api.schwabapi.com/trader/v1/accounts/offline-account/orders/OFFLINE-1001
Cancelled the order OFFLINE-1001 on the account trader
INITIAL ORDER SENDING...
{'orderLegCollection': [{'instrument': {'symbol': 'XSP   260326C00600000'}, 'quantity': 1}, {'instrument': {'symbol': 'XSP   260326P00600000'}, 'quantity': 1}], 'price': 5.78}
INITIAL ORDER SENDING...
{'orderLegCollection': [{'instrument': {'symbol': 'XSP   260326C00600000'}, 'quantity': 1}, {'instrument': {'symbol': 'XSP   260326P00600000'}, 'quantity': 1}], 'price': 5.78}
getting order status: OFFLINE-1003
INITIAL ORDER SENDING...
{'orderLegCollection': [{'instrument': {'symbol': 'XSP   260326C00600000'}, 'quantity': 1}, {'instrument': {'symbol': 'XSP   260326P00600000'}, 'quantity': 1}], 'price': 5.78}
getting order status: OFFLINE-1004
INITIAL ORDER SENDING...
{'orderLegCollection': [{'instrument': {'symbol': 'XSP   260326C00600000'}, 'quantity': 1}, {'instrument': {'symbol': 'XSP   260326P00600000'}, 'quantity': 1}], 'price': 5.78}
Invalid user: missing-user
auth expired or not performed
auth expired or not performed
auth expired or not performed
auth expired or not performed
[publish] base.xml: 62 of 62 declared passed (62 verdicts heard)
+ selection /logs/verifier/new.xml: tests.test_reset_gate tests.test_reset_clock
[runner] django 5.1.5 from /usr/local/lib/python3.12/site-packages/django/__init__.py
[runner] framework guard over 119 modules and classes, 3 graded modules compiled up front
Bad Request: /change_password/
[publish] new.xml: 0 of 57 declared passed (57 verdicts heard)
