OK        stand-adds-both-ends                   reward=0  f2p 91/91 p2p 350/350
OK        redecking-moves-once-a-deck            reward=0  f2p 90/91 p2p 350/350
OK        move-forgets-the-keps                  reward=0  f2p 92/91 p2p 350/350
OK        deck-change-forgets-the-tubs           reward=0  f2p 92/91 p2p 350/350
OK        skip-stands-once-a-deck                reward=0  f2p 93/91 p2p 350/350
OK        counterweight-stands-like-a-cage       reward=0  f2p 93/91 p2p 350/350
SURVIVED  profile-loses-its-other-figures        reward=1  f2p 94/91 p2p 350/350
OK        cage-tared-at-its-payload              reward=0  f2p 85/91 p2p 350/350
OK        cage-ignores-the-rope                  reward=0  f2p 81/91 p2p 350/350
OK        decks-allowed-counts-past-the-rope     reward=0  f2p 87/91 p2p 350/350
SURVIVED  best-decks-takes-the-higher-tie        reward=1  f2p 94/91 p2p 350/350
OK        deck-payload-forgets-the-tubs-a-deck   reward=0  f2p 82/91 p2p 350/350
OK        standing-share-against-the-wind        reward=0  f2p 92/91 p2p 350/350
OK        a-day-is-always-sixteen-hours          reward=0  f2p 92/91 p2p 350/350
OK        keps-take-five-seconds                 reward=0  f2p 92/91 p2p 350/350
OK        a-settling-of-nothing-is-allowed       reward=0  f2p 93/91 p2p 350/350
OK        half-a-tub-a-deck-is-allowed           reward=0  f2p 93/91 p2p 350/350
OK        worth-of-a-deck-the-other-way-round    reward=0  f2p 91/91 p2p 350/350
2 mutants survived of 18
DONE
