watching XK2or0zB11qNuvT5D4OJ every 120s (Ctrl-C to stop)
08:38:49 status=Validating
    ciChecks           passed
    aiCheck            passed
    similarity         passed
    oracleNop          running
    qualityCheck       -
    easinessProbe      -
    difficultyProbe    -
    failureValidation  -
08:42:52 status=Validating
    ciChecks           passed
    aiCheck            passed
    similarity         passed
    oracleNop          passed
    qualityCheck       running
    easinessProbe      -
    difficultyProbe    -
    failureValidation  -
08:46:55 status=Validating
    ciChecks           passed
    aiCheck            passed
    similarity         passed
    oracleNop          passed
    qualityCheck       passed / pass
    easinessProbe      running
    difficultyProbe    -
    failureValidation  -
09:01:06 status=Validating
    ciChecks           passed
    aiCheck            passed
    similarity         passed
    oracleNop          passed
    qualityCheck       passed / pass
    easinessProbe      passed / pass
    difficultyProbe    running
    failureValidation  -
09:25:22 status=Needs Review
    ciChecks           passed
    aiCheck            passed
    similarity         passed
    oracleNop          passed
    qualityCheck       passed / pass
    easinessProbe      passed / pass
    difficultyProbe    passed
    failureValidation  passed / pass
== TERMINAL: Needs Review ==
   * ciChecks finding [warning] instruction.md is 296 words — aim under 250. Long specs tend to enumerate internals the solver should discover; state the required behavior and stop. (instruction.md)
