+ jest selection base: /app/__tests__/api-key.test.ts /app/__tests__/file-utils.test.ts /app/__tests__/image-processor.test.ts /app/__tests__/share-manager.test.ts /app/__tests__/share-utils.test.ts /app/__tests__/stats.test.ts /app/__tests__/version-trash.test.ts /app/__tests__/webhook.test.ts /app/__tests__/workspace-rbac.test.ts
PASS __tests__/stats.test.ts
PASS __tests__/file-utils.test.ts
PASS __tests__/api-key.test.ts
PASS __tests__/share-utils.test.ts
PASS __tests__/image-processor.test.ts
PASS __tests__/workspace-rbac.test.ts
PASS __tests__/webhook.test.ts
PASS __tests__/version-trash.test.ts
PASS __tests__/share-manager.test.ts

Test Suites: 9 passed, 9 total
Tests:       95 passed, 95 total
Snapshots:   0 total
Time:        6.35 s
Ran all test suites within paths "/app/__tests__/api-key.test.ts", "/app/__tests__/file-utils.test.ts", "/app/__tests__/image-processor.test.ts", "/app/__tests__/share-manager.test.ts", "/app/__tests__/share-utils.test.ts", "/app/__tests__/stats.test.ts", "/app/__tests__/version-trash.test.ts", "/app/__tests__/webhook.test.ts", "/app/__tests__/workspace-rbac.test.ts".
[publish] p2p_node_ids -> 95 declared, 95 passed, 0 failed (honest=True)
+ jest selection new: /app/__tests__/metering-fold.test.ts /app/__tests__/plan-balances.test.ts
PASS __tests__/metering-fold.test.ts
PASS __tests__/plan-balances.test.ts

Test Suites: 2 passed, 2 total
Tests:       95 passed, 95 total
Snapshots:   0 total
Time:        3.892 s
Ran all test suites within paths "/app/__tests__/metering-fold.test.ts", "/app/__tests__/plan-balances.test.ts".
[publish] f2p_node_ids -> 95 declared, 95 passed, 0 failed (honest=True)
