frame: unchanged outside the markers
instruction: 289 words, trailer exact, no tells, no placeholders
== rows ==
  oracle                               f2p 52   p2p 99   reward 1    ok
  base                                 f2p 0    p2p 99   reward 0    ok
  empty                                f2p 0    p2p 99   reward 0    ok
  union_keeps_duplicates               f2p 42   p2p 99   reward 0    ok
  intersect_all_keeps_every_left_copy  f2p 51   p2p 99   reward 0    ok
  except_all_drops_every_matched_copy  f2p 49   p2p 99   reward 0    ok
  except_distinct_counts_copies        f2p 50   p2p 99   reward 0    ok
  copies_kept_are_the_trailing_ones    f2p 51   p2p 99   reward 0    ok
  nulls_never_pair                     f2p 51   p2p 99   reward 0    ok
  a_narrow_branch_keeps_its_own_values f2p 50   p2p 99   reward 0    ok
  names_come_from_the_right_branch     f2p 49   p2p 99   reward 0    ok
  every_operator_folds_from_the_left   f2p 50   p2p 99   reward 0    ok
  an_unresolvable_order_key_is_ignored f2p 51   p2p 99   reward 0    ok
  trailing_clauses_bind_to_the_last_branch f2p 34   p2p 99   reward 0    ok
  branches_need_not_line_up            f2p 51   p2p 99   reward 0    ok
  the_bound_is_the_limit_alone         f2p 46   p2p 99   reward 0    ok
  every_set_operator_is_bounded        f2p 49   p2p 99   reward 0    ok
  the_bound_is_reapplied_every_pass    f2p 51   p2p 99   reward 0    ok
  a_sort_no_longer_blocks_the_bound    f2p 51   p2p 99   reward 0    ok
  explain_names_the_node_not_the_operator f2p 51   p2p 99   reward 0    ok
  build_script                         f2p 0    p2p 0    reward 0    ok
      [verifier] INTEGRITY: /app/build.rs is present and is not part of this repository
      [verifier] INTEGRITY: /app/build.rs is a build script and is not part of this repository
      [verifier] INTEGRITY: /app/build.rs is a build script, which runs at compile time
  cargo_rustc_wrapper                  f2p 0    p2p 0    reward 0    ok
      [verifier] INTEGRITY: /app/.cargo/config.toml redirects the compiler or the test runner
  harness_false_manifest               f2p 0    p2p 0    reward 0    ok
      [verifier] INTEGRITY: /app/Cargo.toml declares a target named branch_pairing
      [verifier] INTEGRITY: /app/Cargo.toml declares a test target with harness = false
  claims_a_graded_target_name          f2p 0    p2p 0    reward 0    ok
      [verifier] INTEGRITY: /app/Cargo.toml declares a target named aggregation
  toolchain_file                       f2p 0    p2p 0    reward 0    ok
      [verifier] INTEGRITY: /app/rust-toolchain.toml is present and is not part of this repository
  nested_build_script                  f2p 0    p2p 0    reward 0    ok
      [verifier] INTEGRITY: /app/helper/build.rs is a build script and is not part of this repository
      [verifier] INTEGRITY: /app/Cargo.toml depends on a crate by path
      [verifier] INTEGRITY: /app/helper/build.rs is a build script, which runs at compile time
  proc_macro_crate                     f2p 0    p2p 0    reward 0    ok
      [verifier] INTEGRITY: /app/Cargo.toml depends on a crate by path
      [verifier] INTEGRITY: /app/sleight/Cargo.toml declares a proc-macro library
  include_str_the_held_out_patch       f2p 0    p2p 0    reward 0    ok
  rewrites_an_inherited_suite          f2p 52   p2p 99   reward 1    ok
  rewrites_a_held_out_suite            f2p 52   p2p 99   reward 1    ok
  harmless_cargo_config                f2p 52   p2p 99   reward 1    ok
  adds_its_own_test_file               f2p 52   p2p 99   reward 1    ok

all rows behaved as declared
work tree: /tmp/tmp.B8GU0xuEdW
