+ node node_modules/vitest/vitest.mjs run --config ./vitest.config.ts --reporter=default --reporter=junit --outputFile=/tmp/junit.t7u3hv8z tests/catalog/calibre.test.ts tests/catalog/effect.test.ts tests/catalog/envelope.test.ts tests/catalog/hazard.test.ts tests/catalog/inventory.test.ts tests/catalog/lift.test.ts tests/catalog/magazine.test.ts tests/catalog/palette.test.ts tests/catalog/parse.test.ts tests/catalog/registry.test.ts tests/catalog/substitute.test.ts tests/catalog/timing.test.ts tests/catalog/validate.test.ts tests/cli/args.test.ts tests/cli/commands.test.ts tests/cli/command.test.ts tests/cli/completion.test.ts tests/cli/diffHazard.test.ts tests/cli/distance.test.ts tests/cli/label.test.ts tests/cli/lint.test.ts tests/cli/permitContinuity.test.ts tests/cli/planLayout.test.ts tests/cli/preview.test.ts tests/cli/sheetInventory.test.ts tests/compile.test.ts tests/core/codes.test.ts tests/core/collect.test.ts tests/core/csv.test.ts tests/core/diagnostic.test.ts tests/core/graph.test.ts tests/core/ids.test.ts tests/core/interval.test.ts tests/core/numeric.test.ts tests/core/result.test.ts tests/core/rng.test.ts tests/core/span.test.ts tests/core/text.test.ts tests/core/timecode.test.ts tests/core/units.test.ts tests/coverage.test.ts tests/endToEnd.test.ts tests/examples.test.ts tests/export/explain.test.ts tests/export/firingTable.test.ts tests/export/json.test.ts tests/export/pack.test.ts tests/export/permit.test.ts tests/export/sheets.test.ts tests/export/siteplan.test.ts tests/large.test.ts tests/rig/allocate.test.ts tests/rig/circuit.test.ts tests/rig/continuity.test.ts tests/rig/layout.test.ts tests/rig/module.test.ts tests/rig/parse.test.ts tests/rig/pin.test.ts tests/rig/redundancy.test.ts tests/rig/rig.test.ts tests/rig/wiring.test.ts tests/robust.test.ts tests/safety/crowd.test.ts tests/safety/distance.test.ts tests/safety/noise.test.ts tests/safety/rules.test.ts tests/safety/site.test.ts tests/safety/wind.test.ts tests/script/annotate.test.ts tests/script/ast.test.ts tests/script/expand.test.ts tests/script/format.test.ts tests/script/include.test.ts tests/script/lint.test.ts tests/script/parser.test.ts tests/script/renumber.test.ts tests/script/resolve.test.ts tests/script/token.test.ts tests/sim/preview.test.ts tests/sim/trajectory.test.ts tests/surface.test.ts tests/timeline/balance.test.ts tests/timeline/chain.test.ts tests/timeline/density.test.ts tests/timeline/diff.test.ts tests/timeline/load.test.ts tests/timeline/misfire.test.ts tests/timeline/quantise.test.ts tests/timeline/rehearsal.test.ts tests/timeline/schedule.test.ts tests/timeline/sync.test.ts tests/version.test.ts

 RUN  v2.1.8 /app

 ✓ tests/coverage.test.ts (38 tests) 34ms
 ✓ tests/rig/redundancy.test.ts (32 tests) 41ms
 ✓ tests/cli/commands.test.ts (28 tests) 67ms
 ✓ tests/script/parser.test.ts (38 tests) 17ms
 ✓ tests/compile.test.ts (30 tests) 36ms
 ✓ tests/safety/noise.test.ts (28 tests) 22ms
 ✓ tests/safety/rules.test.ts (22 tests) 20ms
 ✓ tests/rig/wiring.test.ts (24 tests) 28ms
 ✓ tests/safety/crowd.test.ts (32 tests) 22ms
 ✓ tests/rig/continuity.test.ts (25 tests) 19ms
 ✓ tests/timeline/diff.test.ts (18 tests) 14ms
 ✓ tests/timeline/load.test.ts (19 tests) 17ms
 ✓ tests/script/expand.test.ts (24 tests) 21ms
 ✓ tests/cli/permitContinuity.test.ts (22 tests) 41ms
 ✓ tests/endToEnd.test.ts (31 tests) 167ms
 ✓ tests/timeline/chain.test.ts (18 tests) 20ms
 ✓ tests/robust.test.ts (137 tests) 223ms
 ✓ tests/catalog/substitute.test.ts (23 tests) 14ms
 ✓ tests/rig/layout.test.ts (19 tests) 29ms
 ✓ tests/export/permit.test.ts (22 tests) 10ms
 ✓ tests/cli/sheetInventory.test.ts (19 tests) 39ms
 ✓ tests/timeline/sync.test.ts (25 tests) 18ms
 ✓ tests/catalog/parse.test.ts (20 tests) 11ms
 ✓ tests/cli/planLayout.test.ts (24 tests) 66ms
 ✓ tests/timeline/misfire.test.ts (20 tests) 12ms
 ✓ tests/cli/command.test.ts (25 tests) 14ms
 ✓ tests/timeline/density.test.ts (18 tests) 18ms
 ✓ tests/catalog/palette.test.ts (25 tests) 21ms
 ✓ tests/cli/args.test.ts (30 tests) 14ms
 ✓ tests/rig/allocate.test.ts (16 tests) 15ms
 ✓ tests/core/timecode.test.ts (32 tests) 13ms
 ✓ tests/timeline/schedule.test.ts (18 tests) 14ms
 ✓ tests/timeline/balance.test.ts (22 tests) 16ms
 ✓ tests/timeline/rehearsal.test.ts (18 tests) 20ms
 ✓ tests/core/diagnostic.test.ts (19 tests) 17ms
 ✓ tests/script/resolve.test.ts (22 tests) 14ms
 ✓ tests/catalog/hazard.test.ts (23 tests) 12ms
 ✓ tests/script/renumber.test.ts (22 tests) 19ms
 ✓ tests/export/json.test.ts (21 tests) 16ms
 ✓ tests/core/text.test.ts (34 tests) 22ms
 ✓ tests/script/lint.test.ts (22 tests) 16ms
 ✓ tests/core/rng.test.ts (29 tests) 86ms
 ✓ tests/rig/parse.test.ts (26 tests) 12ms
 ✓ tests/catalog/validate.test.ts (23 tests) 13ms
 ✓ tests/rig/rig.test.ts (27 tests) 24ms
 ✓ tests/examples.test.ts (17 tests) 114ms
 ✓ tests/timeline/quantise.test.ts (17 tests) 18ms
 ✓ tests/export/explain.test.ts (19 tests) 9ms
 ✓ tests/cli/diffHazard.test.ts (16 tests) 53ms
 ✓ tests/catalog/inventory.test.ts (20 tests) 11ms
 ✓ tests/safety/wind.test.ts (26 tests) 14ms
 ✓ tests/export/pack.test.ts (16 tests) 36ms
 ✓ tests/version.test.ts (25 tests) 28ms
 ✓ tests/catalog/effect.test.ts (20 tests) 11ms
 ✓ tests/export/siteplan.test.ts (14 tests) 20ms
 ✓ tests/core/span.test.ts (26 tests) 11ms
 ✓ tests/export/firingTable.test.ts (19 tests) 16ms
 ✓ tests/script/token.test.ts (24 tests) 12ms
 ✓ tests/catalog/registry.test.ts (21 tests) 10ms
 ✓ tests/core/result.test.ts (26 tests) 11ms
 ✓ tests/script/include.test.ts (17 tests) 15ms
 ✓ tests/catalog/envelope.test.ts (21 tests) 9ms
 ✓ tests/core/interval.test.ts (29 tests) 11ms
 ✓ tests/script/format.test.ts (21 tests) 17ms
 ✓ tests/cli/lint.test.ts (19 tests) 22ms
 ✓ tests/sim/preview.test.ts (19 tests) 14ms
 ✓ tests/safety/distance.test.ts (20 tests) 13ms
 ✓ tests/export/sheets.test.ts (20 tests) 11ms
 ✓ tests/catalog/timing.test.ts (22 tests) 10ms
 ✓ tests/script/annotate.test.ts (15 tests) 22ms
 ✓ tests/core/numeric.test.ts (27 tests) 22ms
 ✓ tests/core/ids.test.ts (25 tests) 11ms
 ✓ tests/rig/pin.test.ts (23 tests) 13ms
 ✓ tests/core/codes.test.ts (17 tests) 26ms
 ✓ tests/rig/circuit.test.ts (24 tests) 14ms
 ✓ tests/core/csv.test.ts (28 tests) 11ms
 ✓ tests/core/graph.test.ts (22 tests) 10ms
 ✓ tests/script/ast.test.ts (19 tests) 13ms
 ✓ tests/catalog/calibre.test.ts (19 tests) 16ms
 ✓ tests/rig/module.test.ts (19 tests) 13ms
 ✓ tests/safety/site.test.ts (19 tests) 9ms
 ✓ tests/catalog/magazine.test.ts (14 tests) 11ms
 ✓ tests/cli/distance.test.ts (17 tests) 20ms
 ✓ tests/core/units.test.ts (21 tests) 11ms
 ✓ tests/catalog/lift.test.ts (18 tests) 10ms
 ✓ tests/sim/trajectory.test.ts (20 tests) 863ms
   ✓ trajectoryFor > agrees with the table across the range 408ms
 ✓ tests/cli/label.test.ts (13 tests) 15ms
 ✓ tests/large.test.ts (11 tests) 358ms
 ✓ tests/cli/preview.test.ts (9 tests) 31ms
 ✓ tests/core/collect.test.ts (12 tests) 12ms
 ✓ tests/cli/completion.test.ts (14 tests) 15ms
 ✓ tests/surface.test.ts (7 tests) 6ms

 Test Files  92 passed (92)
      Tests  2117 passed (2117)
   Start at  20:56:32
   Duration  11.47s (transform 1.87s, setup 0ms, collect 9.23s, tests 3.43s, environment 20ms, prepare 6.99s)

JUNIT report written to /tmp/junit.t7u3hv8z
+ node node_modules/vitest/vitest.mjs run --config ./vitest.config.ts --reporter=default --reporter=junit --outputFile=/tmp/junit.SgRfmJWr tests/timeline/panelClock.test.ts tests/cli/morningAfter.test.ts

 RUN  v2.1.8 /app

 ✓ tests/cli/morningAfter.test.ts (26 tests) 40ms
 ✓ tests/timeline/panelClock.test.ts (47 tests) 33ms

 Test Files  2 passed (2)
      Tests  73 passed (73)
   Start at  20:56:44
   Duration  1.10s (transform 656ms, setup 0ms, collect 1.60s, tests 73ms, environment 0ms, prepare 171ms)

JUNIT report written to /tmp/junit.SgRfmJWr
