watching yWFWqQAR9fklxVd8soyF every 120s (Ctrl-C to stop)
17:31:14 status=Validating
    ciChecks           passed
    aiCheck            passed
    similarity         passed
    oracleNop          running
    qualityCheck       -
    easinessProbe      -
    difficultyProbe    -
    failureValidation  -
17:35:17 status=Validating
    ciChecks           passed
    aiCheck            passed
    similarity         passed
    oracleNop          passed
    qualityCheck       running
    easinessProbe      -
    difficultyProbe    -
    failureValidation  -
17:39:19 status=Validating
    ciChecks           passed
    aiCheck            passed
    similarity         passed
    oracleNop          passed
    qualityCheck       passed / pass
    easinessProbe      running
    difficultyProbe    -
    failureValidation  -
17:53:29 status=Validating
    ciChecks           passed
    aiCheck            passed
    similarity         passed
    oracleNop          passed
    qualityCheck       passed / pass
    easinessProbe      passed / pass
    difficultyProbe    running
    failureValidation  -
17:57:43 not readable (429): {"_raw": "<!DOCTYPE html><html lang=\"en\" data-astro-cid-4wdtffzm><head><meta charset=\"utf-8\"><meta name=\"viewport\" content=\"width=device-width, initial-scale=1\"><meta name=\"theme-color\" content=\"#000\"><title>Vercel Security Checkpoint</title><style>.spinner[data-astro-cid-ijmsm3te]{flex-
17:59:55 not readable (429): {"_raw": "<!DOCTYPE html><html lang=\"en\" data-astro-cid-4wdtffzm><head><meta charset=\"utf-8\"><meta name=\"viewport\" content=\"width=device-width, initial-scale=1\"><meta name=\"theme-color\" content=\"#000\"><title>Vercel Security Checkpoint</title><style>.spinner[data-astro-cid-ijmsm3te]{flex-
18:02:08 not readable (429): {"_raw": "<!DOCTYPE html><html lang=\"en\" data-astro-cid-4wdtffzm><head><meta charset=\"utf-8\"><meta name=\"viewport\" content=\"width=device-width, initial-scale=1\"><meta name=\"theme-color\" content=\"#000\"><title>Vercel Security Checkpoint</title><style>.spinner[data-astro-cid-ijmsm3te]{flex-
18:04:20 not readable (429): {"_raw": "<!DOCTYPE html><html lang=\"en\" data-astro-cid-4wdtffzm><head><meta charset=\"utf-8\"><meta name=\"viewport\" content=\"width=device-width, initial-scale=1\"><meta name=\"theme-color\" content=\"#000\"><title>Vercel Security Checkpoint</title><style>.spinner[data-astro-cid-ijmsm3te]{flex-
18:06:32 not readable (429): {"_raw": "<!DOCTYPE html><html lang=\"en\" data-astro-cid-4wdtffzm><head><meta charset=\"utf-8\"><meta name=\"viewport\" content=\"width=device-width, initial-scale=1\"><meta name=\"theme-color\" content=\"#000\"><title>Vercel Security Checkpoint</title><style>.spinner[data-astro-cid-ijmsm3te]{flex-
18:08:44 not readable (429): {"_raw": "<!DOCTYPE html><html lang=\"en\" data-astro-cid-4wdtffzm><head><meta charset=\"utf-8\"><meta name=\"viewport\" content=\"width=device-width, initial-scale=1\"><meta name=\"theme-color\" content=\"#000\"><title>Vercel Security Checkpoint</title><style>.spinner[data-astro-cid-ijmsm3te]{flex-
18:10:57 not readable (429): {"_raw": "<!DOCTYPE html><html lang=\"en\" data-astro-cid-4wdtffzm><head><meta charset=\"utf-8\"><meta name=\"viewport\" content=\"width=device-width, initial-scale=1\"><meta name=\"theme-color\" content=\"#000\"><title>Vercel Security Checkpoint</title><style>.spinner[data-astro-cid-ijmsm3te]{flex-
18:13:09 not readable (429): {"_raw": "<!DOCTYPE html><html lang=\"en\" data-astro-cid-4wdtffzm><head><meta charset=\"utf-8\"><meta name=\"viewport\" content=\"width=device-width, initial-scale=1\"><meta name=\"theme-color\" content=\"#000\"><title>Vercel Security Checkpoint</title><style>.spinner[data-astro-cid-ijmsm3te]{flex-
18:15:21 not readable (429): {"_raw": "<!DOCTYPE html><html lang=\"en\" data-astro-cid-4wdtffzm><head><meta charset=\"utf-8\"><meta name=\"viewport\" content=\"width=device-width, initial-scale=1\"><meta name=\"theme-color\" content=\"#000\"><title>Vercel Security Checkpoint</title><style>.spinner[data-astro-cid-ijmsm3te]{flex-
18:17:33 not readable (429): {"_raw": "<!DOCTYPE html><html lang=\"en\" data-astro-cid-4wdtffzm><head><meta charset=\"utf-8\"><meta name=\"viewport\" content=\"width=device-width, initial-scale=1\"><meta name=\"theme-color\" content=\"#000\"><title>Vercel Security Checkpoint</title><style>.spinner[data-astro-cid-ijmsm3te]{flex-
18:19:45 not readable (429): {"_raw": "<!DOCTYPE html><html lang=\"en\" data-astro-cid-4wdtffzm><head><meta charset=\"utf-8\"><meta name=\"viewport\" content=\"width=device-width, initial-scale=1\"><meta name=\"theme-color\" content=\"#000\"><title>Vercel Security Checkpoint</title><style>.spinner[data-astro-cid-ijmsm3te]{flex-
18:21:58 not readable (429): {"_raw": "<!DOCTYPE html><html lang=\"en\" data-astro-cid-4wdtffzm><head><meta charset=\"utf-8\"><meta name=\"viewport\" content=\"width=device-width, initial-scale=1\"><meta name=\"theme-color\" content=\"#000\"><title>Vercel Security Checkpoint</title><style>.spinner[data-astro-cid-ijmsm3te]{flex-
18:24:10 not readable (429): {"_raw": "<!DOCTYPE html><html lang=\"en\" data-astro-cid-4wdtffzm><head><meta charset=\"utf-8\"><meta name=\"viewport\" content=\"width=device-width, initial-scale=1\"><meta name=\"theme-color\" content=\"#000\"><title>Vercel Security Checkpoint</title><style>.spinner[data-astro-cid-ijmsm3te]{flex-
18:26:22 not readable (429): {"_raw": "<!DOCTYPE html><html lang=\"en\" data-astro-cid-4wdtffzm><head><meta charset=\"utf-8\"><meta name=\"viewport\" content=\"width=device-width, initial-scale=1\"><meta name=\"theme-color\" content=\"#000\"><title>Vercel Security Checkpoint</title><style>.spinner[data-astro-cid-ijmsm3te]{flex-
18:28:34 not readable (429): {"_raw": "<!DOCTYPE html><html lang=\"en\" data-astro-cid-4wdtffzm><head><meta charset=\"utf-8\"><meta name=\"viewport\" content=\"width=device-width, initial-scale=1\"><meta name=\"theme-color\" content=\"#000\"><title>Vercel Security Checkpoint</title><style>.spinner[data-astro-cid-ijmsm3te]{flex-
18:30:47 not readable (429): {"_raw": "<!DOCTYPE html><html lang=\"en\" data-astro-cid-4wdtffzm><head><meta charset=\"utf-8\"><meta name=\"viewport\" content=\"width=device-width, initial-scale=1\"><meta name=\"theme-color\" content=\"#000\"><title>Vercel Security Checkpoint</title><style>.spinner[data-astro-cid-ijmsm3te]{flex-
18:32:59 not readable (429): {"_raw": "<!DOCTYPE html><html lang=\"en\" data-astro-cid-4wdtffzm><head><meta charset=\"utf-8\"><meta name=\"viewport\" content=\"width=device-width, initial-scale=1\"><meta name=\"theme-color\" content=\"#000\"><title>Vercel Security Checkpoint</title><style>.spinner[data-astro-cid-ijmsm3te]{flex-
18:35:11 not readable (429): {"_raw": "<!DOCTYPE html><html lang=\"en\" data-astro-cid-4wdtffzm><head><meta charset=\"utf-8\"><meta name=\"viewport\" content=\"width=device-width, initial-scale=1\"><meta name=\"theme-color\" content=\"#000\"><title>Vercel Security Checkpoint</title><style>.spinner[data-astro-cid-ijmsm3te]{flex-
18:37:23 not readable (429): {"_raw": "<!DOCTYPE html><html lang=\"en\" data-astro-cid-4wdtffzm><head><meta charset=\"utf-8\"><meta name=\"viewport\" content=\"width=device-width, initial-scale=1\"><meta name=\"theme-color\" content=\"#000\"><title>Vercel Security Checkpoint</title><style>.spinner[data-astro-cid-ijmsm3te]{flex-
18:39:35 not readable (429): {"_raw": "<!DOCTYPE html><html lang=\"en\" data-astro-cid-4wdtffzm><head><meta charset=\"utf-8\"><meta name=\"viewport\" content=\"width=device-width, initial-scale=1\"><meta name=\"theme-color\" content=\"#000\"><title>Vercel Security Checkpoint</title><style>.spinner[data-astro-cid-ijmsm3te]{flex-
18:41:48 not readable (429): {"_raw": "<!DOCTYPE html><html lang=\"en\" data-astro-cid-4wdtffzm><head><meta charset=\"utf-8\"><meta name=\"viewport\" content=\"width=device-width, initial-scale=1\"><meta name=\"theme-color\" content=\"#000\"><title>Vercel Security Checkpoint</title><style>.spinner[data-astro-cid-ijmsm3te]{flex-
18:44:00 not readable (429): {"_raw": "<!DOCTYPE html><html lang=\"en\" data-astro-cid-4wdtffzm><head><meta charset=\"utf-8\"><meta name=\"viewport\" content=\"width=device-width, initial-scale=1\"><meta name=\"theme-color\" content=\"#000\"><title>Vercel Security Checkpoint</title><style>.spinner[data-astro-cid-ijmsm3te]{flex-
18:46:12 not readable (429): {"_raw": "<!DOCTYPE html><html lang=\"en\" data-astro-cid-4wdtffzm><head><meta charset=\"utf-8\"><meta name=\"viewport\" content=\"width=device-width, initial-scale=1\"><meta name=\"theme-color\" content=\"#000\"><title>Vercel Security Checkpoint</title><style>.spinner[data-astro-cid-ijmsm3te]{flex-
18:48:24 not readable (429): {"_raw": "<!DOCTYPE html><html lang=\"en\" data-astro-cid-4wdtffzm><head><meta charset=\"utf-8\"><meta name=\"viewport\" content=\"width=device-width, initial-scale=1\"><meta name=\"theme-color\" content=\"#000\"><title>Vercel Security Checkpoint</title><style>.spinner[data-astro-cid-ijmsm3te]{flex-
18:50:37 not readable (429): {"_raw": "<!DOCTYPE html><html lang=\"en\" data-astro-cid-4wdtffzm><head><meta charset=\"utf-8\"><meta name=\"viewport\" content=\"width=device-width, initial-scale=1\"><meta name=\"theme-color\" content=\"#000\"><title>Vercel Security Checkpoint</title><style>.spinner[data-astro-cid-ijmsm3te]{flex-
18:52:49 not readable (429): {"_raw": "<!DOCTYPE html><html lang=\"en\" data-astro-cid-4wdtffzm><head><meta charset=\"utf-8\"><meta name=\"viewport\" content=\"width=device-width, initial-scale=1\"><meta name=\"theme-color\" content=\"#000\"><title>Vercel Security Checkpoint</title><style>.spinner[data-astro-cid-ijmsm3te]{flex-
18:55:01 not readable (429): {"_raw": "<!DOCTYPE html><html lang=\"en\" data-astro-cid-4wdtffzm><head><meta charset=\"utf-8\"><meta name=\"viewport\" content=\"width=device-width, initial-scale=1\"><meta name=\"theme-color\" content=\"#000\"><title>Vercel Security Checkpoint</title><style>.spinner[data-astro-cid-ijmsm3te]{flex-
18:57:13 not readable (429): {"_raw": "<!DOCTYPE html><html lang=\"en\" data-astro-cid-4wdtffzm><head><meta charset=\"utf-8\"><meta name=\"viewport\" content=\"width=device-width, initial-scale=1\"><meta name=\"theme-color\" content=\"#000\"><title>Vercel Security Checkpoint</title><style>.spinner[data-astro-cid-ijmsm3te]{flex-
18:59:25 not readable (429): {"_raw": "<!DOCTYPE html><html lang=\"en\" data-astro-cid-4wdtffzm><head><meta charset=\"utf-8\"><meta name=\"viewport\" content=\"width=device-width, initial-scale=1\"><meta name=\"theme-color\" content=\"#000\"><title>Vercel Security Checkpoint</title><style>.spinner[data-astro-cid-ijmsm3te]{flex-
19:01:38 not readable (429): {"_raw": "<!DOCTYPE html><html lang=\"en\" data-astro-cid-4wdtffzm><head><meta charset=\"utf-8\"><meta name=\"viewport\" content=\"width=device-width, initial-scale=1\"><meta name=\"theme-color\" content=\"#000\"><title>Vercel Security Checkpoint</title><style>.spinner[data-astro-cid-ijmsm3te]{flex-
19:03:50 not readable (429): {"_raw": "<!DOCTYPE html><html lang=\"en\" data-astro-cid-4wdtffzm><head><meta charset=\"utf-8\"><meta name=\"viewport\" content=\"width=device-width, initial-scale=1\"><meta name=\"theme-color\" content=\"#000\"><title>Vercel Security Checkpoint</title><style>.spinner[data-astro-cid-ijmsm3te]{flex-
19:06:02 not readable (429): {"_raw": "<!DOCTYPE html><html lang=\"en\" data-astro-cid-4wdtffzm><head><meta charset=\"utf-8\"><meta name=\"viewport\" content=\"width=device-width, initial-scale=1\"><meta name=\"theme-color\" content=\"#000\"><title>Vercel Security Checkpoint</title><style>.spinner[data-astro-cid-ijmsm3te]{flex-
19:08:14 not readable (429): {"_raw": "<!DOCTYPE html><html lang=\"en\" data-astro-cid-4wdtffzm><head><meta charset=\"utf-8\"><meta name=\"viewport\" content=\"width=device-width, initial-scale=1\"><meta name=\"theme-color\" content=\"#000\"><title>Vercel Security Checkpoint</title><style>.spinner[data-astro-cid-ijmsm3te]{flex-
19:10:26 not readable (429): {"_raw": "<!DOCTYPE html><html lang=\"en\" data-astro-cid-4wdtffzm><head><meta charset=\"utf-8\"><meta name=\"viewport\" content=\"width=device-width, initial-scale=1\"><meta name=\"theme-color\" content=\"#000\"><title>Vercel Security Checkpoint</title><style>.spinner[data-astro-cid-ijmsm3te]{flex-
19:12:39 not readable (429): {"_raw": "<!DOCTYPE html><html lang=\"en\" data-astro-cid-4wdtffzm><head><meta charset=\"utf-8\"><meta name=\"viewport\" content=\"width=device-width, initial-scale=1\"><meta name=\"theme-color\" content=\"#000\"><title>Vercel Security Checkpoint</title><style>.spinner[data-astro-cid-ijmsm3te]{flex-
19:14:51 not readable (429): {"_raw": "<!DOCTYPE html><html lang=\"en\" data-astro-cid-4wdtffzm><head><meta charset=\"utf-8\"><meta name=\"viewport\" content=\"width=device-width, initial-scale=1\"><meta name=\"theme-color\" content=\"#000\"><title>Vercel Security Checkpoint</title><style>.spinner[data-astro-cid-ijmsm3te]{flex-
19:17:03 not readable (429): {"_raw": "<!DOCTYPE html><html lang=\"en\" data-astro-cid-4wdtffzm><head><meta charset=\"utf-8\"><meta name=\"viewport\" content=\"width=device-width, initial-scale=1\"><meta name=\"theme-color\" content=\"#000\"><title>Vercel Security Checkpoint</title><style>.spinner[data-astro-cid-ijmsm3te]{flex-
19:19:15 not readable (429): {"_raw": "<!DOCTYPE html><html lang=\"en\" data-astro-cid-4wdtffzm><head><meta charset=\"utf-8\"><meta name=\"viewport\" content=\"width=device-width, initial-scale=1\"><meta name=\"theme-color\" content=\"#000\"><title>Vercel Security Checkpoint</title><style>.spinner[data-astro-cid-ijmsm3te]{flex-
19:21:27 not readable (429): {"_raw": "<!DOCTYPE html><html lang=\"en\" data-astro-cid-4wdtffzm><head><meta charset=\"utf-8\"><meta name=\"viewport\" content=\"width=device-width, initial-scale=1\"><meta name=\"theme-color\" content=\"#000\"><title>Vercel Security Checkpoint</title><style>.spinner[data-astro-cid-ijmsm3te]{flex-
19:23:39 not readable (429): {"_raw": "<!DOCTYPE html><html lang=\"en\" data-astro-cid-4wdtffzm><head><meta charset=\"utf-8\"><meta name=\"viewport\" content=\"width=device-width, initial-scale=1\"><meta name=\"theme-color\" content=\"#000\"><title>Vercel Security Checkpoint</title><style>.spinner[data-astro-cid-ijmsm3te]{flex-
19:25:52 not readable (429): {"_raw": "<!DOCTYPE html><html lang=\"en\" data-astro-cid-4wdtffzm><head><meta charset=\"utf-8\"><meta name=\"viewport\" content=\"width=device-width, initial-scale=1\"><meta name=\"theme-color\" content=\"#000\"><title>Vercel Security Checkpoint</title><style>.spinner[data-astro-cid-ijmsm3te]{flex-
19:28:04 not readable (429): {"_raw": "<!DOCTYPE html><html lang=\"en\" data-astro-cid-4wdtffzm><head><meta charset=\"utf-8\"><meta name=\"viewport\" content=\"width=device-width, initial-scale=1\"><meta name=\"theme-color\" content=\"#000\"><title>Vercel Security Checkpoint</title><style>.spinner[data-astro-cid-ijmsm3te]{flex-
19:30:16 not readable (429): {"_raw": "<!DOCTYPE html><html lang=\"en\" data-astro-cid-4wdtffzm><head><meta charset=\"utf-8\"><meta name=\"viewport\" content=\"width=device-width, initial-scale=1\"><meta name=\"theme-color\" content=\"#000\"><title>Vercel Security Checkpoint</title><style>.spinner[data-astro-cid-ijmsm3te]{flex-
19:32:28 not readable (429): {"_raw": "<!DOCTYPE html><html lang=\"en\" data-astro-cid-4wdtffzm><head><meta charset=\"utf-8\"><meta name=\"viewport\" content=\"width=device-width, initial-scale=1\"><meta name=\"theme-color\" content=\"#000\"><title>Vercel Security Checkpoint</title><style>.spinner[data-astro-cid-ijmsm3te]{flex-
19:34:41 not readable (429): {"_raw": "<!DOCTYPE html><html lang=\"en\" data-astro-cid-4wdtffzm><head><meta charset=\"utf-8\"><meta name=\"viewport\" content=\"width=device-width, initial-scale=1\"><meta name=\"theme-color\" content=\"#000\"><title>Vercel Security Checkpoint</title><style>.spinner[data-astro-cid-ijmsm3te]{flex-
19:36:53 not readable (429): {"_raw": "<!DOCTYPE html><html lang=\"en\" data-astro-cid-4wdtffzm><head><meta charset=\"utf-8\"><meta name=\"viewport\" content=\"width=device-width, initial-scale=1\"><meta name=\"theme-color\" content=\"#000\"><title>Vercel Security Checkpoint</title><style>.spinner[data-astro-cid-ijmsm3te]{flex-
19:39:05 not readable (429): {"_raw": "<!DOCTYPE html><html lang=\"en\" data-astro-cid-4wdtffzm><head><meta charset=\"utf-8\"><meta name=\"viewport\" content=\"width=device-width, initial-scale=1\"><meta name=\"theme-color\" content=\"#000\"><title>Vercel Security Checkpoint</title><style>.spinner[data-astro-cid-ijmsm3te]{flex-
19:41:17 not readable (429): {"_raw": "<!DOCTYPE html><html lang=\"en\" data-astro-cid-4wdtffzm><head><meta charset=\"utf-8\"><meta name=\"viewport\" content=\"width=device-width, initial-scale=1\"><meta name=\"theme-color\" content=\"#000\"><title>Vercel Security Checkpoint</title><style>.spinner[data-astro-cid-ijmsm3te]{flex-
19:43:29 not readable (429): {"_raw": "<!DOCTYPE html><html lang=\"en\" data-astro-cid-4wdtffzm><head><meta charset=\"utf-8\"><meta name=\"viewport\" content=\"width=device-width, initial-scale=1\"><meta name=\"theme-color\" content=\"#000\"><title>Vercel Security Checkpoint</title><style>.spinner[data-astro-cid-ijmsm3te]{flex-
19:45:42 not readable (429): {"_raw": "<!DOCTYPE html><html lang=\"en\" data-astro-cid-4wdtffzm><head><meta charset=\"utf-8\"><meta name=\"viewport\" content=\"width=device-width, initial-scale=1\"><meta name=\"theme-color\" content=\"#000\"><title>Vercel Security Checkpoint</title><style>.spinner[data-astro-cid-ijmsm3te]{flex-
19:47:54 not readable (429): {"_raw": "<!DOCTYPE html><html lang=\"en\" data-astro-cid-4wdtffzm><head><meta charset=\"utf-8\"><meta name=\"viewport\" content=\"width=device-width, initial-scale=1\"><meta name=\"theme-color\" content=\"#000\"><title>Vercel Security Checkpoint</title><style>.spinner[data-astro-cid-ijmsm3te]{flex-
19:50:06 not readable (429): {"_raw": "<!DOCTYPE html><html lang=\"en\" data-astro-cid-4wdtffzm><head><meta charset=\"utf-8\"><meta name=\"viewport\" content=\"width=device-width, initial-scale=1\"><meta name=\"theme-color\" content=\"#000\"><title>Vercel Security Checkpoint</title><style>.spinner[data-astro-cid-ijmsm3te]{flex-
19:52:18 not readable (429): {"_raw": "<!DOCTYPE html><html lang=\"en\" data-astro-cid-4wdtffzm><head><meta charset=\"utf-8\"><meta name=\"viewport\" content=\"width=device-width, initial-scale=1\"><meta name=\"theme-color\" content=\"#000\"><title>Vercel Security Checkpoint</title><style>.spinner[data-astro-cid-ijmsm3te]{flex-
19:54:31 not readable (429): {"_raw": "<!DOCTYPE html><html lang=\"en\" data-astro-cid-4wdtffzm><head><meta charset=\"utf-8\"><meta name=\"viewport\" content=\"width=device-width, initial-scale=1\"><meta name=\"theme-color\" content=\"#000\"><title>Vercel Security Checkpoint</title><style>.spinner[data-astro-cid-ijmsm3te]{flex-
19:56:43 not readable (429): {"_raw": "<!DOCTYPE html><html lang=\"en\" data-astro-cid-4wdtffzm><head><meta charset=\"utf-8\"><meta name=\"viewport\" content=\"width=device-width, initial-scale=1\"><meta name=\"theme-color\" content=\"#000\"><title>Vercel Security Checkpoint</title><style>.spinner[data-astro-cid-ijmsm3te]{flex-
19:58:55 not readable (429): {"_raw": "<!DOCTYPE html><html lang=\"en\" data-astro-cid-4wdtffzm><head><meta charset=\"utf-8\"><meta name=\"viewport\" content=\"width=device-width, initial-scale=1\"><meta name=\"theme-color\" content=\"#000\"><title>Vercel Security Checkpoint</title><style>.spinner[data-astro-cid-ijmsm3te]{flex-
20:01:07 not readable (429): {"_raw": "<!DOCTYPE html><html lang=\"en\" data-astro-cid-4wdtffzm><head><meta charset=\"utf-8\"><meta name=\"viewport\" content=\"width=device-width, initial-scale=1\"><meta name=\"theme-color\" content=\"#000\"><title>Vercel Security Checkpoint</title><style>.spinner[data-astro-cid-ijmsm3te]{flex-
20:03:19 not readable (429): {"_raw": "<!DOCTYPE html><html lang=\"en\" data-astro-cid-4wdtffzm><head><meta charset=\"utf-8\"><meta name=\"viewport\" content=\"width=device-width, initial-scale=1\"><meta name=\"theme-color\" content=\"#000\"><title>Vercel Security Checkpoint</title><style>.spinner[data-astro-cid-ijmsm3te]{flex-
20:05:31 not readable (429): {"_raw": "<!DOCTYPE html><html lang=\"en\" data-astro-cid-4wdtffzm><head><meta charset=\"utf-8\"><meta name=\"viewport\" content=\"width=device-width, initial-scale=1\"><meta name=\"theme-color\" content=\"#000\"><title>Vercel Security Checkpoint</title><style>.spinner[data-astro-cid-ijmsm3te]{flex-
20:07:44 not readable (429): {"_raw": "<!DOCTYPE html><html lang=\"en\" data-astro-cid-4wdtffzm><head><meta charset=\"utf-8\"><meta name=\"viewport\" content=\"width=device-width, initial-scale=1\"><meta name=\"theme-color\" content=\"#000\"><title>Vercel Security Checkpoint</title><style>.spinner[data-astro-cid-ijmsm3te]{flex-
20:09:56 not readable (429): {"_raw": "<!DOCTYPE html><html lang=\"en\" data-astro-cid-4wdtffzm><head><meta charset=\"utf-8\"><meta name=\"viewport\" content=\"width=device-width, initial-scale=1\"><meta name=\"theme-color\" content=\"#000\"><title>Vercel Security Checkpoint</title><style>.spinner[data-astro-cid-ijmsm3te]{flex-
20:12:08 not readable (429): {"_raw": "<!DOCTYPE html><html lang=\"en\" data-astro-cid-4wdtffzm><head><meta charset=\"utf-8\"><meta name=\"viewport\" content=\"width=device-width, initial-scale=1\"><meta name=\"theme-color\" content=\"#000\"><title>Vercel Security Checkpoint</title><style>.spinner[data-astro-cid-ijmsm3te]{flex-
20:14:20 not readable (429): {"_raw": "<!DOCTYPE html><html lang=\"en\" data-astro-cid-4wdtffzm><head><meta charset=\"utf-8\"><meta name=\"viewport\" content=\"width=device-width, initial-scale=1\"><meta name=\"theme-color\" content=\"#000\"><title>Vercel Security Checkpoint</title><style>.spinner[data-astro-cid-ijmsm3te]{flex-
20:16:33 not readable (429): {"_raw": "<!DOCTYPE html><html lang=\"en\" data-astro-cid-4wdtffzm><head><meta charset=\"utf-8\"><meta name=\"viewport\" content=\"width=device-width, initial-scale=1\"><meta name=\"theme-color\" content=\"#000\"><title>Vercel Security Checkpoint</title><style>.spinner[data-astro-cid-ijmsm3te]{flex-
20:18:45 not readable (429): {"_raw": "<!DOCTYPE html><html lang=\"en\" data-astro-cid-4wdtffzm><head><meta charset=\"utf-8\"><meta name=\"viewport\" content=\"width=device-width, initial-scale=1\"><meta name=\"theme-color\" content=\"#000\"><title>Vercel Security Checkpoint</title><style>.spinner[data-astro-cid-ijmsm3te]{flex-
20:20:57 not readable (429): {"_raw": "<!DOCTYPE html><html lang=\"en\" data-astro-cid-4wdtffzm><head><meta charset=\"utf-8\"><meta name=\"viewport\" content=\"width=device-width, initial-scale=1\"><meta name=\"theme-color\" content=\"#000\"><title>Vercel Security Checkpoint</title><style>.spinner[data-astro-cid-ijmsm3te]{flex-
20:23:09 not readable (429): {"_raw": "<!DOCTYPE html><html lang=\"en\" data-astro-cid-4wdtffzm><head><meta charset=\"utf-8\"><meta name=\"viewport\" content=\"width=device-width, initial-scale=1\"><meta name=\"theme-color\" content=\"#000\"><title>Vercel Security Checkpoint</title><style>.spinner[data-astro-cid-ijmsm3te]{flex-
20:25:21 not readable (429): {"_raw": "<!DOCTYPE html><html lang=\"en\" data-astro-cid-4wdtffzm><head><meta charset=\"utf-8\"><meta name=\"viewport\" content=\"width=device-width, initial-scale=1\"><meta name=\"theme-color\" content=\"#000\"><title>Vercel Security Checkpoint</title><style>.spinner[data-astro-cid-ijmsm3te]{flex-
20:27:34 not readable (429): {"_raw": "<!DOCTYPE html><html lang=\"en\" data-astro-cid-4wdtffzm><head><meta charset=\"utf-8\"><meta name=\"viewport\" content=\"width=device-width, initial-scale=1\"><meta name=\"theme-color\" content=\"#000\"><title>Vercel Security Checkpoint</title><style>.spinner[data-astro-cid-ijmsm3te]{flex-
20:29:47 not readable (429): {"_raw": "<!DOCTYPE html><html lang=\"en\" data-astro-cid-4wdtffzm><head><meta charset=\"utf-8\"><meta name=\"viewport\" content=\"width=device-width, initial-scale=1\"><meta name=\"theme-color\" content=\"#000\"><title>Vercel Security Checkpoint</title><style>.spinner[data-astro-cid-ijmsm3te]{flex-
20:31:59 not readable (429): {"_raw": "<!DOCTYPE html><html lang=\"en\" data-astro-cid-4wdtffzm><head><meta charset=\"utf-8\"><meta name=\"viewport\" content=\"width=device-width, initial-scale=1\"><meta name=\"theme-color\" content=\"#000\"><title>Vercel Security Checkpoint</title><style>.spinner[data-astro-cid-ijmsm3te]{flex-
20:34:11 not readable (429): {"_raw": "<!DOCTYPE html><html lang=\"en\" data-astro-cid-4wdtffzm><head><meta charset=\"utf-8\"><meta name=\"viewport\" content=\"width=device-width, initial-scale=1\"><meta name=\"theme-color\" content=\"#000\"><title>Vercel Security Checkpoint</title><style>.spinner[data-astro-cid-ijmsm3te]{flex-
20:36:24 not readable (429): {"_raw": "<!DOCTYPE html><html lang=\"en\" data-astro-cid-4wdtffzm><head><meta charset=\"utf-8\"><meta name=\"viewport\" content=\"width=device-width, initial-scale=1\"><meta name=\"theme-color\" content=\"#000\"><title>Vercel Security Checkpoint</title><style>.spinner[data-astro-cid-ijmsm3te]{flex-
20:38:36 not readable (429): {"_raw": "<!DOCTYPE html><html lang=\"en\" data-astro-cid-4wdtffzm><head><meta charset=\"utf-8\"><meta name=\"viewport\" content=\"width=device-width, initial-scale=1\"><meta name=\"theme-color\" content=\"#000\"><title>Vercel Security Checkpoint</title><style>.spinner[data-astro-cid-ijmsm3te]{flex-
20:40:48 not readable (429): {"_raw": "<!DOCTYPE html><html lang=\"en\" data-astro-cid-4wdtffzm><head><meta charset=\"utf-8\"><meta name=\"viewport\" content=\"width=device-width, initial-scale=1\"><meta name=\"theme-color\" content=\"#000\"><title>Vercel Security Checkpoint</title><style>.spinner[data-astro-cid-ijmsm3te]{flex-
20:43:00 not readable (429): {"_raw": "<!DOCTYPE html><html lang=\"en\" data-astro-cid-4wdtffzm><head><meta charset=\"utf-8\"><meta name=\"viewport\" content=\"width=device-width, initial-scale=1\"><meta name=\"theme-color\" content=\"#000\"><title>Vercel Security Checkpoint</title><style>.spinner[data-astro-cid-ijmsm3te]{flex-
20:45:12 not readable (429): {"_raw": "<!DOCTYPE html><html lang=\"en\" data-astro-cid-4wdtffzm><head><meta charset=\"utf-8\"><meta name=\"viewport\" content=\"width=device-width, initial-scale=1\"><meta name=\"theme-color\" content=\"#000\"><title>Vercel Security Checkpoint</title><style>.spinner[data-astro-cid-ijmsm3te]{flex-
20:47:24 not readable (429): {"_raw": "<!DOCTYPE html><html lang=\"en\" data-astro-cid-4wdtffzm><head><meta charset=\"utf-8\"><meta name=\"viewport\" content=\"width=device-width, initial-scale=1\"><meta name=\"theme-color\" content=\"#000\"><title>Vercel Security Checkpoint</title><style>.spinner[data-astro-cid-ijmsm3te]{flex-
20:49:37 not readable (429): {"_raw": "<!DOCTYPE html><html lang=\"en\" data-astro-cid-4wdtffzm><head><meta charset=\"utf-8\"><meta name=\"viewport\" content=\"width=device-width, initial-scale=1\"><meta name=\"theme-color\" content=\"#000\"><title>Vercel Security Checkpoint</title><style>.spinner[data-astro-cid-ijmsm3te]{flex-
20:51:49 not readable (429): {"_raw": "<!DOCTYPE html><html lang=\"en\" data-astro-cid-4wdtffzm><head><meta charset=\"utf-8\"><meta name=\"viewport\" content=\"width=device-width, initial-scale=1\"><meta name=\"theme-color\" content=\"#000\"><title>Vercel Security Checkpoint</title><style>.spinner[data-astro-cid-ijmsm3te]{flex-
20:54:01 not readable (429): {"_raw": "<!DOCTYPE html><html lang=\"en\" data-astro-cid-4wdtffzm><head><meta charset=\"utf-8\"><meta name=\"viewport\" content=\"width=device-width, initial-scale=1\"><meta name=\"theme-color\" content=\"#000\"><title>Vercel Security Checkpoint</title><style>.spinner[data-astro-cid-ijmsm3te]{flex-
20:56:13 not readable (429): {"_raw": "<!DOCTYPE html><html lang=\"en\" data-astro-cid-4wdtffzm><head><meta charset=\"utf-8\"><meta name=\"viewport\" content=\"width=device-width, initial-scale=1\"><meta name=\"theme-color\" content=\"#000\"><title>Vercel Security Checkpoint</title><style>.spinner[data-astro-cid-ijmsm3te]{flex-
20:58:25 not readable (429): {"_raw": "<!DOCTYPE html><html lang=\"en\" data-astro-cid-4wdtffzm><head><meta charset=\"utf-8\"><meta name=\"viewport\" content=\"width=device-width, initial-scale=1\"><meta name=\"theme-color\" content=\"#000\"><title>Vercel Security Checkpoint</title><style>.spinner[data-astro-cid-ijmsm3te]{flex-
21:00:38 not readable (429): {"_raw": "<!DOCTYPE html><html lang=\"en\" data-astro-cid-4wdtffzm><head><meta charset=\"utf-8\"><meta name=\"viewport\" content=\"width=device-width, initial-scale=1\"><meta name=\"theme-color\" content=\"#000\"><title>Vercel Security Checkpoint</title><style>.spinner[data-astro-cid-ijmsm3te]{flex-
21:02:50 not readable (429): {"_raw": "<!DOCTYPE html><html lang=\"en\" data-astro-cid-4wdtffzm><head><meta charset=\"utf-8\"><meta name=\"viewport\" content=\"width=device-width, initial-scale=1\"><meta name=\"theme-color\" content=\"#000\"><title>Vercel Security Checkpoint</title><style>.spinner[data-astro-cid-ijmsm3te]{flex-
21:05:02 not readable (429): {"_raw": "<!DOCTYPE html><html lang=\"en\" data-astro-cid-4wdtffzm><head><meta charset=\"utf-8\"><meta name=\"viewport\" content=\"width=device-width, initial-scale=1\"><meta name=\"theme-color\" content=\"#000\"><title>Vercel Security Checkpoint</title><style>.spinner[data-astro-cid-ijmsm3te]{flex-
21:07:14 not readable (429): {"_raw": "<!DOCTYPE html><html lang=\"en\" data-astro-cid-4wdtffzm><head><meta charset=\"utf-8\"><meta name=\"viewport\" content=\"width=device-width, initial-scale=1\"><meta name=\"theme-color\" content=\"#000\"><title>Vercel Security Checkpoint</title><style>.spinner[data-astro-cid-ijmsm3te]{flex-
21:09:26 not readable (429): {"_raw": "<!DOCTYPE html><html lang=\"en\" data-astro-cid-4wdtffzm><head><meta charset=\"utf-8\"><meta name=\"viewport\" content=\"width=device-width, initial-scale=1\"><meta name=\"theme-color\" content=\"#000\"><title>Vercel Security Checkpoint</title><style>.spinner[data-astro-cid-ijmsm3te]{flex-
21:11:39 not readable (429): {"_raw": "<!DOCTYPE html><html lang=\"en\" data-astro-cid-4wdtffzm><head><meta charset=\"utf-8\"><meta name=\"viewport\" content=\"width=device-width, initial-scale=1\"><meta name=\"theme-color\" content=\"#000\"><title>Vercel Security Checkpoint</title><style>.spinner[data-astro-cid-ijmsm3te]{flex-
21:13:51 not readable (429): {"_raw": "<!DOCTYPE html><html lang=\"en\" data-astro-cid-4wdtffzm><head><meta charset=\"utf-8\"><meta name=\"viewport\" content=\"width=device-width, initial-scale=1\"><meta name=\"theme-color\" content=\"#000\"><title>Vercel Security Checkpoint</title><style>.spinner[data-astro-cid-ijmsm3te]{flex-
21:16:03 not readable (429): {"_raw": "<!DOCTYPE html><html lang=\"en\" data-astro-cid-4wdtffzm><head><meta charset=\"utf-8\"><meta name=\"viewport\" content=\"width=device-width, initial-scale=1\"><meta name=\"theme-color\" content=\"#000\"><title>Vercel Security Checkpoint</title><style>.spinner[data-astro-cid-ijmsm3te]{flex-
21:18:15 not readable (429): {"_raw": "<!DOCTYPE html><html lang=\"en\" data-astro-cid-4wdtffzm><head><meta charset=\"utf-8\"><meta name=\"viewport\" content=\"width=device-width, initial-scale=1\"><meta name=\"theme-color\" content=\"#000\"><title>Vercel Security Checkpoint</title><style>.spinner[data-astro-cid-ijmsm3te]{flex-
21:20:27 not readable (429): {"_raw": "<!DOCTYPE html><html lang=\"en\" data-astro-cid-4wdtffzm><head><meta charset=\"utf-8\"><meta name=\"viewport\" content=\"width=device-width, initial-scale=1\"><meta name=\"theme-color\" content=\"#000\"><title>Vercel Security Checkpoint</title><style>.spinner[data-astro-cid-ijmsm3te]{flex-
21:22:40 not readable (429): {"_raw": "<!DOCTYPE html><html lang=\"en\" data-astro-cid-4wdtffzm><head><meta charset=\"utf-8\"><meta name=\"viewport\" content=\"width=device-width, initial-scale=1\"><meta name=\"theme-color\" content=\"#000\"><title>Vercel Security Checkpoint</title><style>.spinner[data-astro-cid-ijmsm3te]{flex-
21:24:52 not readable (429): {"_raw": "<!DOCTYPE html><html lang=\"en\" data-astro-cid-4wdtffzm><head><meta charset=\"utf-8\"><meta name=\"viewport\" content=\"width=device-width, initial-scale=1\"><meta name=\"theme-color\" content=\"#000\"><title>Vercel Security Checkpoint</title><style>.spinner[data-astro-cid-ijmsm3te]{flex-
21:27:04 not readable (429): {"_raw": "<!DOCTYPE html><html lang=\"en\" data-astro-cid-4wdtffzm><head><meta charset=\"utf-8\"><meta name=\"viewport\" content=\"width=device-width, initial-scale=1\"><meta name=\"theme-color\" content=\"#000\"><title>Vercel Security Checkpoint</title><style>.spinner[data-astro-cid-ijmsm3te]{flex-
21:29:16 not readable (429): {"_raw": "<!DOCTYPE html><html lang=\"en\" data-astro-cid-4wdtffzm><head><meta charset=\"utf-8\"><meta name=\"viewport\" content=\"width=device-width, initial-scale=1\"><meta name=\"theme-color\" content=\"#000\"><title>Vercel Security Checkpoint</title><style>.spinner[data-astro-cid-ijmsm3te]{flex-
21:31:29 not readable (429): {"_raw": "<!DOCTYPE html><html lang=\"en\" data-astro-cid-4wdtffzm><head><meta charset=\"utf-8\"><meta name=\"viewport\" content=\"width=device-width, initial-scale=1\"><meta name=\"theme-color\" content=\"#000\"><title>Vercel Security Checkpoint</title><style>.spinner[data-astro-cid-ijmsm3te]{flex-
21:33:41 not readable (429): {"_raw": "<!DOCTYPE html><html lang=\"en\" data-astro-cid-4wdtffzm><head><meta charset=\"utf-8\"><meta name=\"viewport\" content=\"width=device-width, initial-scale=1\"><meta name=\"theme-color\" content=\"#000\"><title>Vercel Security Checkpoint</title><style>.spinner[data-astro-cid-ijmsm3te]{flex-
21:35:53 not readable (429): {"_raw": "<!DOCTYPE html><html lang=\"en\" data-astro-cid-4wdtffzm><head><meta charset=\"utf-8\"><meta name=\"viewport\" content=\"width=device-width, initial-scale=1\"><meta name=\"theme-color\" content=\"#000\"><title>Vercel Security Checkpoint</title><style>.spinner[data-astro-cid-ijmsm3te]{flex-
21:38:05 not readable (429): {"_raw": "<!DOCTYPE html><html lang=\"en\" data-astro-cid-4wdtffzm><head><meta charset=\"utf-8\"><meta name=\"viewport\" content=\"width=device-width, initial-scale=1\"><meta name=\"theme-color\" content=\"#000\"><title>Vercel Security Checkpoint</title><style>.spinner[data-astro-cid-ijmsm3te]{flex-
21:40:17 not readable (429): {"_raw": "<!DOCTYPE html><html lang=\"en\" data-astro-cid-4wdtffzm><head><meta charset=\"utf-8\"><meta name=\"viewport\" content=\"width=device-width, initial-scale=1\"><meta name=\"theme-color\" content=\"#000\"><title>Vercel Security Checkpoint</title><style>.spinner[data-astro-cid-ijmsm3te]{flex-
21:42:30 not readable (429): {"_raw": "<!DOCTYPE html><html lang=\"en\" data-astro-cid-4wdtffzm><head><meta charset=\"utf-8\"><meta name=\"viewport\" content=\"width=device-width, initial-scale=1\"><meta name=\"theme-color\" content=\"#000\"><title>Vercel Security Checkpoint</title><style>.spinner[data-astro-cid-ijmsm3te]{flex-
21:44:42 not readable (429): {"_raw": "<!DOCTYPE html><html lang=\"en\" data-astro-cid-4wdtffzm><head><meta charset=\"utf-8\"><meta name=\"viewport\" content=\"width=device-width, initial-scale=1\"><meta name=\"theme-color\" content=\"#000\"><title>Vercel Security Checkpoint</title><style>.spinner[data-astro-cid-ijmsm3te]{flex-
21:46:54 not readable (429): {"_raw": "<!DOCTYPE html><html lang=\"en\" data-astro-cid-4wdtffzm><head><meta charset=\"utf-8\"><meta name=\"viewport\" content=\"width=device-width, initial-scale=1\"><meta name=\"theme-color\" content=\"#000\"><title>Vercel Security Checkpoint</title><style>.spinner[data-astro-cid-ijmsm3te]{flex-
21:49:06 not readable (429): {"_raw": "<!DOCTYPE html><html lang=\"en\" data-astro-cid-4wdtffzm><head><meta charset=\"utf-8\"><meta name=\"viewport\" content=\"width=device-width, initial-scale=1\"><meta name=\"theme-color\" content=\"#000\"><title>Vercel Security Checkpoint</title><style>.spinner[data-astro-cid-ijmsm3te]{flex-
21:51:18 not readable (429): {"_raw": "<!DOCTYPE html><html lang=\"en\" data-astro-cid-4wdtffzm><head><meta charset=\"utf-8\"><meta name=\"viewport\" content=\"width=device-width, initial-scale=1\"><meta name=\"theme-color\" content=\"#000\"><title>Vercel Security Checkpoint</title><style>.spinner[data-astro-cid-ijmsm3te]{flex-
21:53:30 not readable (429): {"_raw": "<!DOCTYPE html><html lang=\"en\" data-astro-cid-4wdtffzm><head><meta charset=\"utf-8\"><meta name=\"viewport\" content=\"width=device-width, initial-scale=1\"><meta name=\"theme-color\" content=\"#000\"><title>Vercel Security Checkpoint</title><style>.spinner[data-astro-cid-ijmsm3te]{flex-
21:55:43 not readable (429): {"_raw": "<!DOCTYPE html><html lang=\"en\" data-astro-cid-4wdtffzm><head><meta charset=\"utf-8\"><meta name=\"viewport\" content=\"width=device-width, initial-scale=1\"><meta name=\"theme-color\" content=\"#000\"><title>Vercel Security Checkpoint</title><style>.spinner[data-astro-cid-ijmsm3te]{flex-
21:57:55 not readable (429): {"_raw": "<!DOCTYPE html><html lang=\"en\" data-astro-cid-4wdtffzm><head><meta charset=\"utf-8\"><meta name=\"viewport\" content=\"width=device-width, initial-scale=1\"><meta name=\"theme-color\" content=\"#000\"><title>Vercel Security Checkpoint</title><style>.spinner[data-astro-cid-ijmsm3te]{flex-
22:00:07 not readable (429): {"_raw": "<!DOCTYPE html><html lang=\"en\" data-astro-cid-4wdtffzm><head><meta charset=\"utf-8\"><meta name=\"viewport\" content=\"width=device-width, initial-scale=1\"><meta name=\"theme-color\" content=\"#000\"><title>Vercel Security Checkpoint</title><style>.spinner[data-astro-cid-ijmsm3te]{flex-
22:02:19 not readable (429): {"_raw": "<!DOCTYPE html><html lang=\"en\" data-astro-cid-4wdtffzm><head><meta charset=\"utf-8\"><meta name=\"viewport\" content=\"width=device-width, initial-scale=1\"><meta name=\"theme-color\" content=\"#000\"><title>Vercel Security Checkpoint</title><style>.spinner[data-astro-cid-ijmsm3te]{flex-
22:04:32 not readable (429): {"_raw": "<!DOCTYPE html><html lang=\"en\" data-astro-cid-4wdtffzm><head><meta charset=\"utf-8\"><meta name=\"viewport\" content=\"width=device-width, initial-scale=1\"><meta name=\"theme-color\" content=\"#000\"><title>Vercel Security Checkpoint</title><style>.spinner[data-astro-cid-ijmsm3te]{flex-
22:06:44 not readable (429): {"_raw": "<!DOCTYPE html><html lang=\"en\" data-astro-cid-4wdtffzm><head><meta charset=\"utf-8\"><meta name=\"viewport\" content=\"width=device-width, initial-scale=1\"><meta name=\"theme-color\" content=\"#000\"><title>Vercel Security Checkpoint</title><style>.spinner[data-astro-cid-ijmsm3te]{flex-
22:08:56 not readable (429): {"_raw": "<!DOCTYPE html><html lang=\"en\" data-astro-cid-4wdtffzm><head><meta charset=\"utf-8\"><meta name=\"viewport\" content=\"width=device-width, initial-scale=1\"><meta name=\"theme-color\" content=\"#000\"><title>Vercel Security Checkpoint</title><style>.spinner[data-astro-cid-ijmsm3te]{flex-
22:11:08 not readable (429): {"_raw": "<!DOCTYPE html><html lang=\"en\" data-astro-cid-4wdtffzm><head><meta charset=\"utf-8\"><meta name=\"viewport\" content=\"width=device-width, initial-scale=1\"><meta name=\"theme-color\" content=\"#000\"><title>Vercel Security Checkpoint</title><style>.spinner[data-astro-cid-ijmsm3te]{flex-
22:13:20 not readable (429): {"_raw": "<!DOCTYPE html><html lang=\"en\" data-astro-cid-4wdtffzm><head><meta charset=\"utf-8\"><meta name=\"viewport\" content=\"width=device-width, initial-scale=1\"><meta name=\"theme-color\" content=\"#000\"><title>Vercel Security Checkpoint</title><style>.spinner[data-astro-cid-ijmsm3te]{flex-
22:15:33 not readable (429): {"_raw": "<!DOCTYPE html><html lang=\"en\" data-astro-cid-4wdtffzm><head><meta charset=\"utf-8\"><meta name=\"viewport\" content=\"width=device-width, initial-scale=1\"><meta name=\"theme-color\" content=\"#000\"><title>Vercel Security Checkpoint</title><style>.spinner[data-astro-cid-ijmsm3te]{flex-
22:17:45 not readable (429): {"_raw": "<!DOCTYPE html><html lang=\"en\" data-astro-cid-4wdtffzm><head><meta charset=\"utf-8\"><meta name=\"viewport\" content=\"width=device-width, initial-scale=1\"><meta name=\"theme-color\" content=\"#000\"><title>Vercel Security Checkpoint</title><style>.spinner[data-astro-cid-ijmsm3te]{flex-
22:19:57 not readable (429): {"_raw": "<!DOCTYPE html><html lang=\"en\" data-astro-cid-4wdtffzm><head><meta charset=\"utf-8\"><meta name=\"viewport\" content=\"width=device-width, initial-scale=1\"><meta name=\"theme-color\" content=\"#000\"><title>Vercel Security Checkpoint</title><style>.spinner[data-astro-cid-ijmsm3te]{flex-
22:22:09 not readable (429): {"_raw": "<!DOCTYPE html><html lang=\"en\" data-astro-cid-4wdtffzm><head><meta charset=\"utf-8\"><meta name=\"viewport\" content=\"width=device-width, initial-scale=1\"><meta name=\"theme-color\" content=\"#000\"><title>Vercel Security Checkpoint</title><style>.spinner[data-astro-cid-ijmsm3te]{flex-
22:24:21 not readable (429): {"_raw": "<!DOCTYPE html><html lang=\"en\" data-astro-cid-4wdtffzm><head><meta charset=\"utf-8\"><meta name=\"viewport\" content=\"width=device-width, initial-scale=1\"><meta name=\"theme-color\" content=\"#000\"><title>Vercel Security Checkpoint</title><style>.spinner[data-astro-cid-ijmsm3te]{flex-
22:26:34 not readable (429): {"_raw": "<!DOCTYPE html><html lang=\"en\" data-astro-cid-4wdtffzm><head><meta charset=\"utf-8\"><meta name=\"viewport\" content=\"width=device-width, initial-scale=1\"><meta name=\"theme-color\" content=\"#000\"><title>Vercel Security Checkpoint</title><style>.spinner[data-astro-cid-ijmsm3te]{flex-
22:28:46 not readable (429): {"_raw": "<!DOCTYPE html><html lang=\"en\" data-astro-cid-4wdtffzm><head><meta charset=\"utf-8\"><meta name=\"viewport\" content=\"width=device-width, initial-scale=1\"><meta name=\"theme-color\" content=\"#000\"><title>Vercel Security Checkpoint</title><style>.spinner[data-astro-cid-ijmsm3te]{flex-
22:30:58 not readable (429): {"_raw": "<!DOCTYPE html><html lang=\"en\" data-astro-cid-4wdtffzm><head><meta charset=\"utf-8\"><meta name=\"viewport\" content=\"width=device-width, initial-scale=1\"><meta name=\"theme-color\" content=\"#000\"><title>Vercel Security Checkpoint</title><style>.spinner[data-astro-cid-ijmsm3te]{flex-
22:33:10 not readable (429): {"_raw": "<!DOCTYPE html><html lang=\"en\" data-astro-cid-4wdtffzm><head><meta charset=\"utf-8\"><meta name=\"viewport\" content=\"width=device-width, initial-scale=1\"><meta name=\"theme-color\" content=\"#000\"><title>Vercel Security Checkpoint</title><style>.spinner[data-astro-cid-ijmsm3te]{flex-
22:35:23 not readable (429): {"_raw": "<!DOCTYPE html><html lang=\"en\" data-astro-cid-4wdtffzm><head><meta charset=\"utf-8\"><meta name=\"viewport\" content=\"width=device-width, initial-scale=1\"><meta name=\"theme-color\" content=\"#000\"><title>Vercel Security Checkpoint</title><style>.spinner[data-astro-cid-ijmsm3te]{flex-
22:37:35 not readable (429): {"_raw": "<!DOCTYPE html><html lang=\"en\" data-astro-cid-4wdtffzm><head><meta charset=\"utf-8\"><meta name=\"viewport\" content=\"width=device-width, initial-scale=1\"><meta name=\"theme-color\" content=\"#000\"><title>Vercel Security Checkpoint</title><style>.spinner[data-astro-cid-ijmsm3te]{flex-
22:39:47 not readable (429): {"_raw": "<!DOCTYPE html><html lang=\"en\" data-astro-cid-4wdtffzm><head><meta charset=\"utf-8\"><meta name=\"viewport\" content=\"width=device-width, initial-scale=1\"><meta name=\"theme-color\" content=\"#000\"><title>Vercel Security Checkpoint</title><style>.spinner[data-astro-cid-ijmsm3te]{flex-
22:42:00 not readable (429): {"_raw": "<!DOCTYPE html><html lang=\"en\" data-astro-cid-4wdtffzm><head><meta charset=\"utf-8\"><meta name=\"viewport\" content=\"width=device-width, initial-scale=1\"><meta name=\"theme-color\" content=\"#000\"><title>Vercel Security Checkpoint</title><style>.spinner[data-astro-cid-ijmsm3te]{flex-
22:44:12 not readable (429): {"_raw": "<!DOCTYPE html><html lang=\"en\" data-astro-cid-4wdtffzm><head><meta charset=\"utf-8\"><meta name=\"viewport\" content=\"width=device-width, initial-scale=1\"><meta name=\"theme-color\" content=\"#000\"><title>Vercel Security Checkpoint</title><style>.spinner[data-astro-cid-ijmsm3te]{flex-
22:46:24 not readable (429): {"_raw": "<!DOCTYPE html><html lang=\"en\" data-astro-cid-4wdtffzm><head><meta charset=\"utf-8\"><meta name=\"viewport\" content=\"width=device-width, initial-scale=1\"><meta name=\"theme-color\" content=\"#000\"><title>Vercel Security Checkpoint</title><style>.spinner[data-astro-cid-ijmsm3te]{flex-
22:48:36 not readable (429): {"_raw": "<!DOCTYPE html><html lang=\"en\" data-astro-cid-4wdtffzm><head><meta charset=\"utf-8\"><meta name=\"viewport\" content=\"width=device-width, initial-scale=1\"><meta name=\"theme-color\" content=\"#000\"><title>Vercel Security Checkpoint</title><style>.spinner[data-astro-cid-ijmsm3te]{flex-
22:50:48 not readable (429): {"_raw": "<!DOCTYPE html><html lang=\"en\" data-astro-cid-4wdtffzm><head><meta charset=\"utf-8\"><meta name=\"viewport\" content=\"width=device-width, initial-scale=1\"><meta name=\"theme-color\" content=\"#000\"><title>Vercel Security Checkpoint</title><style>.spinner[data-astro-cid-ijmsm3te]{flex-
22:53:00 not readable (429): {"_raw": "<!DOCTYPE html><html lang=\"en\" data-astro-cid-4wdtffzm><head><meta charset=\"utf-8\"><meta name=\"viewport\" content=\"width=device-width, initial-scale=1\"><meta name=\"theme-color\" content=\"#000\"><title>Vercel Security Checkpoint</title><style>.spinner[data-astro-cid-ijmsm3te]{flex-
22:55:13 not readable (429): {"_raw": "<!DOCTYPE html><html lang=\"en\" data-astro-cid-4wdtffzm><head><meta charset=\"utf-8\"><meta name=\"viewport\" content=\"width=device-width, initial-scale=1\"><meta name=\"theme-color\" content=\"#000\"><title>Vercel Security Checkpoint</title><style>.spinner[data-astro-cid-ijmsm3te]{flex-
22:57:25 not readable (429): {"_raw": "<!DOCTYPE html><html lang=\"en\" data-astro-cid-4wdtffzm><head><meta charset=\"utf-8\"><meta name=\"viewport\" content=\"width=device-width, initial-scale=1\"><meta name=\"theme-color\" content=\"#000\"><title>Vercel Security Checkpoint</title><style>.spinner[data-astro-cid-ijmsm3te]{flex-
22:59:37 not readable (429): {"_raw": "<!DOCTYPE html><html lang=\"en\" data-astro-cid-4wdtffzm><head><meta charset=\"utf-8\"><meta name=\"viewport\" content=\"width=device-width, initial-scale=1\"><meta name=\"theme-color\" content=\"#000\"><title>Vercel Security Checkpoint</title><style>.spinner[data-astro-cid-ijmsm3te]{flex-
23:01:50 not readable (429): {"_raw": "<!DOCTYPE html><html lang=\"en\" data-astro-cid-4wdtffzm><head><meta charset=\"utf-8\"><meta name=\"viewport\" content=\"width=device-width, initial-scale=1\"><meta name=\"theme-color\" content=\"#000\"><title>Vercel Security Checkpoint</title><style>.spinner[data-astro-cid-ijmsm3te]{flex-
23:04:02 not readable (429): {"_raw": "<!DOCTYPE html><html lang=\"en\" data-astro-cid-4wdtffzm><head><meta charset=\"utf-8\"><meta name=\"viewport\" content=\"width=device-width, initial-scale=1\"><meta name=\"theme-color\" content=\"#000\"><title>Vercel Security Checkpoint</title><style>.spinner[data-astro-cid-ijmsm3te]{flex-
23:06:14 not readable (429): {"_raw": "<!DOCTYPE html><html lang=\"en\" data-astro-cid-4wdtffzm><head><meta charset=\"utf-8\"><meta name=\"viewport\" content=\"width=device-width, initial-scale=1\"><meta name=\"theme-color\" content=\"#000\"><title>Vercel Security Checkpoint</title><style>.spinner[data-astro-cid-ijmsm3te]{flex-
23:08:26 not readable (429): {"_raw": "<!DOCTYPE html><html lang=\"en\" data-astro-cid-4wdtffzm><head><meta charset=\"utf-8\"><meta name=\"viewport\" content=\"width=device-width, initial-scale=1\"><meta name=\"theme-color\" content=\"#000\"><title>Vercel Security Checkpoint</title><style>.spinner[data-astro-cid-ijmsm3te]{flex-
23:10:38 not readable (429): {"_raw": "<!DOCTYPE html><html lang=\"en\" data-astro-cid-4wdtffzm><head><meta charset=\"utf-8\"><meta name=\"viewport\" content=\"width=device-width, initial-scale=1\"><meta name=\"theme-color\" content=\"#000\"><title>Vercel Security Checkpoint</title><style>.spinner[data-astro-cid-ijmsm3te]{flex-
23:12:51 not readable (429): {"_raw": "<!DOCTYPE html><html lang=\"en\" data-astro-cid-4wdtffzm><head><meta charset=\"utf-8\"><meta name=\"viewport\" content=\"width=device-width, initial-scale=1\"><meta name=\"theme-color\" content=\"#000\"><title>Vercel Security Checkpoint</title><style>.spinner[data-astro-cid-ijmsm3te]{flex-
23:15:03 not readable (429): {"_raw": "<!DOCTYPE html><html lang=\"en\" data-astro-cid-4wdtffzm><head><meta charset=\"utf-8\"><meta name=\"viewport\" content=\"width=device-width, initial-scale=1\"><meta name=\"theme-color\" content=\"#000\"><title>Vercel Security Checkpoint</title><style>.spinner[data-astro-cid-ijmsm3te]{flex-
23:17:15 not readable (429): {"_raw": "<!DOCTYPE html><html lang=\"en\" data-astro-cid-4wdtffzm><head><meta charset=\"utf-8\"><meta name=\"viewport\" content=\"width=device-width, initial-scale=1\"><meta name=\"theme-color\" content=\"#000\"><title>Vercel Security Checkpoint</title><style>.spinner[data-astro-cid-ijmsm3te]{flex-
23:19:27 not readable (429): {"_raw": "<!DOCTYPE html><html lang=\"en\" data-astro-cid-4wdtffzm><head><meta charset=\"utf-8\"><meta name=\"viewport\" content=\"width=device-width, initial-scale=1\"><meta name=\"theme-color\" content=\"#000\"><title>Vercel Security Checkpoint</title><style>.spinner[data-astro-cid-ijmsm3te]{flex-