+ env HOME=/tmp/runner-home setpriv --reuid=nobody --regid=nogroup --clear-groups npx vitest run --config /tmp/arenaflow-graded.config.ts --reporter=basic --reporter=junit --outputFile.junit=/verify-pipes/new.fifo

 RUN  v3.2.7 /app

 DEPRECATED  'basic' reporter is deprecated and will be removed in Vitest v3.
Remove 'basic' from 'reporters' option. To match 'basic' reporter 100%, use configuration:
{
  "test": {
    "reporters": [
      [
        "default",
        {
          "summary": false
        }
      ]
    ]
  }
}
 ❯ .verifier-canary/canary.test.ts (1 test | 1 failed) 18ms
   × verifier canary > never passes 17ms
     → expected 1 to be 2 // Object.is equality
 ✓ tests/engine/prize-desk.test.ts (35 tests) 43ms
 ✓ tests/engine/payout-surfaces.test.ts (15 tests) 26ms


⎯⎯⎯⎯⎯⎯⎯ Failed Tests 1 ⎯⎯⎯⎯⎯⎯⎯

 FAIL  .verifier-canary/canary.test.ts > verifier canary > never passes
AssertionError: expected 1 to be 2 // Object.is equality

[32m- Expected[39m
[31m+ Received[39m

[32m- 2[39m
[31m+ 1[39m

 ❯ .verifier-canary/canary.test.ts:5:15
      3| describe("verifier canary", () => {
      4|   it("never passes", () => {
      5|     expect(1).toBe(2);
       |               ^
      6|   });
      7| });

⎯⎯⎯⎯⎯⎯⎯⎯⎯⎯⎯⎯⎯⎯⎯⎯⎯⎯⎯⎯⎯⎯⎯⎯[1/1]⎯


 Test Files  1 failed | 2 passed (3)
      Tests  1 failed | 50 passed (51)
   Start at  04:26:47
   Duration  1.00s (transform 670ms, setup 0ms, collect 1.21s, tests 88ms, environment 1ms, prepare 323ms)

JUNIT report written to /verify-pipes/new.fifo
+ env HOME=/tmp/runner-home setpriv --reuid=nobody --regid=nogroup --clear-groups npx vitest run --config /tmp/arenaflow-shipped.config.ts --reporter=basic --reporter=junit --outputFile.junit=/verify-pipes/base.fifo

 RUN  v3.2.7 /app

 DEPRECATED  'basic' reporter is deprecated and will be removed in Vitest v3.
Remove 'basic' from 'reporters' option. To match 'basic' reporter 100%, use configuration:
{
  "test": {
    "reporters": [
      [
        "default",
        {
          "summary": false
        }
      ]
    ]
  }
}
 ✓ tests/domain/players.test.ts (9 tests) 9ms
 ✓ tests/events/replay.test.ts (3 tests) 10ms
 ✓ tests/domain/tournaments.test.ts (6 tests) 6ms
 ✓ tests/engine/scenarios.test.ts (13 tests) 16ms
 ✓ tests/engine/tournament.test.ts (2 tests) 14ms
 ✓ tests/engine/catalog.test.ts (10 tests) 6ms
 ✓ tests/engine/scoring.test.ts (3 tests) 7ms
 ✓ tests/events/journal.test.ts (3 tests) 6ms
 ✓ tests/domain/matches.test.ts (4 tests) 7ms
 ✓ tests/engine/ranking.test.ts (3 tests) 6ms
 ✓ tests/engine/anti-cheat.test.ts (3 tests) 4ms
 ✓ tests/examples/recipes.test.ts (12 tests) 15ms
 ✓ tests/engine/matrix.test.ts (25 tests) 7ms
 ✓ tests/integration/api.test.ts (1 test) 11ms
 ✓ tests/integration/replay-seasons.test.ts (2 tests) 8ms
 ✓ tests/core/shared.test.ts (4 tests) 7ms
 ✓ tests/persistence/memory.test.ts (2 tests) 6ms
 ✓ tests/domain/scores.test.ts (4 tests) 5ms
 ✓ tests/domain/rewards.test.ts (2 tests) 5ms
 ✓ tests/engine/rules.test.ts (2 tests) 6ms
 ✓ tests/engine/rewards.test.ts (1 test) 4ms
 ✓ tests/domain/rankings.test.ts (2 tests) 6ms
 ✓ tests/sdk/client.test.ts (1 test) 10ms
 ✓ tests/engine/matchmaking.test.ts (2 tests) 5ms
 ✓ tests/domain/seasons.test.ts (2 tests) 4ms
 ✓ tests/engine/seasons.test.ts (1 test) 4ms
 ✓ tests/persistence/sqlite.test.ts (1 test) 11ms
 ✓ tests/cli/cli.test.ts (2 tests) 6ms
 ✓ tests/examples/walkthrough.test.ts (1 test) 9ms


 Test Files  29 passed (29)
      Tests  126 passed (126)
   Start at  04:26:49
   Duration  3.48s (transform 1.16s, setup 0ms, collect 3.15s, tests 220ms, environment 6ms, prepare 2.24s)

JUNIT report written to /verify-pipes/base.fifo
