
 RUN  v2.1.8 /app

 ✓ tests/rig/redundancy.test.ts (32 tests) 67ms
 ✓ tests/cli/commands.test.ts (28 tests) 147ms
 ✓ tests/coverage.test.ts (38 tests) 147ms
 ✓ tests/script/parser.test.ts (38 tests) 49ms
 ✓ tests/compile.test.ts (30 tests) 99ms
 ✓ tests/safety/noise.test.ts (28 tests) 23ms
 ✓ tests/safety/rules.test.ts (22 tests) 63ms
 ✓ tests/safety/crowd.test.ts (32 tests) 79ms
 ✓ tests/rig/wiring.test.ts (24 tests) 77ms
 ✓ tests/rig/continuity.test.ts (25 tests) 36ms
 ✓ tests/timeline/diff.test.ts (18 tests) 39ms
 ✓ tests/timeline/load.test.ts (19 tests) 41ms
 ✓ tests/script/expand.test.ts (24 tests) 54ms
 ✓ tests/cli/permitContinuity.test.ts (22 tests) 124ms
 ✓ tests/endToEnd.test.ts (31 tests) 546ms
 ✓ tests/robust.test.ts (137 tests) 576ms
 ✓ tests/catalog/substitute.test.ts (23 tests) 36ms
 ✓ tests/timeline/chain.test.ts (18 tests) 129ms
 ✓ tests/rig/layout.test.ts (19 tests) 31ms
 ✓ tests/export/permit.test.ts (22 tests) 37ms
 ✓ tests/cli/sheetInventory.test.ts (19 tests) 61ms
 ✓ tests/cli/planLayout.test.ts (24 tests) 289ms
 ✓ tests/catalog/parse.test.ts (20 tests) 87ms
 ✓ tests/timeline/sync.test.ts (25 tests) 82ms
 ✓ tests/timeline/misfire.test.ts (20 tests) 14ms
 ✓ tests/cli/command.test.ts (25 tests) 81ms
 ✓ tests/timeline/density.test.ts (18 tests) 45ms
 ✓ tests/catalog/palette.test.ts (25 tests) 80ms
 ✓ tests/cli/args.test.ts (30 tests) 50ms
 ✓ tests/rig/allocate.test.ts (16 tests) 55ms
 ✓ tests/timeline/schedule.test.ts (18 tests) 69ms
 ✓ tests/core/timecode.test.ts (32 tests) 76ms
 ✓ tests/timeline/balance.test.ts (22 tests) 148ms
 ✓ tests/timeline/rehearsal.test.ts (18 tests) 76ms
 ✓ tests/core/diagnostic.test.ts (19 tests) 150ms
 ✓ tests/catalog/hazard.test.ts (23 tests) 25ms
 ✓ tests/script/resolve.test.ts (22 tests) 142ms
 ✓ tests/export/json.test.ts (21 tests) 34ms
 ✓ tests/core/text.test.ts (34 tests) 39ms
 ✓ tests/script/renumber.test.ts (22 tests) 50ms
 ✓ tests/script/lint.test.ts (22 tests) 96ms
 ✓ tests/rig/parse.test.ts (26 tests) 21ms
 ✓ tests/core/rng.test.ts (29 tests) 138ms
 ✓ tests/examples.test.ts (17 tests) 506ms
 ✓ tests/catalog/validate.test.ts (23 tests) 21ms
 ✓ tests/rig/rig.test.ts (27 tests) 108ms
 ✓ tests/timeline/quantise.test.ts (17 tests) 34ms
 ✓ tests/export/explain.test.ts (19 tests) 27ms
 ✓ tests/cli/diffHazard.test.ts (16 tests) 141ms
 ✓ tests/catalog/inventory.test.ts (20 tests) 33ms
 ✓ tests/safety/wind.test.ts (26 tests) 30ms
 ✓ tests/version.test.ts (25 tests) 103ms
 ✓ tests/export/pack.test.ts (16 tests) 131ms
 ✓ tests/catalog/effect.test.ts (20 tests) 30ms
 ✓ tests/core/span.test.ts (26 tests) 65ms
 ✓ tests/export/siteplan.test.ts (14 tests) 21ms
 ✓ tests/export/firingTable.test.ts (19 tests) 33ms
 ✓ tests/catalog/registry.test.ts (21 tests) 25ms
 ✓ tests/script/token.test.ts (24 tests) 32ms
 ✓ tests/core/result.test.ts (26 tests) 29ms
 ✓ tests/script/include.test.ts (17 tests) 39ms
 ✓ tests/catalog/envelope.test.ts (21 tests) 31ms
 ✓ tests/cli/lint.test.ts (19 tests) 62ms
 ✓ tests/script/format.test.ts (21 tests) 40ms
 ✓ tests/core/interval.test.ts (29 tests) 33ms
 ✓ tests/sim/preview.test.ts (19 tests) 34ms
 ✓ tests/safety/distance.test.ts (20 tests) 26ms
 ✓ tests/export/sheets.test.ts (20 tests) 23ms
 ✓ tests/catalog/timing.test.ts (22 tests) 17ms
 ✓ tests/script/annotate.test.ts (15 tests) 59ms
 ✓ tests/core/numeric.test.ts (27 tests) 51ms
 ✓ tests/core/ids.test.ts (25 tests) 157ms
 ✓ tests/rig/pin.test.ts (23 tests) 41ms
 ✓ tests/core/codes.test.ts (17 tests) 63ms
 ✓ tests/core/csv.test.ts (28 tests) 33ms
 ✓ tests/rig/circuit.test.ts (24 tests) 35ms
 ✓ tests/script/ast.test.ts (19 tests) 42ms
 ✓ tests/core/graph.test.ts (22 tests) 25ms
 ✓ tests/catalog/calibre.test.ts (19 tests) 47ms
 ✓ tests/rig/module.test.ts (19 tests) 46ms
 ✓ tests/safety/site.test.ts (19 tests) 10ms
 ✓ tests/catalog/magazine.test.ts (14 tests) 25ms
 ✓ tests/cli/distance.test.ts (17 tests) 74ms
 ✓ tests/core/units.test.ts (21 tests) 39ms
 ✓ tests/catalog/lift.test.ts (18 tests) 39ms
 ✓ tests/sim/trajectory.test.ts (20 tests) 2264ms
   ✓ trajectoryFor > agrees with the table across the range 1260ms
 ✓ tests/cli/label.test.ts (13 tests) 105ms
 ✓ tests/cli/preview.test.ts (9 tests) 133ms
 ✓ tests/large.test.ts (11 tests) 994ms
   ✓ it does not go quadratic > grows roughly with the show rather than with its square 345ms
 ✓ tests/core/collect.test.ts (12 tests) 21ms
 ✓ tests/cli/completion.test.ts (14 tests) 45ms
 ✓ tests/surface.test.ts (7 tests) 9ms

 Test Files  92 passed (92)
      Tests  2117 passed (2117)
   Start at  17:43:14
   Duration  34.76s (transform 5.10s, setup 0ms, collect 27.85s, tests 10.34s, environment 56ms, prepare 19.86s)

