
 RUN  v2.1.8 /app

 ✓ tests/coverage.test.ts (38 tests) 41ms
 ✓ tests/rig/redundancy.test.ts (32 tests) 81ms
 ✓ tests/cli/commands.test.ts (28 tests) 94ms
 ✓ tests/script/parser.test.ts (38 tests) 24ms
 ✓ tests/compile.test.ts (30 tests) 35ms
 ✓ tests/safety/noise.test.ts (28 tests) 18ms
 ✓ tests/safety/rules.test.ts (22 tests) 22ms
 ✓ tests/rig/wiring.test.ts (24 tests) 31ms
 ✓ tests/safety/crowd.test.ts (32 tests) 27ms
 ✓ tests/rig/continuity.test.ts (25 tests) 14ms
 ✓ tests/timeline/diff.test.ts (18 tests) 24ms
 ✓ tests/timeline/load.test.ts (19 tests) 45ms
 ✓ tests/script/expand.test.ts (24 tests) 22ms
 ✓ tests/cli/permitContinuity.test.ts (22 tests) 63ms
 ✓ tests/robust.test.ts (137 tests) 356ms
 ✓ tests/endToEnd.test.ts (31 tests) 296ms
 ✓ tests/timeline/chain.test.ts (18 tests) 34ms
 ✓ tests/catalog/substitute.test.ts (23 tests) 14ms
 ✓ tests/rig/layout.test.ts (19 tests) 35ms
 ✓ tests/cli/sheetInventory.test.ts (19 tests) 55ms
 ✓ tests/export/permit.test.ts (22 tests) 17ms
 ✓ tests/timeline/sync.test.ts (25 tests) 25ms
 ✓ tests/cli/planLayout.test.ts (24 tests) 70ms
 ✓ tests/catalog/parse.test.ts (20 tests) 22ms
 ✓ tests/timeline/misfire.test.ts (20 tests) 17ms
 ✓ tests/cli/command.test.ts (25 tests) 16ms
 ✓ tests/timeline/density.test.ts (18 tests) 18ms
 ✓ tests/catalog/palette.test.ts (25 tests) 26ms
 ✓ tests/cli/args.test.ts (30 tests) 19ms
 ✓ tests/rig/allocate.test.ts (16 tests) 17ms
 ✓ tests/core/timecode.test.ts (32 tests) 27ms
 ✓ tests/timeline/schedule.test.ts (18 tests) 13ms
 ✓ tests/timeline/balance.test.ts (22 tests) 36ms
 ✓ tests/core/diagnostic.test.ts (19 tests) 10ms
 ✓ tests/timeline/rehearsal.test.ts (18 tests) 18ms
 ✓ tests/script/resolve.test.ts (22 tests) 22ms
 ✓ tests/catalog/hazard.test.ts (23 tests) 26ms
 ✓ tests/export/json.test.ts (21 tests) 33ms
 ✓ tests/script/renumber.test.ts (22 tests) 19ms
 ✓ tests/core/text.test.ts (34 tests) 14ms
 ✓ tests/script/lint.test.ts (22 tests) 73ms
 ✓ tests/rig/parse.test.ts (26 tests) 30ms
 ✓ tests/core/rng.test.ts (29 tests) 273ms
 ✓ tests/catalog/validate.test.ts (23 tests) 36ms
 ✓ tests/examples.test.ts (17 tests) 195ms
 ✓ tests/rig/rig.test.ts (27 tests) 49ms
 ✓ tests/timeline/quantise.test.ts (17 tests) 54ms
 ✓ tests/export/explain.test.ts (19 tests) 31ms
 ✓ tests/cli/diffHazard.test.ts (16 tests) 120ms
 ✓ tests/catalog/inventory.test.ts (20 tests) 33ms
 ✓ tests/export/pack.test.ts (16 tests) 107ms
 ✓ tests/version.test.ts (25 tests) 74ms
 ✓ tests/safety/wind.test.ts (26 tests) 22ms
 ✓ tests/catalog/effect.test.ts (20 tests) 17ms
 ✓ tests/export/siteplan.test.ts (14 tests) 51ms
 ✓ tests/core/span.test.ts (26 tests) 12ms
 ✓ tests/export/firingTable.test.ts (19 tests) 24ms
 ✓ tests/catalog/registry.test.ts (21 tests) 16ms
 ✓ tests/script/token.test.ts (24 tests) 30ms
 ✓ tests/core/result.test.ts (26 tests) 18ms
 ✓ tests/script/include.test.ts (17 tests) 19ms
 ✓ tests/catalog/envelope.test.ts (21 tests) 7ms
 ✓ tests/core/interval.test.ts (29 tests) 22ms
 ✓ tests/script/format.test.ts (21 tests) 20ms
 ✓ tests/cli/lint.test.ts (19 tests) 24ms
 ✓ tests/sim/preview.test.ts (19 tests) 14ms
 ✓ tests/safety/distance.test.ts (20 tests) 17ms
 ✓ tests/export/sheets.test.ts (20 tests) 16ms
 ✓ tests/catalog/timing.test.ts (22 tests) 9ms
 ✓ tests/script/annotate.test.ts (15 tests) 30ms
 ✓ tests/core/numeric.test.ts (27 tests) 18ms
 ✓ tests/core/ids.test.ts (25 tests) 13ms
 ✓ tests/rig/pin.test.ts (23 tests) 19ms
 ✓ tests/rig/circuit.test.ts (24 tests) 27ms
 ✓ tests/core/codes.test.ts (17 tests) 46ms
 ✓ tests/core/csv.test.ts (28 tests) 21ms
 ✓ tests/script/ast.test.ts (19 tests) 9ms
 ✓ tests/core/graph.test.ts (22 tests) 26ms
 ✓ tests/catalog/calibre.test.ts (19 tests) 32ms
 ✓ tests/rig/module.test.ts (19 tests) 13ms
 ✓ tests/safety/site.test.ts (19 tests) 10ms
 ✓ tests/catalog/magazine.test.ts (14 tests) 10ms
 ✓ tests/cli/distance.test.ts (17 tests) 28ms
 ✓ tests/core/units.test.ts (21 tests) 11ms
 ✓ tests/sim/trajectory.test.ts (20 tests) 958ms
   ✓ trajectoryFor > agrees with the table across the range 385ms
 ✓ tests/catalog/lift.test.ts (18 tests) 14ms
 ✓ tests/cli/label.test.ts (13 tests) 71ms
 ✓ tests/cli/preview.test.ts (9 tests) 34ms
 ✓ tests/large.test.ts (11 tests) 641ms
 ✓ tests/core/collect.test.ts (12 tests) 31ms
 ✓ tests/cli/completion.test.ts (14 tests) 48ms
 ✓ tests/surface.test.ts (7 tests) 6ms

 Test Files  92 passed (92)
      Tests  2117 passed (2117)
   Start at  17:42:53
   Duration  18.85s (transform 2.98s, setup 0ms, collect 16.00s, tests 5.32s, environment 23ms, prepare 10.88s)

