
 RUN  v2.1.8 /app

 ✓ tests/coverage.test.ts (38 tests) 113ms
 ✓ tests/cli/commands.test.ts (28 tests) 154ms
 ✓ tests/rig/redundancy.test.ts (32 tests) 161ms
 ✓ tests/script/parser.test.ts (38 tests) 52ms
 ✓ tests/safety/noise.test.ts (28 tests) 84ms
 ✓ tests/compile.test.ts (30 tests) 147ms
 ✓ tests/safety/rules.test.ts (22 tests) 83ms
 ✓ tests/safety/crowd.test.ts (32 tests) 89ms
 ✓ tests/rig/wiring.test.ts (24 tests) 128ms
 ✓ tests/rig/continuity.test.ts (25 tests) 47ms
 ✓ tests/timeline/load.test.ts (19 tests) 98ms
 ✓ tests/timeline/diff.test.ts (18 tests) 38ms
 ✓ tests/script/expand.test.ts (24 tests) 189ms
 ✓ tests/endToEnd.test.ts (31 tests) 559ms
 ✓ tests/cli/permitContinuity.test.ts (22 tests) 113ms
 ✓ tests/timeline/chain.test.ts (18 tests) 111ms
 ✓ tests/catalog/substitute.test.ts (23 tests) 49ms
 ✓ tests/robust.test.ts (137 tests) 1091ms
   ✓ random scripts > survives a thousand random word salads 405ms
   ✓ random scripts > never produces a schedule with a duplicate pin 303ms
 ✓ tests/rig/layout.test.ts (19 tests) 67ms
 ✓ tests/export/permit.test.ts (22 tests) 60ms
 ✓ tests/cli/sheetInventory.test.ts (19 tests) 168ms
 ✓ tests/cli/planLayout.test.ts (24 tests) 189ms
 ✓ tests/timeline/sync.test.ts (25 tests) 60ms
 ✓ tests/catalog/parse.test.ts (20 tests) 51ms
 ✓ tests/timeline/misfire.test.ts (20 tests) 61ms
 ✓ tests/cli/command.test.ts (25 tests) 78ms
 ✓ tests/timeline/density.test.ts (18 tests) 74ms
 ✓ tests/catalog/palette.test.ts (25 tests) 39ms
 ✓ tests/cli/args.test.ts (30 tests) 40ms
 ✓ tests/rig/allocate.test.ts (16 tests) 65ms
 ✓ tests/core/timecode.test.ts (32 tests) 91ms
 ✓ tests/timeline/schedule.test.ts (18 tests) 64ms
 ✓ tests/timeline/balance.test.ts (22 tests) 43ms
 ✓ tests/timeline/rehearsal.test.ts (18 tests) 25ms
 ✓ tests/core/diagnostic.test.ts (19 tests) 31ms
 ✓ tests/script/resolve.test.ts (22 tests) 72ms
 ✓ tests/catalog/hazard.test.ts (23 tests) 60ms
 ✓ tests/export/json.test.ts (21 tests) 32ms
 ✓ tests/script/renumber.test.ts (22 tests) 28ms
 ✓ tests/core/text.test.ts (34 tests) 25ms
 ✓ tests/script/lint.test.ts (22 tests) 40ms
 ✓ tests/rig/parse.test.ts (26 tests) 32ms
 ✓ tests/core/rng.test.ts (29 tests) 141ms
 ✓ tests/catalog/validate.test.ts (23 tests) 32ms
 ✓ tests/rig/rig.test.ts (27 tests) 60ms
 ✓ tests/examples.test.ts (17 tests) 480ms
 ✓ tests/timeline/quantise.test.ts (17 tests) 105ms
 ✓ tests/cli/diffHazard.test.ts (16 tests) 43ms
 ✓ tests/export/explain.test.ts (19 tests) 52ms
 ✓ tests/catalog/inventory.test.ts (20 tests) 53ms
 ✓ tests/export/pack.test.ts (16 tests) 154ms
 ✓ tests/safety/wind.test.ts (26 tests) 41ms
 ✓ tests/version.test.ts (25 tests) 47ms
 ✓ tests/catalog/effect.test.ts (20 tests) 17ms
 ✓ tests/export/siteplan.test.ts (14 tests) 52ms
 ✓ tests/core/span.test.ts (26 tests) 45ms
 ✓ tests/catalog/registry.test.ts (21 tests) 45ms
 ✓ tests/export/firingTable.test.ts (19 tests) 52ms
 ✓ tests/script/token.test.ts (24 tests) 36ms
 ✓ tests/script/include.test.ts (17 tests) 22ms
 ✓ tests/core/result.test.ts (26 tests) 38ms
 ✓ tests/catalog/envelope.test.ts (21 tests) 28ms
 ✓ tests/core/interval.test.ts (29 tests) 79ms
 ✓ tests/script/format.test.ts (21 tests) 47ms
 ✓ tests/cli/lint.test.ts (19 tests) 20ms
 ✓ tests/safety/distance.test.ts (20 tests) 21ms
 ✓ tests/sim/preview.test.ts (19 tests) 50ms
 ✓ tests/export/sheets.test.ts (20 tests) 15ms
 ✓ tests/catalog/timing.test.ts (22 tests) 33ms
 ✓ tests/core/numeric.test.ts (27 tests) 54ms
 ✓ tests/script/annotate.test.ts (15 tests) 38ms
 ✓ tests/core/ids.test.ts (25 tests) 33ms
 ✓ tests/rig/pin.test.ts (23 tests) 30ms
 ✓ tests/core/codes.test.ts (17 tests) 60ms
 ✓ tests/rig/circuit.test.ts (24 tests) 24ms
 ✓ tests/core/csv.test.ts (28 tests) 70ms
 ✓ tests/core/graph.test.ts (22 tests) 42ms
 ✓ tests/script/ast.test.ts (19 tests) 10ms
 ✓ tests/catalog/calibre.test.ts (19 tests) 48ms
 ✓ tests/rig/module.test.ts (19 tests) 37ms
 ✓ tests/safety/site.test.ts (19 tests) 13ms
 ✓ tests/catalog/magazine.test.ts (14 tests) 27ms
 ✓ tests/cli/distance.test.ts (17 tests) 52ms
 ✓ tests/core/units.test.ts (21 tests) 29ms
 ✓ tests/catalog/lift.test.ts (18 tests) 26ms
 ✓ tests/sim/trajectory.test.ts (20 tests) 2666ms
   ✓ trajectoryFor > agrees with the table across the range 1189ms
   ✓ trajectoryFor > gets a bigger shell higher 407ms
 ✓ tests/cli/label.test.ts (13 tests) 73ms
 ❯ tests/large.test.ts (11 tests | 1 failed) 1089ms
   ✓ a very large show > compiles the same show twice to the same table 407ms
   × it does not go quadratic > grows roughly with the show rather than with its square 298ms
     → expected 31.19384448555668 to be less than 25
 ✓ tests/cli/preview.test.ts (9 tests) 129ms
 ✓ tests/core/collect.test.ts (12 tests) 72ms
 ✓ tests/cli/completion.test.ts (14 tests) 60ms
 ✓ tests/surface.test.ts (7 tests) 6ms

⎯⎯⎯⎯⎯⎯⎯ Failed Tests 1 ⎯⎯⎯⎯⎯⎯⎯

 FAIL  tests/large.test.ts > it does not go quadratic > grows roughly with the show rather than with its square
AssertionError: expected 31.19384448555668 to be less than 25
 ❯ tests/large.test.ts:102:27
    100|     // Eight times the shots. Linear would be about eight, quadratic s…
    101|     // four. Twenty five leaves plenty of room for a noisy machine.
    102|     expect(large / small).toBeLessThan(25);
       |                           ^
    103|   });
    104| });

⎯⎯⎯⎯⎯⎯⎯⎯⎯⎯⎯⎯⎯⎯⎯⎯⎯⎯⎯⎯⎯⎯⎯⎯[1/1]⎯

 Test Files  1 failed | 91 passed (92)
      Tests  1 failed | 2116 passed (2117)
   Start at  17:43:53
   Duration  37.03s (transform 5.47s, setup 0ms, collect 30.17s, tests 11.30s, environment 38ms, prepare 21.47s)

