[verifier] model.patch applied (18562 bytes)
[verifier] Resetting files touched by test.patch
[verifier] Applying test.patch
[verifier] harness dir /run/aqh
[verifier] running suites as nobody
PASS __tests__/stats.test.ts
PASS __tests__/api-key.test.ts
PASS __tests__/file-utils.test.ts
PASS __tests__/share-utils.test.ts
PASS __tests__/image-processor.test.ts
PASS __tests__/workspace-rbac.test.ts
PASS __tests__/webhook.test.ts
PASS __tests__/version-trash.test.ts
PASS __tests__/share-manager.test.ts

Test Suites: 9 passed, 9 total
Tests:       95 passed, 95 total
Snapshots:   0 total
Time:        5.912 s
Ran all test suites within paths "/app/__tests__/api-key.test.ts", "/app/__tests__/file-utils.test.ts", "/app/__tests__/image-processor.test.ts", "/app/__tests__/share-manager.test.ts", "/app/__tests__/share-utils.test.ts", "/app/__tests__/stats.test.ts", "/app/__tests__/version-trash.test.ts", "/app/__tests__/webhook.test.ts", "/app/__tests__/workspace-rbac.test.ts".
[publish] p2p_node_ids -> 95 declared, 95 passed, 0 failed (honest=True)
PASS __tests__/metering-fold.test.ts
PASS __tests__/plan-balances.test.ts

Test Suites: 2 passed, 2 total
Tests:       95 passed, 95 total
Snapshots:   0 total
Time:        3.894 s
Ran all test suites within paths "/app/__tests__/metering-fold.test.ts", "/app/__tests__/plan-balances.test.ts".
[publish] f2p_node_ids -> 95 declared, 95 passed, 0 failed (honest=True)
===== raw suite output: run.log =====
+ jest selection base: /app/__tests__/api-key.test.ts /app/__tests__/file-utils.test.ts /app/__tests__/image-processor.test.ts /app/__tests__/share-manager.test.ts /app/__tests__/share-utils.test.ts /app/__tests__/stats.test.ts /app/__tests__/version-trash.test.ts /app/__tests__/webhook.test.ts /app/__tests__/workspace-rbac.test.ts
PASS __tests__/stats.test.ts
PASS __tests__/api-key.test.ts
PASS __tests__/file-utils.test.ts
PASS __tests__/share-utils.test.ts
PASS __tests__/image-processor.test.ts
PASS __tests__/workspace-rbac.test.ts
PASS __tests__/webhook.test.ts
PASS __tests__/version-trash.test.ts
PASS __tests__/share-manager.test.ts

Test Suites: 9 passed, 9 total
Tests:       95 passed, 95 total
Snapshots:   0 total
Time:        5.912 s
Ran all test suites within paths "/app/__tests__/api-key.test.ts", "/app/__tests__/file-utils.test.ts", "/app/__tests__/image-processor.test.ts", "/app/__tests__/share-manager.test.ts", "/app/__tests__/share-utils.test.ts", "/app/__tests__/stats.test.ts", "/app/__tests__/version-trash.test.ts", "/app/__tests__/webhook.test.ts", "/app/__tests__/workspace-rbac.test.ts".
[publish] p2p_node_ids -> 95 declared, 95 passed, 0 failed (honest=True)
+ jest selection new: /app/__tests__/metering-fold.test.ts /app/__tests__/plan-balances.test.ts
PASS __tests__/metering-fold.test.ts
PASS __tests__/plan-balances.test.ts

Test Suites: 2 passed, 2 total
Tests:       95 passed, 95 total
Snapshots:   0 total
Time:        3.894 s
Ran all test suites within paths "/app/__tests__/metering-fold.test.ts", "/app/__tests__/plan-balances.test.ts".
[publish] f2p_node_ids -> 95 declared, 95 passed, 0 failed (honest=True)
===== grade =====
P2P 95/95 pass 0 fail; F2P 95/95 pass 0 fail; PARTIAL 1.0; BINARY 1
[verifier] reward.json={"reward": 1, "f2p_total": 95, "f2p_passed": 95, "p2p_total": 95, "p2p_passed": 95, "f2p": 1.0, "p2p": 1.0, "partial": 1.0}
