watching 5OCmMF1ftXp1uLmy9309 every 120s (Ctrl-C to stop)
15:57:54 status=Validating
    ciChecks           passed
    aiCheck            passed
    similarity         running
    oracleNop          -
    qualityCheck       -
    easinessProbe      -
    difficultyProbe    -
    failureValidation  -
15:59:55 status=Validating
    ciChecks           passed
    aiCheck            passed
    similarity         passed
    oracleNop          running
    qualityCheck       -
    easinessProbe      -
    difficultyProbe    -
    failureValidation  -
16:03:57 status=Validating
    ciChecks           passed
    aiCheck            passed
    similarity         passed
    oracleNop          passed
    qualityCheck       running
    easinessProbe      -
    difficultyProbe    -
    failureValidation  -
16:07:58 status=Validating
    ciChecks           passed
    aiCheck            passed
    similarity         passed
    oracleNop          passed
    qualityCheck       passed / pass
    easinessProbe      running
    difficultyProbe    -
    failureValidation  -
16:09:59 status=Validating
    ciChecks           passed
    aiCheck            passed
    similarity         passed
    oracleNop          passed
    qualityCheck       passed / pass
    easinessProbe      passed / pass
    difficultyProbe    -
    failureValidation  -
16:12:00 status=Validating
    ciChecks           passed
    aiCheck            passed
    similarity         passed
    oracleNop          passed
    qualityCheck       passed / pass
    easinessProbe      passed / pass
    difficultyProbe    running
    failureValidation  -
16:18:02 status=Validation Failed
    ciChecks           passed
    aiCheck            passed
    similarity         passed
    oracleNop          passed
    qualityCheck       passed / pass
    easinessProbe      passed / pass
    difficultyProbe    failed / out_of_band_hard
    failureValidation  -
== TERMINAL: Validation Failed ==
   * failedStage=difficulty_probe: The task was solved in 0 of 8 automated attempts, too rarely to verify it sits inside the accepted difficulty range. This usually means the instruction under-specifies the required behavior or the change is too large for one task. Tighten the instruction or reduce the scope and resubmit.
   * difficultyProbe: out_of_band_hard (0 of 8 solved)
