watching 5OCmMF1ftXp1uLmy9309 every 120s (Ctrl-C to stop)
16:32:15 status=Validating
    ciChecks           passed
    aiCheck            passed
    similarity         passed
    oracleNop          running
    qualityCheck       -
    easinessProbe      -
    difficultyProbe    -
    failureValidation  -
16:38:19 status=Validating
    ciChecks           passed
    aiCheck            passed
    similarity         passed
    oracleNop          passed
    qualityCheck       running
    easinessProbe      -
    difficultyProbe    -
    failureValidation  -
16:42:21 status=Validating
    ciChecks           passed
    aiCheck            passed
    similarity         passed
    oracleNop          passed
    qualityCheck       passed / pass
    easinessProbe      running
    difficultyProbe    -
    failureValidation  -
17:10:33 status=Validating
    ciChecks           passed
    aiCheck            passed
    similarity         passed
    oracleNop          passed
    qualityCheck       passed / pass
    easinessProbe      passed / pass
    difficultyProbe    running
    failureValidation  -
17:46:49 status=Validation Failed
    ciChecks           passed
    aiCheck            passed
    similarity         passed
    oracleNop          passed
    qualityCheck       passed / pass
    easinessProbe      passed / pass
    difficultyProbe    failed / out_of_band_hard
    failureValidation  -
== TERMINAL: Validation Failed ==
   * failedStage=difficulty_probe: The task was solved in 0 of 8 automated attempts, too rarely to verify it sits inside the accepted difficulty range. This usually means the instruction under-specifies the required behavior or the change is too large for one task. Tighten the instruction or reduce the scope and resubmit.
   * ciChecks finding [warning] instruction.md is 261 words — aim under 250. Long specs tend to enumerate internals the solver should discover; state the required behavior and stop. (instruction.md)
   * difficultyProbe: out_of_band_hard (0 of 8 solved)
