watching 5OCmMF1ftXp1uLmy9309 every 120s (Ctrl-C to stop)
15:00:38 status=Validating
    ciChecks           passed
    aiCheck            passed
    similarity         passed
    oracleNop          passed
    qualityCheck       running
    easinessProbe      -
    difficultyProbe    -
    failureValidation  -
15:06:41 status=Validation Failed
    ciChecks           passed
    aiCheck            passed
    similarity         passed
    oracleNop          passed
    qualityCheck       failed / fail
    easinessProbe      -
    difficultyProbe    -
    failureValidation  -
== TERMINAL: Validation Failed ==
   * failedStage=quality_check: Task quality checks failed: behavior in tests.
   * qualityCheck:behavior_in_tests [fail] The tests thoroughly cover stock drawing through compile and cover check, sheet, and table, but the instruction promises --magazine and --pull on all show commands. The f2p suite does not exercise the other show commands and also does not test the promised lot column when a supplied magazine produces no drawn lot, so incomplete CLI/output implementations can receive reward 1.
   * qualityCheck: fail
