   Compiling tanager v0.6.0 (/tmp/tmp.DtsXOXVha1/app)
error: could not compile `tanager` (test "set_assignments") due to 3 previous errors
warning: build failed, waiting for other jobs to finish...
   Compiling tanager v0.6.0 (/tmp/tmp.DtsXOXVha1/app)
error: could not compile `tanager` (test "row_deletion") due to 3 previous errors
   Compiling tanager v0.6.0 (/tmp/tmp.DtsXOXVha1/app)
    Finished `test` profile [unoptimized + debuginfo] target(s) in 1.23s
   Compiling tanager v0.6.0 (/tmp/tmp.DtsXOXVha1/app)
    Finished `test` profile [unoptimized + debuginfo] target(s) in 0.95s
   Compiling tanager v0.6.0 (/tmp/tmp.DtsXOXVha1/app)
    Finished `test` profile [unoptimized + debuginfo] target(s) in 1.03s
   Compiling tanager v0.6.0 (/tmp/tmp.DtsXOXVha1/app)
    Finished `test` profile [unoptimized + debuginfo] target(s) in 1.40s
   Compiling tanager v0.6.0 (/tmp/tmp.DtsXOXVha1/app)
    Finished `test` profile [unoptimized + debuginfo] target(s) in 1.64s
===== cargo: base 948b71ec910f27a10268e959.log =====
ok aggregate_expression_in_projection
ok avg_is_float
ok bare_aggregate_over_empty_input_yields_one_row
ok count_column_ignores_nulls
ok count_distinct
ok count_star_counts_rows
ok group_by_with_multiple_aggregates
ok group_concat_distinct
ok group_concat_joins_in_first_seen_order
ok group_concat_joins_values_in_order
ok grouped_aggregate_over_empty_input_is_empty
ok having_can_reference_aggregate_not_in_projection
ok having_filters_groups
ok min_and_max
ok population_variance_and_stddev
ok stddev_of_empty_is_null
ok sum_of_integers_is_integer
===== cargo: base f66f94935c8116fe5037a9f6.log =====
ok a_projection_may_repeat_a_column
ok arithmetic_precedence_is_respected
ok case_expression
ok comparison_and_between
ok computed_column_with_alias
ok constant_select_without_from
ok distinct_removes_duplicates
ok in_list_filter
ok integer_and_float_arithmetic_typing
ok like_filter
ok modulo_operator
ok projects_named_columns
ok where_with_boolean_connectives
ok wildcard_projects_all_columns_in_order
===== cargo: base 98c1cfbb59fd72774f666bc6.log =====
ok a_null_operand_makes_arithmetic_null
ok aggregates_skip_nulls
ok between_with_null_bound
ok case_with_no_match_and_no_else_is_null
ok comparison_with_null_is_unknown_and_filters_out
ok distinct_treats_nulls_as_equal
ok in_list_with_null_is_unknown
ok is_null_and_is_not_null
ok not_in_with_null_is_unknown
ok not_null_is_null
ok null_never_matches_case_operand
ok null_propagates_through_arithmetic
ok three_valued_and_or
===== cargo: base e6544f4629eb2b4688b0ddfc.log =====
ok a_rejected_row_leaves_the_table_empty
ok create_insert_select_roundtrip
ok create_table_rejects_duplicate_columns
ok drop_table_removes_it
ok duplicate_table_errors_unless_if_not_exists
ok insert_is_atomic_on_failure
ok insert_widens_integer_into_float_column
ok insert_with_explicit_columns_fills_missing_with_null
ok not_null_violation_is_rejected
ok script_runs_multiple_statements
ok wrong_arity_insert_is_rejected
===== cargo: base c312c1bd969841289b8599c3.log =====
ok limit_and_offset
ok limit_zero_returns_nothing
ok nulls_first_by_default_descending
ok nulls_first_override
ok nulls_sort_last_by_default_ascending
ok offset_past_end_returns_nothing
ok offset_past_the_end_yields_nothing
ok order_ascending_by_default
ok order_by_multiple_keys
ok order_by_non_projected_column
ok order_by_position
ok order_descending
ok order_is_stable_for_equal_keys
