frame: unchanged outside the markers
instruction: 285 words, trailer exact, no tells, no placeholders
== rows ==
  oracle                               f2p 53   p2p 68   reward 1    ok
  base                                 f2p 0    p2p 68   reward 0    ok
  empty                                f2p 0    p2p 68   reward 0    ok
  counts_matched_rows_not_changed_ones f2p 49   p2p 68   reward 0    ok
  assignments_see_each_other           f2p 51   p2p 68   reward 0    ok
  an_unknown_predicate_matches         f2p 48   p2p 68   reward 0    ok
  writes_rows_without_checking_them    f2p 45   p2p 68   reward 0    ok
  delete_removes_nothing               f2p 41   p2p 68   reward 0    ok
  any_value_fits_any_column            f2p 53   p2p 68   reward 1    EXPECTED f2p <53 p2p 68
FAIL: any_value_fits_any_column
  a_column_may_be_assigned_twice       f2p 52   p2p 68   reward 0    ok
  a_where_need_not_be_boolean          f2p 51   p2p 68   reward 0    ok
  the_alias_is_ignored                 f2p 52   p2p 68   reward 0    ok
  delete_ignores_its_predicate         f2p 39   p2p 68   reward 0    ok
  survivors_come_back_reversed         f2p 41   p2p 68   reward 0    ok
  updated_rows_move_to_the_end         f2p 49   p2p 68   reward 0    ok
  build_script                         f2p 0    p2p 0    reward 0    ok
      [verifier] INTEGRITY: /app/build.rs is present and is not part of this repository
  cargo_runner                         f2p 0    p2p 0    reward 0    ok
      [verifier] INTEGRITY: /app/.cargo/config.toml redirects the compiler or the test runner
  harness_false_manifest               f2p 0    p2p 0    reward 0    ok
      [verifier] INTEGRITY: /app/Cargo.toml declares a target named set_assignments
      [verifier] INTEGRITY: /app/Cargo.toml declares a test target with harness = false
  claims_a_graded_target_name          f2p 0    p2p 0    reward 0    ok
      [verifier] INTEGRITY: /app/Cargo.toml declares a target named aggregation
  profile_added_to_the_manifest        f2p 53   p2p 68   reward 1    ok
  rewrites_an_inherited_suite          f2p 53   p2p 68   reward 1    ok
  harmless_cargo_config                f2p ?    p2p ?    reward ?    EXPECTED f2p 53 p2p 68
FAIL: harmless_cargo_config
  adds_its_own_tests                   f2p ?    p2p ?    reward ?    EXPECTED f2p 53 p2p 68
FAIL: adds_its_own_tests

3 row(s) did not
work tree: /root/mindriftwork/AQ_dragan/result/tanager-6223/battery
exit=3
  oracle                               f2p 53   p2p 68   reward 1    ok
  base                                 f2p 0    p2p 68   reward 0    ok
  empty                                f2p 0    p2p 68   reward 0    ok
  counts_matched_rows_not_changed_ones f2p 49   p2p 68   reward 0    ok
  assignments_see_each_other           f2p 51   p2p 68   reward 0    ok
  an_unknown_predicate_matches         f2p 48   p2p 68   reward 0    ok
  writes_rows_without_checking_them    f2p 45   p2p 68   reward 0    ok
  delete_removes_nothing               f2p 41   p2p 68   reward 0    ok
  any_value_fits_any_column            f2p 53   p2p 68   reward 1    EXPECTED f2p <53 p2p 68
FAIL: any_value_fits_any_column
  a_column_may_be_assigned_twice       f2p 52   p2p 68   reward 0    ok
  a_where_need_not_be_boolean          f2p 51   p2p 68   reward 0    ok
  the_alias_is_ignored                 f2p 52   p2p 68   reward 0    ok
  delete_ignores_its_predicate         f2p 39   p2p 68   reward 0    ok
  survivors_come_back_reversed         f2p 41   p2p 68   reward 0    ok
  updated_rows_move_to_the_end         f2p 49   p2p 68   reward 0    ok
  build_script                         f2p 0    p2p 0    reward 0    ok
      [verifier] INTEGRITY: /app/build.rs is present and is not part of this repository
  cargo_runner                         f2p 0    p2p 0    reward 0    ok
      [verifier] INTEGRITY: /app/.cargo/config.toml redirects the compiler or the test runner
  harness_false_manifest               f2p 0    p2p 0    reward 0    ok
      [verifier] INTEGRITY: /app/Cargo.toml declares a target named set_assignments
      [verifier] INTEGRITY: /app/Cargo.toml declares a test target with harness = false
  claims_a_graded_target_name          f2p 0    p2p 0    reward 0    ok
      [verifier] INTEGRITY: /app/Cargo.toml declares a target named aggregation
  profile_added_to_the_manifest        f2p 53   p2p 68   reward 1    ok
  rewrites_an_inherited_suite          f2p 53   p2p 68   reward 1    ok
  harmless_cargo_config                f2p 53   p2p 68   reward 1    ok
  adds_its_own_tests                   f2p 53   p2p 68   reward 1    ok

1 row(s) did not
work tree: /root/mindriftwork/AQ_dragan/result/tanager-6223/battery
