----- 2026-09-06 07:57:18Z
task llbYfP7u7lzO4VDezIqi  [chunk-audit]  status=Validating  repo=2G9D18szl7aNlQIbAKTv submitted=2026-09-06 03:57
  ciChecks           Automated checks         passed
  aiCheck            AI check                 passed
  similarity         Originality              passed
  oracleNop          Reference verification   running
  qualityCheck       Quality review           -
  easinessProbe      Calibration I            -
  difficultyProbe    Calibration II           -
  failureValidation  Run audit                -
  -- floors (patchStats vs your thresholds) --
----- 2026-09-06 08:00:22Z
task llbYfP7u7lzO4VDezIqi  [chunk-audit]  status=Validating  repo=2G9D18szl7aNlQIbAKTv submitted=2026-09-06 03:57
  ciChecks           Automated checks         passed
  aiCheck            AI check                 passed
  similarity         Originality              passed
  oracleNop          Reference verification   passed
  qualityCheck       Quality review           running
  easinessProbe      Calibration I            -
  difficultyProbe    Calibration II           -
  failureValidation  Run audit                -
  -- floors (patchStats vs your thresholds) --
----- 2026-09-06 08:04:56Z
task llbYfP7u7lzO4VDezIqi  [chunk-audit]  status=Validating  repo=2G9D18szl7aNlQIbAKTv submitted=2026-09-06 03:57
  ciChecks           Automated checks         passed
  aiCheck            AI check                 passed
  similarity         Originality              passed
  oracleNop          Reference verification   passed
  qualityCheck       Quality review           passed / pass
  easinessProbe      Calibration I            running
  difficultyProbe    Calibration II           -
  failureValidation  Run audit                -
    easinessProbe: 0 of 5 solved
----- 2026-09-06 09:24:15Z
task llbYfP7u7lzO4VDezIqi  [chunk-audit]  status=Validating  repo=2G9D18szl7aNlQIbAKTv submitted=2026-09-06 03:57
  ciChecks           Automated checks         passed
  aiCheck            AI check                 passed
  similarity         Originality              passed
  oracleNop          Reference verification   passed
  qualityCheck       Quality review           passed / pass
  easinessProbe      Calibration I            passed / pass
  difficultyProbe    Calibration II           running
  failureValidation  Run audit                -
    easinessProbe: 0 of 5 solved  verdict=pass
----- 2026-09-06 09:56:17Z
task llbYfP7u7lzO4VDezIqi  [chunk-audit]  status=Needs Review  repo=2G9D18szl7aNlQIbAKTv submitted=2026-09-06 03:57
  ciChecks           Automated checks         passed
  aiCheck            AI check                 passed
  similarity         Originality              passed
  oracleNop          Reference verification   passed
  qualityCheck       Quality review           passed / pass
  easinessProbe      Calibration I            passed / pass
  difficultyProbe    Calibration II           passed
  failureValidation  Run audit                passed / pass
    easinessProbe: 0 of 5 solved  verdict=pass
----- 2026-09-06 09:56:17Z TERMINAL
    easinessProbe: 0 of 5 solved  verdict=pass
      reward=None  failed      14.3 min  EXC VerifierTimeoutError: Verifier execution timed out after 1800.0 seconds  task__69kmycg
   * ciChecks finding [warning] instruction.md is 299 words — aim under 250. Long specs tend to enumerate internals the solver should discover; state the required behavior and stop. (instruction.md)
