----- 2026-09-06 06:55:54Z
task llbYfP7u7lzO4VDezIqi  [chunk-audit]  status=Validating  repo=2G9D18szl7aNlQIbAKTv submitted=2026-09-06 02:55
  ciChecks           Automated checks         passed
  aiCheck            AI check                 passed
  similarity         Originality              passed
  oracleNop          Reference verification   running
  qualityCheck       Quality review           -
  easinessProbe      Calibration I            -
  difficultyProbe    Calibration II           -
  failureValidation  Run audit                -
  -- floors (patchStats vs your thresholds) --
----- 2026-09-06 06:58:57Z
task llbYfP7u7lzO4VDezIqi  [chunk-audit]  status=Validating  repo=2G9D18szl7aNlQIbAKTv submitted=2026-09-06 02:55
  ciChecks           Automated checks         passed
  aiCheck            AI check                 passed
  similarity         Originality              passed
  oracleNop          Reference verification   passed
  qualityCheck       Quality review           running
  easinessProbe      Calibration I            -
  difficultyProbe    Calibration II           -
  failureValidation  Run audit                -
  -- floors (patchStats vs your thresholds) --
----- 2026-09-06 07:08:06Z
task llbYfP7u7lzO4VDezIqi  [chunk-audit]  status=Validating  repo=2G9D18szl7aNlQIbAKTv submitted=2026-09-06 02:55
  ciChecks           Automated checks         passed
  aiCheck            AI check                 passed
  similarity         Originality              passed
  oracleNop          Reference verification   passed
  qualityCheck       Quality review           passed / pass
  easinessProbe      Calibration I            running
  difficultyProbe    Calibration II           -
  failureValidation  Run audit                -
    easinessProbe: 0 of 5 solved
----- 2026-09-06 07:24:52Z
task llbYfP7u7lzO4VDezIqi  [chunk-audit]  status=Validating  repo=2G9D18szl7aNlQIbAKTv submitted=2026-09-06 02:55
  ciChecks           Automated checks         passed
  aiCheck            AI check                 passed
  similarity         Originality              passed
  oracleNop          Reference verification   passed
  qualityCheck       Quality review           passed / pass
  easinessProbe      Calibration I            passed / pass
  difficultyProbe    Calibration II           -
  failureValidation  Run audit                -
    easinessProbe: 0 of 5 solved  verdict=pass
----- 2026-09-06 07:26:23Z
task llbYfP7u7lzO4VDezIqi  [chunk-audit]  status=Validating  repo=2G9D18szl7aNlQIbAKTv submitted=2026-09-06 02:55
  ciChecks           Automated checks         passed
  aiCheck            AI check                 passed
  similarity         Originality              passed
  oracleNop          Reference verification   passed
  qualityCheck       Quality review           passed / pass
  easinessProbe      Calibration I            passed / pass
  difficultyProbe    Calibration II           running
  failureValidation  Run audit                -
    easinessProbe: 0 of 5 solved  verdict=pass
----- 2026-09-06 07:50:49Z
task llbYfP7u7lzO4VDezIqi  [chunk-audit]  status=Validation Failed  repo=2G9D18szl7aNlQIbAKTv submitted=2026-09-06 02:55
  ciChecks           Automated checks         passed
  aiCheck            AI check                 passed
  similarity         Originality              passed
  oracleNop          Reference verification   passed
  qualityCheck       Quality review           passed / pass
  easinessProbe      Calibration I            passed / pass
  difficultyProbe    Calibration II           failed / out_of_band_hard
  failureValidation  Run audit                -
    easinessProbe: 0 of 5 solved  verdict=pass
----- 2026-09-06 07:50:49Z TERMINAL
  difficultyProbe    Calibration II           failed / out_of_band_hard
    easinessProbe: 0 of 5 solved  verdict=pass
    difficultyProbe: 0 of 8 solved  verdict=out_of_band_hard
   * failedStage=difficulty_probe: The task was solved in 0 of 8 automated attempts, too rarely to verify it sits inside the accepted difficulty range. This usually means the instruction under-specifies the required behavior or the change is too large for one task. Tighten the instruction or reduce the scope and resubmit.
   * ciChecks finding [warning] instruction.md is 299 words — aim under 250. Long specs tend to enumerate internals the solver should discover; state the required behavior and stop. (instruction.md)
   * difficultyProbe: out_of_band_hard (0 of 8 solved)
