   Compiling tanager v0.6.0 (/tmp/tmp.EfgmbrDD3F/app)
    Finished `test` profile [unoptimized + debuginfo] target(s) in 9.03s
   Compiling tanager v0.6.0 (/tmp/tmp.EfgmbrDD3F/app)
    Finished `test` profile [unoptimized + debuginfo] target(s) in 0.44s
   Compiling tanager v0.6.0 (/tmp/tmp.EfgmbrDD3F/app)
    Finished `test` profile [unoptimized + debuginfo] target(s) in 0.84s
   Compiling tanager v0.6.0 (/tmp/tmp.EfgmbrDD3F/app)
    Finished `test` profile [unoptimized + debuginfo] target(s) in 0.57s
   Compiling tanager v0.6.0 (/tmp/tmp.EfgmbrDD3F/app)
    Finished `test` profile [unoptimized + debuginfo] target(s) in 0.26s
   Compiling tanager v0.6.0 (/tmp/tmp.EfgmbrDD3F/app)
    Finished `test` profile [unoptimized + debuginfo] target(s) in 0.44s
   Compiling tanager v0.6.0 (/tmp/tmp.EfgmbrDD3F/app)
    Finished `test` profile [unoptimized + debuginfo] target(s) in 0.69s
===== cargo: new 7884a28d98444c530dfbcc43.log =====
ok a_computed_null_is_caught_the_same_way
ok a_false_predicate_changes_nothing
ok a_mixed_statement_counts_only_the_rows_that_moved
ok a_narrowing_value_is_a_type_error
ok a_null_into_a_not_null_column_rejects_the_statement
ok a_null_predicate_column_keeps_its_row_out_of_every_form
ok a_null_written_over_a_null_is_not_a_change
ok a_row_that_comes_out_identical_is_not_counted
ok a_statement_that_fails_reports_nothing_at_all
ok a_value_that_cannot_be_computed_leaves_the_table_alone
ok a_where_that_is_not_boolean_is_a_binder_error
ok a_widened_value_that_differs_does_count
ok an_aggregate_has_no_place_in_an_update
ok an_alias_qualifies_the_columns
ok an_assignment_may_read_several_columns
ok an_integer_widens_into_a_float_column
ok an_unknown_column_is_a_binder_error
ok an_unknown_table_is_a_catalog_error
ok an_update_runs_inside_a_script
ok an_update_touches_only_its_own_table
ok assigning_one_column_twice_is_rejected
ok assignments_read_the_row_as_it_was
ok changed_rows_stay_where_they_were
ok one_assignment_cannot_see_another
ok one_bad_row_holds_back_the_good_ones
ok only_rows_where_the_predicate_is_true
ok reports_the_rows_it_changed
ok several_matched_rows_change_together
ok text_cannot_be_stored_in_an_integer_column
ok the_not_null_column_can_be_written_too
failed verifies_2de0edda333a0
ok verifies_c0d8d7870fef1
ok verifies_dbd90d05bc2e2
ok without_a_where_it_takes_every_row
===== cargo: new 155befb7c5e8ffc177cf2f2f.log =====
failed a_compound_predicate_selects_the_rows
ok a_delete_leaves_other_tables_alone
ok a_delete_runs_inside_a_script
failed a_negated_predicate_still_needs_to_be_true
failed a_predicate_may_compare_two_columns
failed a_predicate_that_matches_nothing_reports_zero
ok a_where_that_is_not_boolean_is_a_binder_error
ok aggregates_over_the_table_follow_the_removal
ok an_aggregate_has_no_place_in_a_delete
failed an_alias_qualifies_the_predicate_columns
ok an_unknown_column_is_a_binder_error
failed an_unknown_predicate_can_be_asked_for_directly
ok an_unknown_table_is_a_catalog_error
failed deletes_can_follow_one_another
ok deleting_from_an_empty_table_reports_zero
failed every_column_shrinks_together
failed only_rows_where_the_predicate_is_true
failed reports_the_rows_it_removed
failed rows_added_after_a_delete_sit_behind_the_survivors
failed survivors_keep_their_stored_order
ok the_table_is_named_after_from
ok verifies_25fa62b986b40
failed verifies_a2a4c54572ed1
failed verifies_e12bdd3fec992
ok without_a_where_it_empties_the_table
===== cargo: base df1f5385bac0e2093651f90b.log =====
ok aggregate_expression_in_projection
ok avg_is_float
ok bare_aggregate_over_empty_input_yields_one_row
ok count_column_ignores_nulls
ok count_distinct
ok count_star_counts_rows
ok group_by_with_multiple_aggregates
ok group_concat_distinct
ok group_concat_joins_in_first_seen_order
ok group_concat_joins_values_in_order
ok grouped_aggregate_over_empty_input_is_empty
ok having_can_reference_aggregate_not_in_projection
ok having_filters_groups
ok min_and_max
ok population_variance_and_stddev
ok stddev_of_empty_is_null
ok sum_of_integers_is_integer
===== cargo: base 09695b5a0d738d09936dce63.log =====
ok a_projection_may_repeat_a_column
ok arithmetic_precedence_is_respected
ok case_expression
ok comparison_and_between
ok computed_column_with_alias
ok constant_select_without_from
ok distinct_removes_duplicates
ok in_list_filter
ok integer_and_float_arithmetic_typing
ok like_filter
ok modulo_operator
ok projects_named_columns
ok where_with_boolean_connectives
ok wildcard_projects_all_columns_in_order
===== cargo: base 77abef587e547d79c1a04481.log =====
ok a_null_operand_makes_arithmetic_null
ok aggregates_skip_nulls
ok between_with_null_bound
ok case_with_no_match_and_no_else_is_null
ok comparison_with_null_is_unknown_and_filters_out
ok distinct_treats_nulls_as_equal
ok in_list_with_null_is_unknown
ok is_null_and_is_not_null
ok not_in_with_null_is_unknown
ok not_null_is_null
ok null_never_matches_case_operand
ok null_propagates_through_arithmetic
ok three_valued_and_or
===== cargo: base 392fad86f0daab03a5d52314.log =====
ok a_rejected_row_leaves_the_table_empty
ok create_insert_select_roundtrip
ok create_table_rejects_duplicate_columns
ok drop_table_removes_it
ok duplicate_table_errors_unless_if_not_exists
ok insert_is_atomic_on_failure
ok insert_widens_integer_into_float_column
ok insert_with_explicit_columns_fills_missing_with_null
ok not_null_violation_is_rejected
ok script_runs_multiple_statements
ok wrong_arity_insert_is_rejected
===== cargo: base 7b37d59732a9903e2db349db.log =====
ok limit_and_offset
ok limit_zero_returns_nothing
ok nulls_first_by_default_descending
ok nulls_first_override
ok nulls_sort_last_by_default_ascending
ok offset_past_end_returns_nothing
ok offset_past_the_end_yields_nothing
ok order_ascending_by_default
ok order_by_multiple_keys
ok order_by_non_projected_column
ok order_by_position
ok order_descending
ok order_is_stable_for_equal_keys
