+ vitest -> /verify/reports/base.xml (92 files)
<anonymous_script>:1
V  passed tests/cli/siteFlags.test.tscheck with a site sheet > passes a show that stays inside the sheet
^

SyntaxError: Unexpected token 'V', "V  passed "... is not valid JSON
    at parse (<anonymous>)
    at parseChannelMessages (node:internal/child_process/serialization:115:15)
    at parseChannelMessages.next (<anonymous>)
    at channel.onread (node:internal/child_process:664:18)

Node.js v24.20.0
[publish] verdict stream refused (valid=True ended=False declared=-1 heard=0); publishing every declared id as failed
[publish] wrote /verify/reports/base.xml: 2116 cases (2116 declared ids added as failed), child rc 1
+ suite exit 0
+ held-back files and run configuration re-checked before their suite: OK
+ vitest -> /verify/reports/new.xml (2 files)
<anonymous_script>:1
V  passed tests/cli/siteFlags.test.tscheck with a site sheet > passes a show that stays inside the sheet
^

SyntaxError: Unexpected token 'V', "V  passed "... is not valid JSON
    at parse (<anonymous>)
    at parseChannelMessages (node:internal/child_process/serialization:115:15)
    at parseChannelMessages.next (<anonymous>)
    at channel.onread (node:internal/child_process:664:18)

Node.js v24.20.0
[publish] verdict stream refused (valid=True ended=False declared=-1 heard=0); publishing every declared id as failed
[publish] wrote /verify/reports/new.xml: 57 cases (57 declared ids added as failed), child rc 1
+ suite exit 0
