inventory-counts-what-fires          1/49 graded cases fail
      inventory --magazine > keeps the shortfall on the order list after a stand-in covers it
lot-column-only-when-drawn           1/49 graded cases fail
      sheet --magazine > keeps the column, every cell empty, for a book holding nothing
lend-in-time-order                  27/49 graded cases fail
      check --magazine > is ready when every shortfall has an exact stand-in
      --pull > takes several lots, comma separated
      sheet --magazine > shows which delivery each cue fires from
      inventory --magazine > keeps the shortfall on the order list after a stand-in covers it
draw-in-script-order                 0/49 graded cases fail
draw-latest-first                   18/49 graded cases fail
      sheet --magazine > shows which delivery each cue fires from
      sheet --magazine > leaves the lot blank on a cue nothing covered
      explain --magazine > names the lot and what the script asked for on a covered cue
      every show command > puts the stand-in in front of whatever reads the compile
one-substitute-per-effect           16/49 graded cases fail
      own cues before stand-ins > covers the earlier of two shots left without when one stand-in is left
      own cues before stand-ins > lends the remainder once every own cue is served
      choosing a stand-in > prefers the same calibre over a band match
      choosing a stand-in > takes the nearest lead among band matches
lot-by-number-only                   1/49 graded cases fail
      which lot a shot draws > saves a row with no received date for last
undated-first                        2/49 graded cases fail
      which lot a shot draws > saves a row with no received date for last
      which lot a shot draws > goes by lot number on a shared date, and among the undated
newest-lot-first                     3/49 graded cases fail
      sheet --magazine > shows which delivery each cue fires from
      which lot a shot draws > empties the oldest delivery before touching the next
      which lot a shot draws > draws a stand-in from its own lots in the same order
pull-ignored                         7/49 graded cases fail
      --pull > leaves nothing to cover the palms once the willow lot is pulled
      --pull > takes several lots, comma separated
      every show command > fails the quiet commands too once a pull leaves a cue bare
      pulling a lot > removes a pulled lot ahead of the draw
pull-mutates-caller                  1/49 graded cases fail
      pulling a lot > leaves the caller's magazine as it was
keep-original-effect-on-cover       20/49 graded cases fail
      sheet --magazine > shows which delivery each cue fires from
      inventory --magazine > keeps the shortfall on the order list after a stand-in covers it
      explain --magazine > names the lot and what the script asked for on a covered cue
      every show command > puts the stand-in in front of whatever reads the compile
near-as-note                         2/49 graded cases fail
      choosing a stand-in > takes the nearest lead among band matches
      what gets reported > warns when only the band matches, once per pair
short-as-warning                     6/49 graded cases fail
      check --magazine > fails the show when a cue has nothing to fire
      --pull > leaves nothing to cover the palms once the willow lot is pulled
      sheet --magazine > keeps the column, every cell empty, for a book holding nothing
      every show command > fails the quiet commands too once a pull leaves a cue bare
one-diagnostic-per-shot              2/49 graded cases fail
      what gets reported > folds an exact cover into one note with its count
      what gets reported > warns when only the band matches, once per pair
drop-uncovered-shot                 12/49 graded cases fail
      sheet --magazine > leaves the lot blank on a cue nothing covered
      sheet --magazine > keeps the column, every cell empty, for a book holding nothing
      drawing stock in firing order > hands the shells to the earliest cues and runs out on the last
      drawing stock in firing order > counts a ripple shot by shot rather than as one cue
lot-column-always                    1/49 graded cases fail
      the cue sheet > has no lot column for a show that was never drawn
no-lot-on-event                     23/49 graded cases fail
      --pull > takes several lots, comma separated
      sheet --magazine > shows which delivery each cue fires from
      sheet --magazine > leaves the lot blank on a cue nothing covered
      explain --magazine > names the lot and what the script asked for on a covered cue
height-dropped-on-cover              1/49 graded cases fail
      timing a covered shot > lowers the stand-in when the script lowered the break
SURVIVORS: draw-in-script-order
