
=== staging the base tree
local base commit: fffcf666a4163368cb02538b18606fd35a59bcbe

=== building the environment image

=== building the verifier image

=== oracle run (reference solution applied)
oracle     reward.json = {"reward": 0, "f2p_total": 48, "f2p_passed": 0, "p2p_total": 2116, "p2p_passed": 0, "f2p": 0.0, "p2p": 0.0, "partial": 0.0, "apply_failed": 1}

=== nop run (base state, nothing applied)
nop        reward.json = {"reward": 0, "f2p_total": 48, "f2p_passed": 0, "p2p_total": 2116, "p2p_passed": 2116, "f2p": 0.0, "p2p": 1.0, "partial": 0.977818853974122}

=== summary
--- oracle
[verifier] ERROR: submitted model.patch failed to apply
--- nop
[verifier] ✗ [f2p] tests/catalog/draw.test.ts.drawing stock in firing order > gives the earliest cues the stock and leaves the last ones without
[verifier] ✗ [f2p] tests/catalog/draw.test.ts.drawing stock in firing order > counts a ripple shot by shot rather than as one cue
[verifier] ✗ [f2p] tests/catalog/draw.test.ts.drawing stock in firing order > breaks a tie on the same instant by the order the script wrote them
[verifier] ✗ [f2p] tests/catalog/draw.test.ts.drawing stock in firing order > draws a cue inside a played group at the time it is played
[verifier] ✗ [f2p] tests/catalog/draw.test.ts.drawing stock in firing order > carries no lot at all when the compile was given no magazine
[verifier] ✗ [f2p] tests/catalog/draw.test.ts.own cues before stand-ins > never lends a shell that a later cue of its own still needs
[verifier] ✗ [f2p] tests/catalog/draw.test.ts.own cues before stand-ins > covers the earlier of two shots left without when one stand-in is left
[verifier] ✗ [f2p] tests/catalog/draw.test.ts.own cues before stand-ins > lends only what is left after every own cue has drawn
[verifier] ✗ [f2p] tests/catalog/draw.test.ts.choosing a stand-in > prefers the same calibre over a band match
[verifier] ✗ [f2p] tests/catalog/draw.test.ts.choosing a stand-in > takes the nearest lead among band matches
[verifier] ✗ [f2p] tests/catalog/draw.test.ts.choosing a stand-in > breaks an equal lead by effect id
[verifier] ✗ [f2p] tests/catalog/draw.test.ts.choosing a stand-in > offers nothing substitutesFor would not, so a lead too far off is short

logs kept under /root/mindriftwork/AQ_dragan/result/portfire/tasks/stock-substitution/work/
VERIFY RC=0
