----- 2026-09-06 01:21:54Z
task V6ZjSgYCTQdKodMKrSjt  [nested-queries]  status=Validating  repo=2Z9OHwYvfPnfAYyrEo0D submitted=2026-09-05 21:21
  ciChecks           Automated checks         passed
  aiCheck            AI check                 passed
  similarity         Originality              passed
  oracleNop          Reference verification   running
  qualityCheck       Quality review           -
  easinessProbe      Calibration I            -
  difficultyProbe    Calibration II           -
  failureValidation  Run audit                -
  -- floors (patchStats vs your thresholds) --
----- 2026-09-06 01:25:57Z
task V6ZjSgYCTQdKodMKrSjt  [nested-queries]  status=Validating  repo=2Z9OHwYvfPnfAYyrEo0D submitted=2026-09-05 21:21
  ciChecks           Automated checks         passed
  aiCheck            AI check                 passed
  similarity         Originality              passed
  oracleNop          Reference verification   passed
  qualityCheck       Quality review           running
  easinessProbe      Calibration I            -
  difficultyProbe    Calibration II           -
  failureValidation  Run audit                -
  -- floors (patchStats vs your thresholds) --
----- 2026-09-06 01:30:00Z
task V6ZjSgYCTQdKodMKrSjt  [nested-queries]  status=Validating  repo=2Z9OHwYvfPnfAYyrEo0D submitted=2026-09-05 21:21
  ciChecks           Automated checks         passed
  aiCheck            AI check                 passed
  similarity         Originality              passed
  oracleNop          Reference verification   passed
  qualityCheck       Quality review           passed / pass
  easinessProbe      Calibration I            running
  difficultyProbe    Calibration II           -
  failureValidation  Run audit                -
    easinessProbe: 0 of 5 solved
----- 2026-09-06 01:52:17Z
task V6ZjSgYCTQdKodMKrSjt  [nested-queries]  status=Validating  repo=2Z9OHwYvfPnfAYyrEo0D submitted=2026-09-05 21:21
  ciChecks           Automated checks         passed
  aiCheck            AI check                 passed
  similarity         Originality              passed
  oracleNop          Reference verification   passed
  qualityCheck       Quality review           passed / pass
  easinessProbe      Calibration I            passed / pass
  difficultyProbe    Calibration II           running
  failureValidation  Run audit                -
    easinessProbe: 0 of 5 solved  verdict=pass
----- 2026-09-06 02:36:48Z
task V6ZjSgYCTQdKodMKrSjt  [nested-queries]  status=Needs Review  repo=2Z9OHwYvfPnfAYyrEo0D submitted=2026-09-05 21:21
  ciChecks           Automated checks         passed
  aiCheck            AI check                 passed
  similarity         Originality              passed
  oracleNop          Reference verification   passed
  qualityCheck       Quality review           passed / pass
  easinessProbe      Calibration I            passed / pass
  difficultyProbe    Calibration II           passed
  failureValidation  Run audit                passed / pass
    easinessProbe: 0 of 5 solved  verdict=pass
----- 2026-09-06 02:36:48Z TERMINAL
    easinessProbe: 0 of 5 solved  verdict=pass
   * ciChecks finding [warning] instruction.md is 299 words — aim under 250. Long specs tend to enumerate internals the solver should discover; state the required behavior and stop. (instruction.md)
