+ new selection: packages/predation-engine/src/rationing.test.ts packages/predation-engine/src/saturation.test.ts
[harness] packages/predation-engine/src/rationing.test.ts contested prey > splits a prey cohort across two predator cohorts in proportion to their asks: expected ["90000000n","10000000n"] to equal ["60000000n","40000000n"]
node:fs:978
  handleErrorFromBinding(ctx);
  ^

Error: EPIPE: broken pipe, write
    at writeSync (node:fs:978:3)
    at say (file:///verify/run.mjs:41:3)
    at file:///verify/run.mjs:73:7 {
  errno: -32,
  syscall: 'write',
  code: 'EPIPE'
}

Node.js v24.20.0
+ base selection: ecosystem-lab/cli/commands.cli.test.ts ecosystem-lab/complete-biomes/crystal-tundra.biome.test.ts ecosystem-lab/invalid-models/invalid.biome.test.ts ecosystem-lab/properties/conservation.test.ts ecosystem-lab/properties/determinism.test.ts ecosystem-lab/properties/locale.test.ts ecosystem-lab/properties/metamorphic.test.ts packages/biome-model/src/compile.test.ts packages/biome-model/src/decode.catalog.test.ts packages/biome-model/src/identifiers.test.ts packages/biome-model/src/species.catalog.test.ts packages/biome-reports/src/render.test.ts packages/biomeweaver-cli/src/commands.catalog.test.ts packages/biomeweaver-cli/src/options.test.ts packages/biomeweaver/src/baseline-guard.test.ts packages/calendar-engine/src/seasons.test.ts packages/capsule-source/src/diagnostics/diagnostic.test.ts packages/capsule-source/src/discovery/discover.test.ts packages/capsule-source/src/gather/fingerprint.test.ts packages/capsule-source/src/gather/gather.test.ts packages/capsule-source/src/json/parse-json.test.ts packages/capsule-source/src/yaml/parse-yaml.test.ts packages/fixed-point/src/arithmetic.test.ts packages/fixed-point/src/catalog.test.ts packages/fixed-point/src/coverage.test.ts packages/fixed-point/src/parse.test.ts packages/fixed-point/src/rounding.test.ts packages/flow-explanations/src/catalog.test.ts packages/flow-explanations/src/flow.test.ts packages/population-engine/src/cohorts.test.ts packages/population-engine/src/stages.test.ts packages/predation-engine/src/consume.test.ts packages/resource-engine/src/allocate.test.ts packages/resource-engine/src/renew.test.ts packages/run-store/src/store.test.ts packages/tick-runtime/src/advance.test.ts
[harness] ecosystem-lab/cli/commands.cli.test.ts biomeweaver CLI > describes the crystal-tundra capsule: EPIPE: broken pipe, write
node:fs:978
  handleErrorFromBinding(ctx);
  ^

Error: EPIPE: broken pipe, write
    at writeSync (node:fs:978:3)
    at say (file:///verify/run.mjs:41:3)
    at file:///verify/run.mjs:73:7 {
  errno: -32,
  syscall: 'write',
  code: 'EPIPE'
}

Node.js v24.20.0
