+ new selection: packages/predation-engine/src/rationing.test.ts packages/predation-engine/src/saturation.test.ts
[harness] packages/predation-engine/src/rationing.test.ts contested prey > splits a prey cohort across two predator cohorts in proportion to their asks: expected ["90000000n","10000000n"] to equal ["60000000n","40000000n"]
[harness] packages/predation-engine/src/rationing.test.ts contested prey > hands a single leftover unit to the first key in order: expected length 2 to be 1
[harness] packages/predation-engine/src/rationing.test.ts contested prey > walks the remaining units round the claims in key order: expected ["10n","1n","0n"] to equal ["4n","4n","3n"]
[harness] packages/predation-engine/src/rationing.test.ts contested prey > never lets a claim take more than it asked for: Cannot read properties of undefined (reading '0')
[harness] packages/predation-engine/src/rationing.test.ts contested prey > settles each region on its own prey: Cannot read properties of undefined (reading 'map')
[harness] packages/predation-engine/src/rationing.test.ts contested prey > leaves a cohort nothing hunts exactly as it was: Cannot read properties of undefined (reading 'map')
[harness] packages/predation-engine/src/rationing.test.ts intake budgets > trims a capped predator and leaves the rest of the prey standing: expected ["80000000n"] to equal ["40000000n"]
[harness] packages/predation-engine/src/rationing.test.ts intake budgets > hands what a capped predator gave up to the cohort still asking: expected 40000000n to be 39999960n
[harness] packages/predation-engine/src/rationing.test.ts intake budgets > spends a binding budget where the offers are, not evenly: expected 60000000n to be 30000000n
[harness] packages/predation-engine/src/rationing.test.ts intake budgets > takes nothing at all for a cohort capped at zero: expected length 2 to be 1
[harness] packages/predation-engine/src/rationing.test.ts intake budgets > leaves a species without the field held only by its prey: expected 0n to be 40000000n
[harness] packages/predation-engine/src/rationing.test.ts what a settlement reports > orders removals on the settlement key: expected ["arctic-fox/snow-hare","glass-lynx/snow-hare","glass-lynx/dune-beetle"] to equal ["arctic-fox/snow-hare","glass-lynx/dune-beetle","glass-lynx/snow-hare"]
[harness] packages/predation-engine/src/rationing.test.ts what a settlement reports > leaves a claim that took nothing out of the removals: expected [{"predator":"glass-lynx","prey":"snow-hare","stage":"adult","region":"northern-basin","quantity":"40000000n","rule":"glass-lynx.predation.snow-hare"}] to equal []
[harness] packages/predation-engine/src/rationing.test.ts what a settlement reports > reports what a prey cohort was asked for and what it lost: expected undefined to equal [{"prey":"snow-hare","stage":"adult","region":"northern-basin","asked":"150000000n","taken":"100000000n"}]
[harness] packages/predation-engine/src/rationing.test.ts what a settlement reports > reports a cohort that was asked for more than it holds even when it is empty: expected undefined to equal [{"prey":"snow-hare","stage":"adult","region":"northern-basin","asked":"25000000n","taken":"0n"}]
[harness] packages/predation-engine/src/rationing.test.ts what a settlement reports > orders the rows by prey cohort: Cannot read properties of undefined (reading 'map')
[harness] packages/predation-engine/src/rationing.test.ts what a settlement reports > keeps the two stages of one prey species apart: Cannot read properties of undefined (reading 'map')
[harness] packages/predation-engine/src/rationing.test.ts going hungry > blends a short predator's condition toward the share it got: expected 1000000n to be 850000n
[harness] packages/predation-engine/src/rationing.test.ts going hungry > blends from the condition the cohort arrived with: expected 500000n to be 475000n
[harness] packages/predation-engine/src/rationing.test.ts going hungry > leaves a predator that got everything it asked for alone: Cannot read properties of undefined (reading '0')
[harness] packages/predation-engine/src/rationing.test.ts going hungry > counts a predator's whole hunt, not one prey at a time: expected 1000000n to be 925000n
[harness] packages/predation-engine/src/rationing.test.ts going hungry > lowers a capped predator that stopped short of its ask: expected 1000000n to be 850000n
[harness] packages/predation-engine/src/saturation.test.ts saturated asks > asks for less than the flat rate where prey are thin: Cannot read properties of undefined (reading 'find')
[harness] packages/predation-engine/src/saturation.test.ts saturated asks > asks for the flat rate where prey are plentiful against the same rule: Cannot read properties of undefined (reading 'find')
[harness] packages/predation-engine/src/saturation.test.ts saturated asks > settles a tie on the even side: Cannot read properties of undefined (reading 'find')
[harness] packages/predation-engine/src/saturation.test.ts saturated asks > settles the other tie away from the odd quotient: Cannot read properties of undefined (reading 'find')
[harness] packages/predation-engine/src/saturation.test.ts saturated asks > rounds the whole product once, not the flat rate and then the share: Cannot read properties of undefined (reading 'find')
[harness] packages/predation-engine/src/saturation.test.ts saturated asks > reads the prey standing when the phase began, not what is left mid-settlement: expected ["arctic-fox:40000000","glass-lynx:60000000"] to equal ["arctic-fox:20000000","glass-lynx:30000000"]
[harness] packages/predation-engine/src/saturation.test.ts saturated asks > hunts at the flat rate where a rule saturates at nothing: Cannot read properties of undefined (reading 'find')
[harness] packages/predation-engine/src/saturation.test.ts saturated asks > keeps a rule without the field on the plain product: Cannot read properties of undefined (reading 'find')
[harness] packages/predation-engine/src/saturation.test.ts authored limits > turns a negative cap into an error: expected length 0 to be 1
[harness] packages/predation-engine/src/saturation.test.ts authored limits > turns a negative saturation into an error: expected length 0 to be 1
[harness] packages/predation-engine/src/saturation.test.ts authored limits > reads an authored cap out of a capsule: expected 6400000n to be 4000000n
[harness] packages/predation-engine/src/saturation.test.ts authored limits > reads an authored saturation out of a capsule: Cannot read properties of undefined (reading '0')
[harness] packages/predation-engine/src/saturation.test.ts authored limits > says something about a cap on a species that hunts nothing: expected length 0 to be 1
[harness] packages/predation-engine/src/saturation.test.ts authored limits > leaves a hunting species that names a cap uncomplained about: Cannot read properties of undefined (reading '0')
+ base selection: ecosystem-lab/cli/commands.cli.test.ts ecosystem-lab/complete-biomes/crystal-tundra.biome.test.ts ecosystem-lab/invalid-models/invalid.biome.test.ts ecosystem-lab/properties/conservation.test.ts ecosystem-lab/properties/determinism.test.ts ecosystem-lab/properties/locale.test.ts ecosystem-lab/properties/metamorphic.test.ts packages/biome-model/src/compile.test.ts packages/biome-model/src/decode.catalog.test.ts packages/biome-model/src/identifiers.test.ts packages/biome-model/src/species.catalog.test.ts packages/biome-reports/src/render.test.ts packages/biomeweaver-cli/src/commands.catalog.test.ts packages/biomeweaver-cli/src/options.test.ts packages/biomeweaver/src/baseline-guard.test.ts packages/calendar-engine/src/seasons.test.ts packages/capsule-source/src/diagnostics/diagnostic.test.ts packages/capsule-source/src/discovery/discover.test.ts packages/capsule-source/src/gather/fingerprint.test.ts packages/capsule-source/src/gather/gather.test.ts packages/capsule-source/src/json/parse-json.test.ts packages/capsule-source/src/yaml/parse-yaml.test.ts packages/fixed-point/src/arithmetic.test.ts packages/fixed-point/src/catalog.test.ts packages/fixed-point/src/coverage.test.ts packages/fixed-point/src/parse.test.ts packages/fixed-point/src/rounding.test.ts packages/flow-explanations/src/catalog.test.ts packages/flow-explanations/src/flow.test.ts packages/population-engine/src/cohorts.test.ts packages/population-engine/src/stages.test.ts packages/predation-engine/src/consume.test.ts packages/resource-engine/src/allocate.test.ts packages/resource-engine/src/renew.test.ts packages/run-store/src/store.test.ts packages/tick-runtime/src/advance.test.ts
